Archive member included to satisfy reference by file (symbol)

c:/toolchains/vsarm/armcc/bin/../lib/gcc/arm-none-eabi/8.3.1/../../../../arm-none-eabi/lib/thumb/v7-m/nofp\libc_nano.a(lib_a-exit.o)
                              c:/toolchains/vsarm/armcc/bin/../lib/gcc/arm-none-eabi/8.3.1/../../../../arm-none-eabi/lib/thumb/v7-m/nofp/crt0.o (exit)
c:/toolchains/vsarm/armcc/bin/../lib/gcc/arm-none-eabi/8.3.1/../../../../arm-none-eabi/lib/thumb/v7-m/nofp\libc_nano.a(lib_a-impure.o)
                              c:/toolchains/vsarm/armcc/bin/../lib/gcc/arm-none-eabi/8.3.1/../../../../arm-none-eabi/lib/thumb/v7-m/nofp\libc_nano.a(lib_a-exit.o) (_global_impure_ptr)
c:/toolchains/vsarm/armcc/bin/../lib/gcc/arm-none-eabi/8.3.1/../../../../arm-none-eabi/lib/thumb/v7-m/nofp\libc_nano.a(lib_a-init.o)
                              c:/toolchains/vsarm/armcc/bin/../lib/gcc/arm-none-eabi/8.3.1/../../../../arm-none-eabi/lib/thumb/v7-m/nofp/crt0.o (__libc_init_array)
c:/toolchains/vsarm/armcc/bin/../lib/gcc/arm-none-eabi/8.3.1/../../../../arm-none-eabi/lib/thumb/v7-m/nofp\libc_nano.a(lib_a-memcpy-stub.o)
                              build/queue.o (memcpy)
c:/toolchains/vsarm/armcc/bin/../lib/gcc/arm-none-eabi/8.3.1/../../../../arm-none-eabi/lib/thumb/v7-m/nofp\libc_nano.a(lib_a-memset.o)
                              c:/toolchains/vsarm/armcc/bin/../lib/gcc/arm-none-eabi/8.3.1/../../../../arm-none-eabi/lib/thumb/v7-m/nofp/crt0.o (memset)
c:/toolchains/vsarm/armcc/bin/../lib/gcc/arm-none-eabi/8.3.1/../../../../arm-none-eabi/lib/thumb/v7-m/nofp\libnosys.a(_exit.o)
                              c:/toolchains/vsarm/armcc/bin/../lib/gcc/arm-none-eabi/8.3.1/../../../../arm-none-eabi/lib/thumb/v7-m/nofp\libc_nano.a(lib_a-exit.o) (_exit)

Allocating common symbols
Common symbol       size              file

hUsbDeviceFS        0x2c4             build/usb_device.o
defaultTaskHandle   0x4               build/main.o
hi2c1               0x54              build/main.o
uwTick              0x4               build/stm32f1xx_hal.o
xQueueRegistry      0x40              build/queue.o
pFlash              0x20              build/stm32f1xx_hal_flash.o
huart1              0x40              build/main.o
htim1               0x40              build/stm32f1xx_hal_timebase_tim.o
hpcd_USB_FS         0x26c             build/usbd_conf.o
USBD_StrDesc        0x200             build/usbd_desc.o
h_rgb_controller    0x18              build/main.o

Discarded input sections

 .text          0x00000000        0x0 c:/toolchains/vsarm/armcc/bin/../lib/gcc/arm-none-eabi/8.3.1/thumb/v7-m/nofp/crti.o
 .data          0x00000000        0x0 c:/toolchains/vsarm/armcc/bin/../lib/gcc/arm-none-eabi/8.3.1/thumb/v7-m/nofp/crti.o
 .bss           0x00000000        0x0 c:/toolchains/vsarm/armcc/bin/../lib/gcc/arm-none-eabi/8.3.1/thumb/v7-m/nofp/crti.o
 .data          0x00000000        0x4 c:/toolchains/vsarm/armcc/bin/../lib/gcc/arm-none-eabi/8.3.1/thumb/v7-m/nofp/crtbegin.o
 .text          0x00000000       0x74 c:/toolchains/vsarm/armcc/bin/../lib/gcc/arm-none-eabi/8.3.1/../../../../arm-none-eabi/lib/thumb/v7-m/nofp/crt0.o
 .data          0x00000000        0x0 c:/toolchains/vsarm/armcc/bin/../lib/gcc/arm-none-eabi/8.3.1/../../../../arm-none-eabi/lib/thumb/v7-m/nofp/crt0.o
 .bss           0x00000000        0x0 c:/toolchains/vsarm/armcc/bin/../lib/gcc/arm-none-eabi/8.3.1/../../../../arm-none-eabi/lib/thumb/v7-m/nofp/crt0.o
 .ARM.extab     0x00000000        0x0 c:/toolchains/vsarm/armcc/bin/../lib/gcc/arm-none-eabi/8.3.1/../../../../arm-none-eabi/lib/thumb/v7-m/nofp/crt0.o
 .ARM.exidx     0x00000000        0x8 c:/toolchains/vsarm/armcc/bin/../lib/gcc/arm-none-eabi/8.3.1/../../../../arm-none-eabi/lib/thumb/v7-m/nofp/crt0.o
 .ARM.attributes
                0x00000000       0x1b c:/toolchains/vsarm/armcc/bin/../lib/gcc/arm-none-eabi/8.3.1/../../../../arm-none-eabi/lib/thumb/v7-m/nofp/crt0.o
 .text          0x00000000        0x0 build/main.o
 .data          0x00000000        0x0 build/main.o
 .bss           0x00000000        0x0 build/main.o
 .text          0x00000000        0x0 build/freertos.o
 .data          0x00000000        0x0 build/freertos.o
 .bss           0x00000000        0x0 build/freertos.o
 .debug_info    0x00000000      0x844 build/freertos.o
 .debug_abbrev  0x00000000      0x128 build/freertos.o
 .debug_aranges
                0x00000000       0x18 build/freertos.o
 .debug_line    0x00000000      0x1ff build/freertos.o
 .debug_str     0x00000000      0x7f7 build/freertos.o
 .comment       0x00000000       0x77 build/freertos.o
 .ARM.attributes
                0x00000000       0x33 build/freertos.o
 .text          0x00000000        0x0 build/usb_device.o
 .data          0x00000000        0x0 build/usb_device.o
 .bss           0x00000000        0x0 build/usb_device.o
 .text          0x00000000        0x0 build/usbd_conf.o
 .data          0x00000000        0x0 build/usbd_conf.o
 .bss           0x00000000        0x0 build/usbd_conf.o
 .text.HAL_PCD_MspDeInit
[...]
Memory Configuration

Name             Origin             Length             Attributes
RAM              0x20000000         0x00002800         xrw
FLASH            0x08000000         0x00008000         xr
*default*        0x00000000         0xffffffff

Linker script and memory map

LOAD c:/toolchains/vsarm/armcc/bin/../lib/gcc/arm-none-eabi/8.3.1/thumb/v7-m/nofp/crti.o
LOAD c:/toolchains/vsarm/armcc/bin/../lib/gcc/arm-none-eabi/8.3.1/thumb/v7-m/nofp/crtbegin.o
LOAD c:/toolchains/vsarm/armcc/bin/../lib/gcc/arm-none-eabi/8.3.1/../../../../arm-none-eabi/lib/thumb/v7-m/nofp/crt0.o
LOAD build/main.o
LOAD build/freertos.o
LOAD build/usb_device.o
LOAD build/usbd_conf.o
LOAD build/usbd_desc.o
LOAD build/usbd_custom_hid_if.o
LOAD build/stm32f1xx_it.o
LOAD build/stm32f1xx_hal_msp.o
LOAD build/stm32f1xx_hal_timebase_tim.o
LOAD build/stm32f1xx_hal_gpio_ex.o
LOAD build/stm32f1xx_hal_pcd.o
LOAD build/stm32f1xx_hal_pcd_ex.o
LOAD build/stm32f1xx_ll_usb.o
LOAD build/stm32f1xx_hal_i2c.o
LOAD build/stm32f1xx_hal_tim.o
LOAD build/stm32f1xx_hal_tim_ex.o
LOAD build/stm32f1xx_hal_uart.o
LOAD build/stm32f1xx_hal.o
LOAD build/stm32f1xx_hal_rcc.o
LOAD build/stm32f1xx_hal_rcc_ex.o
LOAD build/stm32f1xx_hal_gpio.o
LOAD build/stm32f1xx_hal_dma.o
LOAD build/stm32f1xx_hal_cortex.o
LOAD build/stm32f1xx_hal_pwr.o
LOAD build/stm32f1xx_hal_flash.o
LOAD build/stm32f1xx_hal_flash_ex.o
LOAD build/stm32f1xx_hal_exti.o
LOAD build/system_stm32f1xx.o
LOAD build/croutine.o
LOAD build/event_groups.o
LOAD build/list.o
LOAD build/queue.o
LOAD build/stream_buffer.o
LOAD build/tasks.o
LOAD build/timers.o
LOAD build/cmsis_os.o
LOAD build/heap_4.o
LOAD build/port.o
LOAD build/usbd_core.o
LOAD build/usbd_ctlreq.o
LOAD build/usbd_ioreq.o
LOAD build/usbd_customhid.o
LOAD build/is31fl3236_driver.o
LOAD build/fwtasks.o
LOAD build/startup_stm32f103x6.o
LOAD c:/toolchains/vsarm/armcc/bin/../lib/gcc/arm-none-eabi/8.3.1/../../../../arm-none-eabi/lib/thumb/v7-m/nofp\libc_nano.a
LOAD c:/toolchains/vsarm/armcc/bin/../lib/gcc/arm-none-eabi/8.3.1/../../../../arm-none-eabi/lib/thumb/v7-m/nofp\libm.a
LOAD c:/toolchains/vsarm/armcc/bin/../lib/gcc/arm-none-eabi/8.3.1/../../../../arm-none-eabi/lib/thumb/v7-m/nofp\libnosys.a
START GROUP
LOAD c:/toolchains/vsarm/armcc/bin/../lib/gcc/arm-none-eabi/8.3.1/thumb/v7-m/nofp\libgcc.a
LOAD c:/toolchains/vsarm/armcc/bin/../lib/gcc/arm-none-eabi/8.3.1/../../../../arm-none-eabi/lib/thumb/v7-m/nofp\libc_nano.a
END GROUP
START GROUP
LOAD c:/toolchains/vsarm/armcc/bin/../lib/gcc/arm-none-eabi/8.3.1/thumb/v7-m/nofp\libgcc.a
LOAD c:/toolchains/vsarm/armcc/bin/../lib/gcc/arm-none-eabi/8.3.1/../../../../arm-none-eabi/lib/thumb/v7-m/nofp\libc_nano.a
END GROUP
LOAD c:/toolchains/vsarm/armcc/bin/../lib/gcc/arm-none-eabi/8.3.1/thumb/v7-m/nofp/crtend.o
LOAD c:/toolchains/vsarm/armcc/bin/../lib/gcc/arm-none-eabi/8.3.1/thumb/v7-m/nofp/crtn.o
                0x20002800                _estack = 0x20002800
                0x00000200                _Min_Heap_Size = 0x200
                0x00000400                _Min_Stack_Size = 0x400

.isr_vector     0x08000000      0x10c
                0x08000000                . = ALIGN (0x4)
 *(.isr_vector)
 .isr_vector    0x08000000      0x10c build/startup_stm32f103x6.o
                0x08000000                g_pfnVectors
                0x0800010c                . = ALIGN (0x4)

.text           0x08000110     0x43f4
                0x08000110                . = ALIGN (0x4)
 *(.text)
 .text          0x08000110       0x40 c:/toolchains/vsarm/armcc/bin/../lib/gcc/arm-none-eabi/8.3.1/thumb/v7-m/nofp/crtbegin.o
 *(.text*)
 .text.StartDefaultTask
                0x08000150       0x14 build/main.o
                0x08000150                StartDefaultTask
 .text.SystemClock_Config
                0x08000164       0x6c build/main.o
                0x08000164                SystemClock_Config
 .text.startup.main
                0x080001d0      0x1a0 build/main.o
                0x080001d0                main
 .text.HAL_TIM_PeriodElapsedCallback
                0x08000370       0x14 build/main.o
                0x08000370                HAL_TIM_PeriodElapsedCallback
 .text.Error_Handler
                0x08000384        0x4 build/main.o
                0x08000384                Error_Handler
 .text.MX_USB_DEVICE_Init
                0x08000388       0x74 build/usb_device.o
                0x08000388                MX_USB_DEVICE_Init
 .text.HAL_PCD_MspInit
                0x080003fc       0x40 build/usbd_conf.o
                0x080003fc                HAL_PCD_MspInit
 .text.HAL_PCD_SetupStageCallback
                0x0800043c        0xc build/usbd_conf.o
                0x0800043c                HAL_PCD_SetupStageCallback
 .text.HAL_PCD_DataOutStageCallback
                0x08000448       0x10 build/usbd_conf.o
                0x08000448                HAL_PCD_DataOutStageCallback
 .text.HAL_PCD_DataInStageCallback
                0x08000458       0x10 build/usbd_conf.o
                0x08000458                HAL_PCD_DataInStageCallback
 .text.HAL_PCD_SOFCallback
                0x08000468        0x8 build/usbd_conf.o
                0x08000468                HAL_PCD_SOFCallback
 .text.HAL_PCD_ResetCallback
                0x08000470       0x24 build/usbd_conf.o
                0x08000470                HAL_PCD_ResetCallback
 .text.HAL_PCD_SuspendCallback
                0x08000494       0x20 build/usbd_conf.o
                0x08000494                HAL_PCD_SuspendCallback
 .text.HAL_PCD_ResumeCallback
                0x080004b4        0x8 build/usbd_conf.o
                0x080004b4                HAL_PCD_ResumeCallback
 .text.USBD_LL_Init
                0x080004bc       0x74 build/usbd_conf.o
                0x080004bc                USBD_LL_Init
 .text.USBD_LL_Start
                0x08000530       0x1c build/usbd_conf.o
                0x08000530                USBD_LL_Start
 .text.USBD_LL_OpenEP
                0x0800054c       0x20 build/usbd_conf.o
                0x0800054c                USBD_LL_OpenEP
 .text.USBD_LL_CloseEP
                0x0800056c       0x1c build/usbd_conf.o
                0x0800056c                USBD_LL_CloseEP
 .text.USBD_LL_StallEP
                0x08000588       0x1c build/usbd_conf.o
                0x08000588                USBD_LL_StallEP
 .text.USBD_LL_ClearStallEP
                0x080005a4       0x1c build/usbd_conf.o
                0x080005a4                USBD_LL_ClearStallEP
 .text.USBD_LL_IsStallEP
                0x080005c0       0x20 build/usbd_conf.o
                0x080005c0                USBD_LL_IsStallEP
 .text.USBD_LL_SetUSBAddress
                0x080005e0       0x1c build/usbd_conf.o
                0x080005e0                USBD_LL_SetUSBAddress
 .text.USBD_LL_Transmit
                0x080005fc       0x1c build/usbd_conf.o
                0x080005fc                USBD_LL_Transmit
 .text.USBD_LL_PrepareReceive
                0x08000618       0x1c build/usbd_conf.o
                0x08000618                USBD_LL_PrepareReceive
 .text.USBD_static_malloc
                0x08000634        0x8 build/usbd_conf.o
                0x08000634                USBD_static_malloc
 .text.USBD_static_free
                0x0800063c        0x4 build/usbd_conf.o
                0x0800063c                USBD_static_free
 .text.HAL_PCDEx_SetConnectionState
                0x08000640        0x4 build/usbd_conf.o
                0x08000640                HAL_PCDEx_SetConnectionState
 .text.USBD_FS_DeviceDescriptor
                0x08000644        0xc build/usbd_desc.o
                0x08000644                USBD_FS_DeviceDescriptor
 .text.USBD_FS_LangIDStrDescriptor
                0x08000650        0xc build/usbd_desc.o
                0x08000650                USBD_FS_LangIDStrDescriptor
 .text.IntToUnicode
                0x0800065c       0x30 build/usbd_desc.o
 .text.USBD_FS_SerialStrDescriptor
                0x0800068c       0x48 build/usbd_desc.o
                0x0800068c                USBD_FS_SerialStrDescriptor
 .text.USBD_FS_ManufacturerStrDescriptor
                0x080006d4       0x1c build/usbd_desc.o
                0x080006d4                USBD_FS_ManufacturerStrDescriptor
 .text.USBD_FS_ProductStrDescriptor
                0x080006f0       0x1c build/usbd_desc.o
                0x080006f0                USBD_FS_ProductStrDescriptor
 .text.USBD_FS_ConfigStrDescriptor
                0x0800070c       0x1c build/usbd_desc.o
                0x0800070c                USBD_FS_ConfigStrDescriptor
 .text.USBD_FS_InterfaceStrDescriptor
                0x08000728       0x1c build/usbd_desc.o
                0x08000728                USBD_FS_InterfaceStrDescriptor
 .text.CUSTOM_HID_Init_FS
                0x08000744        0x4 build/usbd_custom_hid_if.o
 .text.CUSTOM_HID_OutEvent_FS
                0x08000748        0x4 build/usbd_custom_hid_if.o
 .text.CUSTOM_HID_DeInit_FS
                0x0800074c        0x4 build/usbd_custom_hid_if.o
 .text.NMI_Handler
                0x08000750        0x4 build/stm32f1xx_it.o
                0x08000750                NMI_Handler
 .text.HardFault_Handler
                0x08000754        0x4 build/stm32f1xx_it.o
                0x08000754                HardFault_Handler
 .text.MemManage_Handler
                0x08000758        0x4 build/stm32f1xx_it.o
                0x08000758                MemManage_Handler
 .text.BusFault_Handler
                0x0800075c        0x4 build/stm32f1xx_it.o
                0x0800075c                BusFault_Handler
 .text.UsageFault_Handler
                0x08000760        0x4 build/stm32f1xx_it.o
                0x08000760                UsageFault_Handler
 .text.DebugMon_Handler
                0x08000764        0x4 build/stm32f1xx_it.o
                0x08000764                DebugMon_Handler
 .text.USB_LP_CAN1_RX0_IRQHandler
                0x08000768        0xc build/stm32f1xx_it.o
                0x08000768                USB_LP_CAN1_RX0_IRQHandler
 .text.TIM1_UP_IRQHandler
                0x08000774        0xc build/stm32f1xx_it.o
                0x08000774                TIM1_UP_IRQHandler
 .text.HAL_MspInit
                0x08000780       0x50 build/stm32f1xx_hal_msp.o
                0x08000780                HAL_MspInit
 .text.HAL_I2C_MspInit
                0x080007d0       0x68 build/stm32f1xx_hal_msp.o
                0x080007d0                HAL_I2C_MspInit
 .text.HAL_UART_MspInit
                0x08000838       0x78 build/stm32f1xx_hal_msp.o
                0x08000838                HAL_UART_MspInit
 .text.HAL_InitTick
                0x080008b0       0x7c build/stm32f1xx_hal_timebase_tim.o
                0x080008b0                HAL_InitTick
 .text.HAL_PCD_Init
                0x0800092c      0x100 build/stm32f1xx_hal_pcd.o
                0x0800092c                HAL_PCD_Init
 .text.HAL_PCD_Start
                0x08000a2c       0x30 build/stm32f1xx_hal_pcd.o
                0x08000a2c                HAL_PCD_Start
 .text.HAL_PCD_SetAddress
                0x08000a5c       0x28 build/stm32f1xx_hal_pcd.o
                0x08000a5c                HAL_PCD_SetAddress
 .text.HAL_PCD_EP_Open
                0x08000a84       0x64 build/stm32f1xx_hal_pcd.o
                0x08000a84                HAL_PCD_EP_Open
 .text.HAL_PCD_EP_Close
                0x08000ae8       0x58 build/stm32f1xx_hal_pcd.o
                0x08000ae8                HAL_PCD_EP_Close
 .text.HAL_PCD_EP_Receive
                0x08000b40       0x2c build/stm32f1xx_hal_pcd.o
                0x08000b40                HAL_PCD_EP_Receive
 .text.HAL_PCD_EP_Transmit
                0x08000b6c       0x2c build/stm32f1xx_hal_pcd.o
                0x08000b6c                HAL_PCD_EP_Transmit
 .text.HAL_PCD_IRQHandler
                0x08000b98      0x498 build/stm32f1xx_hal_pcd.o
                0x08000b98                HAL_PCD_IRQHandler
 .text.HAL_PCD_EP_SetStall
                0x08001030       0x78 build/stm32f1xx_hal_pcd.o
                0x08001030                HAL_PCD_EP_SetStall
 .text.HAL_PCD_EP_ClrStall
                0x080010a8       0x70 build/stm32f1xx_hal_pcd.o
                0x080010a8                HAL_PCD_EP_ClrStall
 .text.HAL_PCDEx_PMAConfig
                0x08001118       0x30 build/stm32f1xx_hal_pcd_ex.o
                0x08001118                HAL_PCDEx_PMAConfig
 .text.USB_CoreInit
                0x08001148       0x10 build/stm32f1xx_ll_usb.o
                0x08001148                USB_CoreInit
 .text.USB_EnableGlobalInt
                0x08001158       0x14 build/stm32f1xx_ll_usb.o
                0x08001158                USB_EnableGlobalInt
 .text.USB_DisableGlobalInt
                0x0800116c       0x14 build/stm32f1xx_ll_usb.o
                0x0800116c                USB_DisableGlobalInt
 .text.USB_SetCurrentMode
                0x08001180        0x4 build/stm32f1xx_ll_usb.o
                0x08001180                USB_SetCurrentMode
 .text.USB_DevInit
                0x08001184       0x34 build/stm32f1xx_ll_usb.o
                0x08001184                USB_DevInit
 .text.USB_ActivateEndpoint
                0x080011b8      0x2c0 build/stm32f1xx_ll_usb.o
                0x080011b8                USB_ActivateEndpoint
 .text.USB_DeactivateEndpoint
                0x08001478      0x184 build/stm32f1xx_ll_usb.o
                0x08001478                USB_DeactivateEndpoint
 .text.USB_EPStartXfer
                0x080015fc      0x280 build/stm32f1xx_ll_usb.o
                0x080015fc                USB_EPStartXfer
 .text.USB_EPSetStall
                0x0800187c       0x44 build/stm32f1xx_ll_usb.o
                0x0800187c                USB_EPSetStall
 .text.USB_EPClearStall
                0x080018c0       0xa4 build/stm32f1xx_ll_usb.o
                0x080018c0                USB_EPClearStall
 .text.USB_SetDevAddress
                0x08001964        0xc build/stm32f1xx_ll_usb.o
                0x08001964                USB_SetDevAddress
 .text.USB_DevConnect
                0x08001970        0x4 build/stm32f1xx_ll_usb.o
                0x08001970                USB_DevConnect
 .text.USB_DevDisconnect
                0x08001974        0x4 build/stm32f1xx_ll_usb.o
                0x08001974                USB_DevDisconnect
 .text.USB_ReadInterrupts
                0x08001978        0x8 build/stm32f1xx_ll_usb.o
                0x08001978                USB_ReadInterrupts
 .text.USB_EP0_OutStart
                0x08001980        0x4 build/stm32f1xx_ll_usb.o
                0x08001980                USB_EP0_OutStart
 .text.USB_ReadPMA
                0x08001984       0x4c build/stm32f1xx_ll_usb.o
                0x08001984                USB_ReadPMA
 .text.I2C_WaitOnMasterAddressFlagUntilTimeout
                0x080019d0       0x88 build/stm32f1xx_hal_i2c.o
 .text.I2C_WaitOnTXEFlagUntilTimeout
                0x08001a58       0x78 build/stm32f1xx_hal_i2c.o
 .text.I2C_WaitOnFlagUntilTimeout
                0x08001ad0       0x68 build/stm32f1xx_hal_i2c.o
 .text.I2C_WaitOnBTFFlagUntilTimeout
                0x08001b38       0x78 build/stm32f1xx_hal_i2c.o
 .text.HAL_I2C_Init
                0x08001bb0      0x174 build/stm32f1xx_hal_i2c.o
                0x08001bb0                HAL_I2C_Init
 .text.HAL_I2C_Master_Transmit
                0x08001d24      0x1c0 build/stm32f1xx_hal_i2c.o
                0x08001d24                HAL_I2C_Master_Transmit
 .text.HAL_TIM_Base_MspInit
                0x08001ee4        0x4 build/stm32f1xx_hal_tim.o
                0x08001ee4                HAL_TIM_Base_MspInit
 .text.HAL_TIM_Base_Start_IT
                0x08001ee8       0x20 build/stm32f1xx_hal_tim.o
                0x08001ee8                HAL_TIM_Base_Start_IT
 .text.HAL_TIM_OC_DelayElapsedCallback
                0x08001f08        0x4 build/stm32f1xx_hal_tim.o
                0x08001f08                HAL_TIM_OC_DelayElapsedCallback
 .text.HAL_TIM_IC_CaptureCallback
                0x08001f0c        0x4 build/stm32f1xx_hal_tim.o
                0x08001f0c                HAL_TIM_IC_CaptureCallback
 .text.HAL_TIM_PWM_PulseFinishedCallback
                0x08001f10        0x4 build/stm32f1xx_hal_tim.o
                0x08001f10                HAL_TIM_PWM_PulseFinishedCallback
 .text.HAL_TIM_TriggerCallback
                0x08001f14        0x4 build/stm32f1xx_hal_tim.o
                0x08001f14                HAL_TIM_TriggerCallback
 .text.HAL_TIM_IRQHandler
                0x08001f18      0x154 build/stm32f1xx_hal_tim.o
                0x08001f18                HAL_TIM_IRQHandler
 .text.TIM_Base_SetConfig
                0x0800206c       0x70 build/stm32f1xx_hal_tim.o
                0x0800206c                TIM_Base_SetConfig
 .text.HAL_TIM_Base_Init
                0x080020dc       0x38 build/stm32f1xx_hal_tim.o
                0x080020dc                HAL_TIM_Base_Init
 .text.HAL_TIMEx_CommutCallback
                0x08002114        0x4 build/stm32f1xx_hal_tim_ex.o
                0x08002114                HAL_TIMEx_CommutCallback
 .text.HAL_TIMEx_BreakCallback
                0x08002118        0x4 build/stm32f1xx_hal_tim_ex.o
                0x08002118                HAL_TIMEx_BreakCallback
 .text.UART_SetConfig
                0x0800211c       0x80 build/stm32f1xx_hal_uart.o
 .text.HAL_UART_Init
                0x0800219c       0x60 build/stm32f1xx_hal_uart.o
                0x0800219c                HAL_UART_Init
 .text.HAL_Init
                0x080021fc       0x24 build/stm32f1xx_hal.o
                0x080021fc                HAL_Init
 .text.HAL_IncTick
                0x08002220       0x18 build/stm32f1xx_hal.o
                0x08002220                HAL_IncTick
 .text.HAL_GetTick
                0x08002238        0xc build/stm32f1xx_hal.o
                0x08002238                HAL_GetTick
 .text.HAL_RCC_OscConfig
                0x08002244      0x404 build/stm32f1xx_hal_rcc.o
                0x08002244                HAL_RCC_OscConfig
 .text.HAL_RCC_GetSysClockFreq
                0x08002648       0x84 build/stm32f1xx_hal_rcc.o
                0x08002648                HAL_RCC_GetSysClockFreq
 .text.HAL_RCC_ClockConfig
                0x080026cc      0x144 build/stm32f1xx_hal_rcc.o
                0x080026cc                HAL_RCC_ClockConfig
 .text.HAL_RCC_GetPCLK1Freq
                0x08002810       0x20 build/stm32f1xx_hal_rcc.o
                0x08002810                HAL_RCC_GetPCLK1Freq
 .text.HAL_RCC_GetPCLK2Freq
                0x08002830       0x20 build/stm32f1xx_hal_rcc.o
                0x08002830                HAL_RCC_GetPCLK2Freq
 .text.HAL_RCC_GetClockConfig
                0x08002850       0x40 build/stm32f1xx_hal_rcc.o
                0x08002850                HAL_RCC_GetClockConfig
 .text.HAL_RCCEx_PeriphCLKConfig
                0x08002890      0x10c build/stm32f1xx_hal_rcc_ex.o
                0x08002890                HAL_RCCEx_PeriphCLKConfig
 .text.HAL_GPIO_Init
                0x0800299c      0x1e0 build/stm32f1xx_hal_gpio.o
                0x0800299c                HAL_GPIO_Init
 .text.HAL_GPIO_WritePin
                0x08002b7c        0x8 build/stm32f1xx_hal_gpio.o
                0x08002b7c                HAL_GPIO_WritePin
 .text.HAL_NVIC_SetPriorityGrouping
                0x08002b84       0x24 build/stm32f1xx_hal_cortex.o
                0x08002b84                HAL_NVIC_SetPriorityGrouping
 .text.HAL_NVIC_SetPriority
                0x08002ba8       0x6c build/stm32f1xx_hal_cortex.o
                0x08002ba8                HAL_NVIC_SetPriority
 .text.HAL_NVIC_EnableIRQ
                0x08002c14       0x1c build/stm32f1xx_hal_cortex.o
                0x08002c14                HAL_NVIC_EnableIRQ
 .text.SystemInit
                0x08002c30       0x50 build/system_stm32f1xx.o
                0x08002c30                SystemInit
 .text.vListInitialise
                0x08002c80       0x18 build/list.o
                0x08002c80                vListInitialise
 .text.vListInitialiseItem
                0x08002c98        0x8 build/list.o
                0x08002c98                vListInitialiseItem
 .text.vListInsertEnd
                0x08002ca0       0x1c build/list.o
                0x08002ca0                vListInsertEnd
 .text.vListInsert
                0x08002cbc       0x34 build/list.o
                0x08002cbc                vListInsert
 .text.uxListRemove
                0x08002cf0       0x24 build/list.o
                0x08002cf0                uxListRemove
 .text.prvIdleTask
                0x08002d14       0x70 build/tasks.o
 .text.prvResetNextTaskUnblockTime.part.1
                0x08002d84       0x18 build/tasks.o
 .text.prvAddCurrentTaskToDelayedList
                0x08002d9c       0x8c build/tasks.o
 .text.xTaskCreate
                0x08002e28      0x1e4 build/tasks.o
                0x08002e28                xTaskCreate
 .text.vTaskStartScheduler
                0x0800300c       0x78 build/tasks.o
                0x0800300c                vTaskStartScheduler
 .text.vTaskSuspendAll
                0x08003084       0x10 build/tasks.o
                0x08003084                vTaskSuspendAll
 .text.xTaskIncrementTick
                0x08003094      0x14c build/tasks.o
                0x08003094                xTaskIncrementTick
 .text.xTaskResumeAll
                0x080031e0      0x114 build/tasks.o
                0x080031e0                xTaskResumeAll
 .text.vTaskDelay
                0x080032f4       0x48 build/tasks.o
                0x080032f4                vTaskDelay
 .text.vTaskSwitchContext
                0x0800333c       0x70 build/tasks.o
                0x0800333c                vTaskSwitchContext
 .text.osKernelStart
                0x080033ac        0xc build/cmsis_os.o
                0x080033ac                osKernelStart
 .text.osThreadCreate
                0x080033b8       0x34 build/cmsis_os.o
                0x080033b8                osThreadCreate
 .text.osDelay  0x080033ec       0x10 build/cmsis_os.o
                0x080033ec                osDelay
 .text.prvInsertBlockIntoFreeList
                0x080033fc       0x58 build/heap_4.o
 .text.pvPortMalloc
                0x08003454      0x128 build/heap_4.o
                0x08003454                pvPortMalloc
 .text.vPortFree
                0x0800357c       0x70 build/heap_4.o
                0x0800357c                vPortFree
 .text.prvPortStartFirstTask
                0x080035ec       0x20 build/port.o
 .text.prvTaskExitError
                0x0800360c       0x40 build/port.o
 .text.pxPortInitialiseStack
                0x0800364c       0x24 build/port.o
                0x0800364c                pxPortInitialiseStack
 .text.SVC_Handler
                0x08003670       0x24 build/port.o
                0x08003670                SVC_Handler
 .text.vPortEnterCritical
                0x08003694       0x44 build/port.o
                0x08003694                vPortEnterCritical
 .text.vPortExitCritical
                0x080036d8       0x28 build/port.o
                0x080036d8                vPortExitCritical
 .text.PendSV_Handler
                0x08003700       0x44 build/port.o
                0x08003700                PendSV_Handler
 .text.SysTick_Handler
                0x08003744       0x2c build/port.o
                0x08003744                SysTick_Handler
 .text.vPortSetupTimerInterrupt
                0x08003770       0x3c build/port.o
                0x08003770                vPortSetupTimerInterrupt
 .text.xPortStartScheduler
                0x080037ac       0xb8 build/port.o
                0x080037ac                xPortStartScheduler
 .text.USBD_Init
                0x08003864       0x2c build/usbd_core.o
                0x08003864                USBD_Init
 .text.USBD_RegisterClass
                0x08003890       0x10 build/usbd_core.o
                0x08003890                USBD_RegisterClass
 .text.USBD_Start
                0x080038a0        0xc build/usbd_core.o
                0x080038a0                USBD_Start
 .text.USBD_SetClassConfig
                0x080038ac       0x14 build/usbd_core.o
                0x080038ac                USBD_SetClassConfig
 .text.USBD_ClrClassConfig
                0x080038c0       0x10 build/usbd_core.o
                0x080038c0                USBD_ClrClassConfig
 .text.USBD_LL_SetupStage
                0x080038d0       0x5c build/usbd_core.o
                0x080038d0                USBD_LL_SetupStage
 .text.USBD_LL_DataOutStage
                0x0800392c       0x7c build/usbd_core.o
                0x0800392c                USBD_LL_DataOutStage
 .text.USBD_LL_DataInStage
                0x080039a8       0xc0 build/usbd_core.o
                0x080039a8                USBD_LL_DataInStage
 .text.USBD_LL_Reset
                0x08003a68       0x50 build/usbd_core.o
                0x08003a68                USBD_LL_Reset
 .text.USBD_LL_SetSpeed
                0x08003ab8        0x8 build/usbd_core.o
                0x08003ab8                USBD_LL_SetSpeed
 .text.USBD_LL_Suspend
                0x08003ac0       0x14 build/usbd_core.o
                0x08003ac0                USBD_LL_Suspend
 .text.USBD_LL_Resume
                0x08003ad4       0x14 build/usbd_core.o
                0x08003ad4                USBD_LL_Resume
 .text.USBD_LL_SOF
                0x08003ae8       0x1c build/usbd_core.o
                0x08003ae8                USBD_LL_SOF
 .text.USBD_StdDevReq
                0x08003b04      0x2f4 build/usbd_ctlreq.o
                0x08003b04                USBD_StdDevReq
 .text.USBD_StdItfReq
                0x08003df8       0x6c build/usbd_ctlreq.o
                0x08003df8                USBD_StdItfReq
 .text.USBD_StdEPReq
                0x08003e64      0x12c build/usbd_ctlreq.o
                0x08003e64                USBD_StdEPReq
 .text.USBD_ParseSetupRequest
                0x08003f90       0x28 build/usbd_ctlreq.o
                0x08003f90                USBD_ParseSetupRequest
 .text.USBD_CtlError
                0x08003fb8       0x18 build/usbd_ctlreq.o
                0x08003fb8                USBD_CtlError
 .text.USBD_GetString
                0x08003fd0       0x4c build/usbd_ctlreq.o
                0x08003fd0                USBD_GetString
 .text.USBD_CtlSendData
                0x0800401c       0x1c build/usbd_ioreq.o
                0x0800401c                USBD_CtlSendData
 .text.USBD_CtlContinueSendData
                0x08004038       0x10 build/usbd_ioreq.o
                0x08004038                USBD_CtlContinueSendData
 .text.USBD_CtlPrepareRx
                0x08004048       0x1c build/usbd_ioreq.o
                0x08004048                USBD_CtlPrepareRx
 .text.USBD_CtlContinueRx
                0x08004064       0x10 build/usbd_ioreq.o
                0x08004064                USBD_CtlContinueRx
 .text.USBD_CtlSendStatus
                0x08004074       0x18 build/usbd_ioreq.o
                0x08004074                USBD_CtlSendStatus
 .text.USBD_CtlReceiveStatus
                0x0800408c       0x18 build/usbd_ioreq.o
                0x0800408c                USBD_CtlReceiveStatus
 .text.USBD_CUSTOM_HID_GetFSCfgDesc
                0x080040a4        0xc build/usbd_customhid.o
 .text.USBD_CUSTOM_HID_GetHSCfgDesc
                0x080040b0        0xc build/usbd_customhid.o
 .text.USBD_CUSTOM_HID_GetOtherSpeedCfgDesc
                0x080040bc        0xc build/usbd_customhid.o
 .text.USBD_CUSTOM_HID_DataIn
                0x080040c8        0xc build/usbd_customhid.o
 .text.USBD_CUSTOM_HID_EP0_RxReady
                0x080040d4       0x20 build/usbd_customhid.o
 .text.USBD_CUSTOM_HID_GetDeviceQualifierDesc
                0x080040f4        0xc build/usbd_customhid.o
 .text.USBD_CUSTOM_HID_DataOut
                0x08004100       0x20 build/usbd_customhid.o
 .text.USBD_CUSTOM_HID_Setup
                0x08004120      0x120 build/usbd_customhid.o
 .text.USBD_CUSTOM_HID_DeInit
                0x08004240       0x38 build/usbd_customhid.o
 .text.USBD_CUSTOM_HID_Init
                0x08004278       0x50 build/usbd_customhid.o
 .text.USBD_CUSTOM_HID_RegisterInterface
                0x080042c8       0x10 build/usbd_customhid.o
                0x080042c8                USBD_CUSTOM_HID_RegisterInterface
 .text.IS31FL3236_WritePWM.part.1
                0x080042d8       0x24 build/is31fl3236_driver.o
 .text.IS31FL3236_Reset
                0x080042fc       0x20 build/is31fl3236_driver.o
                0x080042fc                IS31FL3236_Reset
 .text.IS31FL3236_Init
                0x0800431c       0x30 build/is31fl3236_driver.o
                0x0800431c                IS31FL3236_Init
 .text.IS31FL3236_Update
                0x0800434c       0x20 build/is31fl3236_driver.o
                0x0800434c                IS31FL3236_Update
 .text.IS31FL3236_WriteGlobalLEDControl
                0x0800436c       0x30 build/is31fl3236_driver.o
                0x0800436c                IS31FL3236_WriteGlobalLEDControl
 .text.IS31FL3236_WriteRGBPWM
                0x0800439c       0x98 build/is31fl3236_driver.o
                0x0800439c                IS31FL3236_WriteRGBPWM
 .text.TASK_ExecMain
                0x08004434       0x24 build/fwtasks.o
                0x08004434                TASK_ExecMain
 .text.Reset_Handler
                0x08004458       0x48 build/startup_stm32f103x6.o
                0x08004458                Reset_Handler
 .text.Default_Handler
                0x080044a0        0x2 build/startup_stm32f103x6.o
                0x080044a0                RTC_Alarm_IRQHandler
                0x080044a0                EXTI2_IRQHandler
                0x080044a0                TIM1_CC_IRQHandler
                0x080044a0                PVD_IRQHandler
                0x080044a0                EXTI3_IRQHandler
                0x080044a0                EXTI0_IRQHandler
                0x080044a0                ADC1_2_IRQHandler
                0x080044a0                SPI1_IRQHandler
                0x080044a0                TAMPER_IRQHandler
                0x080044a0                DMA1_Channel4_IRQHandler
                0x080044a0                RTC_IRQHandler
                0x080044a0                DMA1_Channel7_IRQHandler
                0x080044a0                CAN1_RX1_IRQHandler
                0x080044a0                I2C1_EV_IRQHandler
                0x080044a0                DMA1_Channel6_IRQHandler
                0x080044a0                TIM3_IRQHandler
                0x080044a0                RCC_IRQHandler
                0x080044a0                TIM1_TRG_COM_IRQHandler
                0x080044a0                DMA1_Channel1_IRQHandler
                0x080044a0                Default_Handler
                0x080044a0                EXTI15_10_IRQHandler
                0x080044a0                EXTI9_5_IRQHandler
                0x080044a0                DMA1_Channel5_IRQHandler
                0x080044a0                EXTI4_IRQHandler
                0x080044a0                USB_HP_CAN1_TX_IRQHandler
                0x080044a0                DMA1_Channel3_IRQHandler
                0x080044a0                WWDG_IRQHandler
                0x080044a0                TIM2_IRQHandler
                0x080044a0                TIM1_BRK_IRQHandler
                0x080044a0                EXTI1_IRQHandler
                0x080044a0                USART2_IRQHandler
                0x080044a0                DMA1_Channel2_IRQHandler
                0x080044a0                CAN1_SCE_IRQHandler
                0x080044a0                FLASH_IRQHandler
                0x080044a0                USART1_IRQHandler
                0x080044a0                I2C1_ER_IRQHandler
                0x080044a0                USBWakeUp_IRQHandler
 *fill*         0x080044a2        0x2 
 .text.__libc_init_array
                0x080044a4       0x48 c:/toolchains/vsarm/armcc/bin/../lib/gcc/arm-none-eabi/8.3.1/../../../../arm-none-eabi/lib/thumb/v7-m/nofp\libc_nano.a(lib_a-init.o)
                0x080044a4                __libc_init_array
 *(.glue_7)
 .glue_7        0x080044ec        0x0 linker stubs
 *(.glue_7t)
 .glue_7t       0x080044ec        0x0 linker stubs
 *(.eh_frame)
 .eh_frame      0x080044ec        0x0 c:/toolchains/vsarm/armcc/bin/../lib/gcc/arm-none-eabi/8.3.1/thumb/v7-m/nofp/crtbegin.o
 *(.init)
 .init          0x080044ec        0x4 c:/toolchains/vsarm/armcc/bin/../lib/gcc/arm-none-eabi/8.3.1/thumb/v7-m/nofp/crti.o
                0x080044ec                _init
 .init          0x080044f0        0x8 c:/toolchains/vsarm/armcc/bin/../lib/gcc/arm-none-eabi/8.3.1/thumb/v7-m/nofp/crtn.o
 *(.fini)
 .fini          0x080044f8        0x4 c:/toolchains/vsarm/armcc/bin/../lib/gcc/arm-none-eabi/8.3.1/thumb/v7-m/nofp/crti.o
                0x080044f8                _fini
 .fini          0x080044fc        0x8 c:/toolchains/vsarm/armcc/bin/../lib/gcc/arm-none-eabi/8.3.1/thumb/v7-m/nofp/crtn.o
                0x08004504                . = ALIGN (0x4)
                0x08004504                _etext = .

.vfp11_veneer   0x08004504        0x0
 .vfp11_veneer  0x08004504        0x0 linker stubs

.v4_bx          0x08004504        0x0
 .v4_bx         0x08004504        0x0 linker stubs

.iplt           0x08004504        0x0
 .iplt          0x08004504        0x0 c:/toolchains/vsarm/armcc/bin/../lib/gcc/arm-none-eabi/8.3.1/thumb/v7-m/nofp/crtbegin.o

.rodata         0x08004504       0xac
                0x08004504                . = ALIGN (0x4)
 *(.rodata)
 .rodata        0x08004504       0x14 build/main.o
 .rodata        0x08004518       0x10 build/stm32f1xx_hal_rcc.o
 *(.rodata*)
 .rodata.str1.4
                0x08004528        0xc build/main.o
 .rodata.CSWTCH.2
                0x08004534        0x4 build/usbd_conf.o
 .rodata.USBD_FS_ConfigStrDescriptor.str1.4
                0x08004538       0x12 build/usbd_desc.o
 *fill*         0x0800454a        0x2 
 .rodata.USBD_FS_InterfaceStrDescriptor.str1.4
                0x0800454c       0x15 build/usbd_desc.o
 *fill*         0x08004561        0x3 
 .rodata.USBD_FS_ManufacturerStrDescriptor.str1.4
                0x08004564       0x14 build/usbd_desc.o
 .rodata.USBD_FS_ProductStrDescriptor.str1.4
                0x08004578       0x18 build/usbd_desc.o
 .rodata.AHBPrescTable
                0x08004590       0x10 build/system_stm32f1xx.o
                0x08004590                AHBPrescTable
 .rodata.APBPrescTable
                0x080045a0        0x8 build/system_stm32f1xx.o
                0x080045a0                APBPrescTable
 .rodata.vTaskStartScheduler.str1.4
                0x080045a8        0x8 build/tasks.o
                                  0x5 (size before relaxing)
                0x080045b0                . = ALIGN (0x4)

.rel.dyn        0x080045b0        0x0
 .rel.iplt      0x080045b0        0x0 c:/toolchains/vsarm/armcc/bin/../lib/gcc/arm-none-eabi/8.3.1/thumb/v7-m/nofp/crtbegin.o

.ARM.extab
 *(.ARM.extab* .gnu.linkonce.armextab.*)

.ARM            0x080045b0        0x0
                0x080045b0                __exidx_start = .
 *(.ARM.exidx*)
                0x080045b0                __exidx_end = .

.preinit_array  0x080045b0        0x0
                0x080045b0                PROVIDE (__preinit_array_start = .)
 *(.preinit_array*)
                0x080045b0                PROVIDE (__preinit_array_end = .)

.init_array     0x080045b0        0x4
                0x080045b0                PROVIDE (__init_array_start = .)
 *(SORT_BY_NAME(.init_array.*))
 *(.init_array*)
 .init_array    0x080045b0        0x4 c:/toolchains/vsarm/armcc/bin/../lib/gcc/arm-none-eabi/8.3.1/thumb/v7-m/nofp/crtbegin.o
                0x080045b4                PROVIDE (__init_array_end = .)

.fini_array     0x080045b4        0x4
                [!provide]                PROVIDE (__fini_array_start = .)
 *(SORT_BY_NAME(.fini_array.*))
 *(.fini_array*)
 .fini_array    0x080045b4        0x4 c:/toolchains/vsarm/armcc/bin/../lib/gcc/arm-none-eabi/8.3.1/thumb/v7-m/nofp/crtbegin.o
                [!provide]                PROVIDE (__fini_array_end = .)
                0x080045b8                _sidata = LOADADDR (.data)

.data           0x20000000      0x148 load address 0x080045b8
                0x20000000                . = ALIGN (0x4)
                0x20000000                _sdata = .
 *(.data)
 *(.data*)
 .data.FS_Desc  0x20000000       0x1c build/usbd_desc.o
                0x20000000                FS_Desc
 .data.USBD_FS_DeviceDesc
                0x2000001c       0x12 build/usbd_desc.o
                0x2000001c                USBD_FS_DeviceDesc
 *fill*         0x2000002e        0x2 
 .data.USBD_LangIDDesc
                0x20000030        0x4 build/usbd_desc.o
                0x20000030                USBD_LangIDDesc
 .data.USBD_StringSerial
                0x20000034       0x1a build/usbd_desc.o
                0x20000034                USBD_StringSerial
 *fill*         0x2000004e        0x2 
 .data.CUSTOM_HID_ReportDesc_FS
                0x20000050        0x2 build/usbd_custom_hid_if.o
 *fill*         0x20000052        0x2 
 .data.USBD_CustomHID_fops_FS
                0x20000054       0x10 build/usbd_custom_hid_if.o
                0x20000054                USBD_CustomHID_fops_FS
 .data.uwTickFreq
                0x20000064        0x1 build/stm32f1xx_hal.o
                0x20000064                uwTickFreq
 *fill*         0x20000065        0x3 
 .data.uwTickPrio
                0x20000068        0x4 build/stm32f1xx_hal.o
                0x20000068                uwTickPrio
 .data.SystemCoreClock
                0x2000006c        0x4 build/system_stm32f1xx.o
                0x2000006c                SystemCoreClock
 .data.uxCriticalNesting
                0x20000070        0x4 build/port.o
 .data.USBD_CUSTOM_HID
                0x20000074       0x38 build/usbd_customhid.o
                0x20000074                USBD_CUSTOM_HID
 .data.USBD_CUSTOM_HID_CfgFSDesc
                0x200000ac       0x29 build/usbd_customhid.o
 *fill*         0x200000d5        0x3 
 .data.USBD_CUSTOM_HID_CfgHSDesc
                0x200000d8       0x29 build/usbd_customhid.o
 *fill*         0x20000101        0x3 
 .data.USBD_CUSTOM_HID_Desc
                0x20000104        0x9 build/usbd_customhid.o
 *fill*         0x2000010d        0x3 
 .data.USBD_CUSTOM_HID_DeviceQualifierDesc
                0x20000110        0xa build/usbd_customhid.o
 *fill*         0x2000011a        0x2 
 .data.USBD_CUSTOM_HID_OtherSpeedCfgDesc
                0x2000011c       0x29 build/usbd_customhid.o
                0x20000148                . = ALIGN (0x4)
 *fill*         0x20000145        0x3 
                0x20000148                _edata = .

.igot.plt       0x20000148        0x0 load address 0x08004700
 .igot.plt      0x20000148        0x0 c:/toolchains/vsarm/armcc/bin/../lib/gcc/arm-none-eabi/8.3.1/thumb/v7-m/nofp/crtbegin.o
                0x20000148                . = ALIGN (0x4)

.bss            0x20000148     0x15ac load address 0x08004700
                0x20000148                _sbss = .
                0x20000148                __bss_start__ = _sbss
 *(.bss)
 .bss           0x20000148       0x1c c:/toolchains/vsarm/armcc/bin/../lib/gcc/arm-none-eabi/8.3.1/thumb/v7-m/nofp/crtbegin.o
 *(.bss*)
 .bss.mem.8692  0x20000164       0x1c build/usbd_conf.o
 .bss.pxCurrentTCB
                0x20000180        0x4 build/tasks.o
                0x20000180                pxCurrentTCB
 .bss.pxDelayedTaskList
                0x20000184        0x4 build/tasks.o
 .bss.pxOverflowDelayedTaskList
                0x20000188        0x4 build/tasks.o
 .bss.pxReadyTasksLists
                0x2000018c       0x8c build/tasks.o
 .bss.uxCurrentNumberOfTasks
                0x20000218        0x4 build/tasks.o
 .bss.uxDeletedTasksWaitingCleanUp
                0x2000021c        0x4 build/tasks.o
 .bss.uxPendedTicks
                0x20000220        0x4 build/tasks.o
 .bss.uxSchedulerSuspended
                0x20000224        0x4 build/tasks.o
 .bss.uxTaskNumber
                0x20000228        0x4 build/tasks.o
 .bss.uxTopReadyPriority
                0x2000022c        0x4 build/tasks.o
 .bss.xDelayedTaskList1
                0x20000230       0x14 build/tasks.o
 .bss.xDelayedTaskList2
                0x20000244       0x14 build/tasks.o
 .bss.xIdleTaskHandle
                0x20000258        0x4 build/tasks.o
 .bss.xNextTaskUnblockTime
                0x2000025c        0x4 build/tasks.o
 .bss.xNumOfOverflows
                0x20000260        0x4 build/tasks.o
 .bss.xPendingReadyList
                0x20000264       0x14 build/tasks.o
 .bss.xSchedulerRunning
                0x20000278        0x4 build/tasks.o
 .bss.xSuspendedTaskList
                0x2000027c       0x14 build/tasks.o
 .bss.xTasksWaitingTermination
                0x20000290       0x14 build/tasks.o
 .bss.xTickCount
                0x200002a4        0x4 build/tasks.o
 .bss.xYieldPending
                0x200002a8        0x4 build/tasks.o
 .bss.pxEnd     0x200002ac        0x4 build/heap_4.o
 .bss.ucHeap    0x200002b0      0xc00 build/heap_4.o
 .bss.xBlockAllocatedBit
                0x20000eb0        0x4 build/heap_4.o
 .bss.xFreeBytesRemaining
                0x20000eb4        0x4 build/heap_4.o
 .bss.xMinimumEverFreeBytesRemaining
                0x20000eb8        0x4 build/heap_4.o
 .bss.xStart    0x20000ebc        0x8 build/heap_4.o
 .bss.ucMaxSysCallPriority
                0x20000ec4        0x1 build/port.o
 *fill*         0x20000ec5        0x3 
 .bss.ulMaxPRIGROUPValue
                0x20000ec8        0x4 build/port.o
 .bss.cfgidx.8642
                0x20000ecc        0x1 build/usbd_ctlreq.o
 *(COMMON)
 *fill*         0x20000ecd        0x3 
 COMMON         0x20000ed0       0xb0 build/main.o
                0x20000ed0                defaultTaskHandle
                0x20000ed4                hi2c1
                0x20000f28                huart1
                0x20000f68                h_rgb_controller
 COMMON         0x20000f80      0x2c4 build/usb_device.o
                0x20000f80                hUsbDeviceFS
 COMMON         0x20001244      0x26c build/usbd_conf.o
                0x20001244                hpcd_USB_FS
 COMMON         0x200014b0      0x200 build/usbd_desc.o
                0x200014b0                USBD_StrDesc
 COMMON         0x200016b0       0x40 build/stm32f1xx_hal_timebase_tim.o
                0x200016b0                htim1
 COMMON         0x200016f0        0x4 build/stm32f1xx_hal.o
                0x200016f0                uwTick
                0x200016f4                . = ALIGN (0x4)
                0x200016f4                _ebss = .
                0x200016f4                __bss_end__ = _ebss

._user_heap_stack
                0x200016f4      0x604 load address 0x08004700
                0x200016f8                . = ALIGN (0x8)
 *fill*         0x200016f4        0x4 
                [!provide]                PROVIDE (end = .)
                [!provide]                PROVIDE (_end = .)
                0x200018f8                . = (. + _Min_Heap_Size)
 *fill*         0x200016f8      0x200 
                0x20001cf8                . = (. + _Min_Stack_Size)
 *fill*         0x200018f8      0x400 
                0x20001cf8                . = ALIGN (0x8)

/DISCARD/
 libc.a(*)
 libm.a(*)
 libgcc.a(*)

.ARM.attributes
                0x00000000       0x29
 *(.ARM.attributes)
 .ARM.attributes
                0x00000000       0x1d c:/toolchains/vsarm/armcc/bin/../lib/gcc/arm-none-eabi/8.3.1/thumb/v7-m/nofp/crti.o
 .ARM.attributes
                0x0000001d       0x2d c:/toolchains/vsarm/armcc/bin/../lib/gcc/arm-none-eabi/8.3.1/thumb/v7-m/nofp/crtbegin.o
 .ARM.attributes
                0x0000004a       0x2d build/main.o
 .ARM.attributes
                0x00000077       0x2d build/usb_device.o
 .ARM.attributes
                0x000000a4       0x2d build/usbd_conf.o
 .ARM.attributes
                0x000000d1       0x2d build/usbd_desc.o
 .ARM.attributes
                0x000000fe       0x2d build/usbd_custom_hid_if.o
 .ARM.attributes
                0x0000012b       0x2d build/stm32f1xx_it.o
 .ARM.attributes
                0x00000158       0x2d build/stm32f1xx_hal_msp.o
 .ARM.attributes
                0x00000185       0x2d build/stm32f1xx_hal_timebase_tim.o
 .ARM.attributes
                0x000001b2       0x2d build/stm32f1xx_hal_pcd.o
 .ARM.attributes
                0x000001df       0x2d build/stm32f1xx_hal_pcd_ex.o
 .ARM.attributes
                0x0000020c       0x2d build/stm32f1xx_ll_usb.o
 .ARM.attributes
                0x00000239       0x2d build/stm32f1xx_hal_i2c.o
 .ARM.attributes
                0x00000266       0x2d build/stm32f1xx_hal_tim.o
 .ARM.attributes
                0x00000293       0x2d build/stm32f1xx_hal_tim_ex.o
 .ARM.attributes
                0x000002c0       0x2d build/stm32f1xx_hal_uart.o
 .ARM.attributes
                0x000002ed       0x2d build/stm32f1xx_hal.o
 .ARM.attributes
                0x0000031a       0x2d build/stm32f1xx_hal_rcc.o
 .ARM.attributes
                0x00000347       0x2d build/stm32f1xx_hal_rcc_ex.o
 .ARM.attributes
                0x00000374       0x2d build/stm32f1xx_hal_gpio.o
 .ARM.attributes
                0x000003a1       0x2d build/stm32f1xx_hal_cortex.o
 .ARM.attributes
                0x000003ce       0x2d build/system_stm32f1xx.o
 .ARM.attributes
                0x000003fb       0x2d build/list.o
 .ARM.attributes
                0x00000428       0x2d build/tasks.o
 .ARM.attributes
                0x00000455       0x2d build/cmsis_os.o
 .ARM.attributes
                0x00000482       0x2d build/heap_4.o
 .ARM.attributes
                0x000004af       0x2d build/port.o
 .ARM.attributes
                0x000004dc       0x2d build/usbd_core.o
 .ARM.attributes
                0x00000509       0x2d build/usbd_ctlreq.o
 .ARM.attributes
                0x00000536       0x2d build/usbd_ioreq.o
 .ARM.attributes
                0x00000563       0x2d build/usbd_customhid.o
 .ARM.attributes
                0x00000590       0x2d build/is31fl3236_driver.o
 .ARM.attributes
                0x000005bd       0x2d build/fwtasks.o
 .ARM.attributes
                0x000005ea       0x21 build/startup_stm32f103x6.o
 .ARM.attributes
                0x0000060b       0x2d c:/toolchains/vsarm/armcc/bin/../lib/gcc/arm-none-eabi/8.3.1/../../../../arm-none-eabi/lib/thumb/v7-m/nofp\libc_nano.a(lib_a-init.o)
 .ARM.attributes
                0x00000638       0x1d c:/toolchains/vsarm/armcc/bin/../lib/gcc/arm-none-eabi/8.3.1/thumb/v7-m/nofp/crtn.o
OUTPUT(build/vsarm_firmware.elf elf32-littlearm)

.debug_info     0x00000000    0x2fde8
 .debug_info    0x00000000     0x2014 build/main.o
 .debug_info    0x00002014     0x186a build/usb_device.o
 .debug_info    0x0000387e     0x2fd6 build/usbd_conf.o
 .debug_info    0x00006854     0x1796 build/usbd_desc.o
 .debug_info    0x00007fea     0x17c7 build/usbd_custom_hid_if.o
 .debug_info    0x000097b1     0x1112 build/stm32f1xx_it.o
 .debug_info    0x0000a8c3      0xfc2 build/stm32f1xx_hal_msp.o
 .debug_info    0x0000b885      0xadb build/stm32f1xx_hal_timebase_tim.o
 .debug_info    0x0000c360     0x1623 build/stm32f1xx_hal_pcd.o
 .debug_info    0x0000d983      0x864 build/stm32f1xx_hal_pcd_ex.o
 .debug_info    0x0000e1e7     0x1af6 build/stm32f1xx_ll_usb.o
 .debug_info    0x0000fcdd     0x3e33 build/stm32f1xx_hal_i2c.o
 .debug_info    0x00013b10     0x45a7 build/stm32f1xx_hal_tim.o
 .debug_info    0x000180b7     0x1835 build/stm32f1xx_hal_tim_ex.o
 .debug_info    0x000198ec     0x1ae9 build/stm32f1xx_hal_uart.o
 .debug_info    0x0001b3d5      0x8da build/stm32f1xx_hal.o
 .debug_info    0x0001bcaf      0xb81 build/stm32f1xx_hal_rcc.o
 .debug_info    0x0001c830      0x52f build/stm32f1xx_hal_rcc_ex.o
 .debug_info    0x0001cd5f      0x7a4 build/stm32f1xx_hal_gpio.o
 .debug_info    0x0001d503      0xec2 build/stm32f1xx_hal_cortex.o
 .debug_info    0x0001e3c5      0x4d0 build/system_stm32f1xx.o
 .debug_info    0x0001e895      0xca0 build/list.o
 .debug_info    0x0001f535     0x33fe build/tasks.o
 .debug_info    0x00022933     0x2c16 build/cmsis_os.o
 .debug_info    0x00025549      0xeca build/heap_4.o
 .debug_info    0x00026413      0x5f8 build/port.o
 .debug_info    0x00026a0b     0x1f3f build/usbd_core.o
 .debug_info    0x0002894a     0x2134 build/usbd_ctlreq.o
 .debug_info    0x0002aa7e     0x198c build/usbd_ioreq.o
 .debug_info    0x0002c40a     0x1e30 build/usbd_customhid.o
 .debug_info    0x0002e23a     0x129d build/is31fl3236_driver.o
 .debug_info    0x0002f4d7      0x8ef build/fwtasks.o
 .debug_info    0x0002fdc6       0x22 build/startup_stm32f103x6.o

.debug_abbrev   0x00000000     0x635b
 .debug_abbrev  0x00000000      0x3d2 build/main.o
 .debug_abbrev  0x000003d2      0x247 build/usb_device.o
 .debug_abbrev  0x00000619      0x3f9 build/usbd_conf.o
 .debug_abbrev  0x00000a12      0x3c4 build/usbd_desc.o
 .debug_abbrev  0x00000dd6      0x26a build/usbd_custom_hid_if.o
 .debug_abbrev  0x00001040      0x1ed build/stm32f1xx_it.o
 .debug_abbrev  0x0000122d      0x227 build/stm32f1xx_hal_msp.o
 .debug_abbrev  0x00001454      0x21a build/stm32f1xx_hal_timebase_tim.o
 .debug_abbrev  0x0000166e      0x3ab build/stm32f1xx_hal_pcd.o
 .debug_abbrev  0x00001a19      0x1e3 build/stm32f1xx_hal_pcd_ex.o
 .debug_abbrev  0x00001bfc      0x348 build/stm32f1xx_ll_usb.o
 .debug_abbrev  0x00001f44      0x49c build/stm32f1xx_hal_i2c.o
 .debug_abbrev  0x000023e0      0x3e3 build/stm32f1xx_hal_tim.o
 .debug_abbrev  0x000027c3      0x363 build/stm32f1xx_hal_tim_ex.o
 .debug_abbrev  0x00002b26      0x37d build/stm32f1xx_hal_uart.o
 .debug_abbrev  0x00002ea3      0x291 build/stm32f1xx_hal.o
 .debug_abbrev  0x00003134      0x31d build/stm32f1xx_hal_rcc.o
 .debug_abbrev  0x00003451      0x1f9 build/stm32f1xx_hal_rcc_ex.o
 .debug_abbrev  0x0000364a      0x24d build/stm32f1xx_hal_gpio.o
 .debug_abbrev  0x00003897      0x38d build/stm32f1xx_hal_cortex.o
 .debug_abbrev  0x00003c24      0x153 build/system_stm32f1xx.o
 .debug_abbrev  0x00003d77      0x245 build/list.o
 .debug_abbrev  0x00003fbc      0x553 build/tasks.o
 .debug_abbrev  0x0000450f      0x543 build/cmsis_os.o
 .debug_abbrev  0x00004a52      0x398 build/heap_4.o
 .debug_abbrev  0x00004dea      0x2dc build/port.o
 .debug_abbrev  0x000050c6      0x3cd build/usbd_core.o
 .debug_abbrev  0x00005493      0x458 build/usbd_ctlreq.o
 .debug_abbrev  0x000058eb      0x266 build/usbd_ioreq.o
 .debug_abbrev  0x00005b51      0x34e build/usbd_customhid.o
 .debug_abbrev  0x00005e9f      0x2f0 build/is31fl3236_driver.o
 .debug_abbrev  0x0000618f      0x1ba build/fwtasks.o
 .debug_abbrev  0x00006349       0x12 build/startup_stm32f103x6.o

.debug_loc      0x00000000    0x1b151
 .debug_loc     0x00000000       0xf5 build/main.o
 .debug_loc     0x000000f5       0x2c build/usb_device.o
 .debug_loc     0x00000121      0xf37 build/usbd_conf.o
 .debug_loc     0x00001058      0x43a build/usbd_desc.o
 .debug_loc     0x00001492       0x25 build/usbd_custom_hid_if.o
 .debug_loc     0x000014b7      0x181 build/stm32f1xx_hal_msp.o
 .debug_loc     0x00001638       0xd8 build/stm32f1xx_hal_timebase_tim.o
 .debug_loc     0x00001710      0xf49 build/stm32f1xx_hal_pcd.o
 .debug_loc     0x00002659       0xd5 build/stm32f1xx_hal_pcd_ex.o
 .debug_loc     0x0000272e     0x1e3c build/stm32f1xx_ll_usb.o
 .debug_loc     0x0000456a     0x4a2f build/stm32f1xx_hal_i2c.o
 .debug_loc     0x00008f99     0x5782 build/stm32f1xx_hal_tim.o
 .debug_loc     0x0000e71b     0x1611 build/stm32f1xx_hal_tim_ex.o
 .debug_loc     0x0000fd2c     0x1da0 build/stm32f1xx_hal_uart.o
 .debug_loc     0x00011acc      0x1d1 build/stm32f1xx_hal.o
 .debug_loc     0x00011c9d      0x7a4 build/stm32f1xx_hal_rcc.o
 .debug_loc     0x00012441      0x3f1 build/stm32f1xx_hal_rcc_ex.o
 .debug_loc     0x00012832      0x501 build/stm32f1xx_hal_gpio.o
 .debug_loc     0x00012d33      0x80d build/stm32f1xx_hal_cortex.o
 .debug_loc     0x00013540      0x10f build/system_stm32f1xx.o
 .debug_loc     0x0001364f      0x131 build/list.o
 .debug_loc     0x00013780     0x20af build/tasks.o
 .debug_loc     0x0001582f     0x1d6e build/cmsis_os.o
 .debug_loc     0x0001759d      0x4ac build/heap_4.o
 .debug_loc     0x00017a49      0x1c4 build/port.o
 .debug_loc     0x00017c0d      0xab1 build/usbd_core.o
 .debug_loc     0x000186be      0xf47 build/usbd_ctlreq.o
 .debug_loc     0x00019605      0x344 build/usbd_ioreq.o
 .debug_loc     0x00019949      0x793 build/usbd_customhid.o
 .debug_loc     0x0001a0dc     0x1024 build/is31fl3236_driver.o
 .debug_loc     0x0001b100       0x51 build/fwtasks.o

.debug_aranges  0x00000000     0x1408
 .debug_aranges
                0x00000000       0x40 build/main.o
 .debug_aranges
                0x00000040       0x20 build/usb_device.o
 .debug_aranges
                0x00000060      0x110 build/usbd_conf.o
 .debug_aranges
                0x00000170       0x58 build/usbd_desc.o
 .debug_aranges
                0x000001c8       0x28 build/usbd_custom_hid_if.o
 .debug_aranges
                0x000001f0       0x50 build/stm32f1xx_it.o
 .debug_aranges
                0x00000240       0x40 build/stm32f1xx_hal_msp.o
 .debug_aranges
                0x00000280       0x30 build/stm32f1xx_hal_timebase_tim.o
 .debug_aranges
                0x000002b0       0xc0 build/stm32f1xx_hal_pcd.o
 .debug_aranges
                0x00000370       0x28 build/stm32f1xx_hal_pcd_ex.o
 .debug_aranges
                0x00000398       0xe0 build/stm32f1xx_ll_usb.o
 .debug_aranges
                0x00000478      0x1a8 build/stm32f1xx_hal_i2c.o
 .debug_aranges
                0x00000620      0x278 build/stm32f1xx_hal_tim.o
 .debug_aranges
                0x00000898       0xf0 build/stm32f1xx_hal_tim_ex.o
 .debug_aranges
                0x00000988      0x168 build/stm32f1xx_hal_uart.o
 .debug_aranges
                0x00000af0       0xd8 build/stm32f1xx_hal.o
 .debug_aranges
                0x00000bc8       0x88 build/stm32f1xx_hal_rcc.o
 .debug_aranges
                0x00000c50       0x30 build/stm32f1xx_hal_rcc_ex.o
 .debug_aranges
                0x00000c80       0x58 build/stm32f1xx_hal_gpio.o
 .debug_aranges
                0x00000cd8       0x90 build/stm32f1xx_hal_cortex.o
 .debug_aranges
                0x00000d68       0x28 build/system_stm32f1xx.o
 .debug_aranges
                0x00000d90       0x40 build/list.o
 .debug_aranges
                0x00000dd0      0x178 build/tasks.o
 .debug_aranges
                0x00000f48      0x190 build/cmsis_os.o
 .debug_aranges
                0x000010d8       0x48 build/heap_4.o
 .debug_aranges
                0x00001120       0x78 build/port.o
 .debug_aranges
                0x00001198       0xa8 build/usbd_core.o
 .debug_aranges
                0x00001240       0x48 build/usbd_ctlreq.o
 .debug_aranges
                0x00001288       0x50 build/usbd_ioreq.o
 .debug_aranges
                0x000012d8       0x78 build/usbd_customhid.o
 .debug_aranges
                0x00001350       0x70 build/is31fl3236_driver.o
 .debug_aranges
                0x000013c0       0x20 build/fwtasks.o
 .debug_aranges
                0x000013e0       0x28 build/startup_stm32f103x6.o

.debug_ranges   0x00000000     0x2c20
 .debug_ranges  0x00000000      0x118 build/main.o
 .debug_ranges  0x00000118       0x10 build/usb_device.o
 .debug_ranges  0x00000128      0x230 build/usbd_conf.o
 .debug_ranges  0x00000358       0xb0 build/usbd_desc.o
 .debug_ranges  0x00000408       0x18 build/usbd_custom_hid_if.o
 .debug_ranges  0x00000420       0x40 build/stm32f1xx_it.o
 .debug_ranges  0x00000460       0xe8 build/stm32f1xx_hal_msp.o
 .debug_ranges  0x00000548       0x48 build/stm32f1xx_hal_timebase_tim.o
 .debug_ranges  0x00000590      0x178 build/stm32f1xx_hal_pcd.o
 .debug_ranges  0x00000708       0x18 build/stm32f1xx_hal_pcd_ex.o
 .debug_ranges  0x00000720      0x488 build/stm32f1xx_ll_usb.o
 .debug_ranges  0x00000ba8      0x640 build/stm32f1xx_hal_i2c.o
 .debug_ranges  0x000011e8      0x550 build/stm32f1xx_hal_tim.o
 .debug_ranges  0x00001738      0x1d0 build/stm32f1xx_hal_tim_ex.o
 .debug_ranges  0x00001908      0x208 build/stm32f1xx_hal_uart.o
 .debug_ranges  0x00001b10       0xc8 build/stm32f1xx_hal.o
 .debug_ranges  0x00001bd8      0x128 build/stm32f1xx_hal_rcc.o
 .debug_ranges  0x00001d00       0x60 build/stm32f1xx_hal_rcc_ex.o
 .debug_ranges  0x00001d60       0x68 build/stm32f1xx_hal_gpio.o
 .debug_ranges  0x00001dc8      0x180 build/stm32f1xx_hal_cortex.o
 .debug_ranges  0x00001f48       0x18 build/system_stm32f1xx.o
 .debug_ranges  0x00001f60       0x30 build/list.o
 .debug_ranges  0x00001f90      0x310 build/tasks.o
 .debug_ranges  0x000022a0      0x3d8 build/cmsis_os.o
 .debug_ranges  0x00002678       0x38 build/heap_4.o
 .debug_ranges  0x000026b0       0xb0 build/port.o
 .debug_ranges  0x00002760       0x98 build/usbd_core.o
 .debug_ranges  0x000027f8       0xd8 build/usbd_ctlreq.o
 .debug_ranges  0x000028d0       0x40 build/usbd_ioreq.o
 .debug_ranges  0x00002910       0x68 build/usbd_customhid.o
 .debug_ranges  0x00002978      0x278 build/is31fl3236_driver.o
 .debug_ranges  0x00002bf0       0x10 build/fwtasks.o
 .debug_ranges  0x00002c00       0x20 build/startup_stm32f103x6.o

.debug_line     0x00000000    0x1948b
 .debug_line    0x00000000      0x70f build/main.o
 .debug_line    0x0000070f      0x3e9 build/usb_device.o
 .debug_line    0x00000af8      0x991 build/usbd_conf.o
 .debug_line    0x00001489      0x4ca build/usbd_desc.o
 .debug_line    0x00001953      0x388 build/usbd_custom_hid_if.o
 .debug_line    0x00001cdb      0x2fa build/stm32f1xx_it.o
 .debug_line    0x00001fd5      0x403 build/stm32f1xx_hal_msp.o
 .debug_line    0x000023d8      0x2c4 build/stm32f1xx_hal_timebase_tim.o
 .debug_line    0x0000269c      0xe62 build/stm32f1xx_hal_pcd.o
 .debug_line    0x000034fe      0x25e build/stm32f1xx_hal_pcd_ex.o
 .debug_line    0x0000375c      0xec9 build/stm32f1xx_ll_usb.o
 .debug_line    0x00004625     0x509d build/stm32f1xx_hal_i2c.o
 .debug_line    0x000096c2     0x3912 build/stm32f1xx_hal_tim.o
 .debug_line    0x0000cfd4      0xf3d build/stm32f1xx_hal_tim_ex.o
 .debug_line    0x0000df11     0x1edf build/stm32f1xx_hal_uart.o
 .debug_line    0x0000fdf0      0x504 build/stm32f1xx_hal.o
 .debug_line    0x000102f4      0xd24 build/stm32f1xx_hal_rcc.o
 .debug_line    0x00011018      0x4ca build/stm32f1xx_hal_rcc_ex.o
 .debug_line    0x000114e2      0x671 build/stm32f1xx_hal_gpio.o
 .debug_line    0x00011b53      0x6b2 build/stm32f1xx_hal_cortex.o
 .debug_line    0x00012205      0x286 build/system_stm32f1xx.o
 .debug_line    0x0001248b      0x3f5 build/list.o
 .debug_line    0x00012880     0x251c build/tasks.o
 .debug_line    0x00014d9c     0x12f7 build/cmsis_os.o
 .debug_line    0x00016093      0x690 build/heap_4.o
 .debug_line    0x00016723      0x674 build/port.o
 .debug_line    0x00016d97      0x8b7 build/usbd_core.o
 .debug_line    0x0001764e      0x9b9 build/usbd_ctlreq.o
 .debug_line    0x00018007      0x441 build/usbd_ioreq.o
 .debug_line    0x00018448      0x775 build/usbd_customhid.o
 .debug_line    0x00018bbd      0x5e1 build/is31fl3236_driver.o
 .debug_line    0x0001919e      0x27b build/fwtasks.o
 .debug_line    0x00019419       0x72 build/startup_stm32f103x6.o

.debug_str      0x00000000     0x74ab
 .debug_str     0x00000000     0x134e build/main.o
                               0x146c (size before relaxing)
 .debug_str     0x0000134e      0x413 build/usb_device.o
                               0x1074 (size before relaxing)
 .debug_str     0x00001761      0xb10 build/usbd_conf.o
                               0x1b21 (size before relaxing)
 .debug_str     0x00002271      0x171 build/usbd_desc.o
                                0xe67 (size before relaxing)
 .debug_str     0x000023e2       0x7b build/usbd_custom_hid_if.o
                               0x1071 (size before relaxing)
 .debug_str     0x0000245d       0xd2 build/stm32f1xx_it.o
                                0xd88 (size before relaxing)
 .debug_str     0x0000252f       0xa9 build/stm32f1xx_hal_msp.o
                                0xd68 (size before relaxing)
 .debug_str     0x000025d8       0xde build/stm32f1xx_hal_timebase_tim.o
                                0xa9b (size before relaxing)
 .debug_str     0x000026b6      0x27c build/stm32f1xx_hal_pcd.o
                                0xaf3 (size before relaxing)
 .debug_str     0x00002932      0x159 build/stm32f1xx_hal_pcd_ex.o
                                0x789 (size before relaxing)
 .debug_str     0x00002a8b      0x19f build/stm32f1xx_ll_usb.o
                                0x7f3 (size before relaxing)
 .debug_str     0x00002c2a      0x8a7 build/stm32f1xx_hal_i2c.o
                               0x104f (size before relaxing)
 .debug_str     0x000034d1      0xdbd build/stm32f1xx_hal_tim.o
                               0x151d (size before relaxing)
 .debug_str     0x0000428e      0x545 build/stm32f1xx_hal_tim_ex.o
                                0xd35 (size before relaxing)
 .debug_str     0x000047d3      0x50f build/stm32f1xx_hal_uart.o
                                0xc65 (size before relaxing)
 .debug_str     0x00004ce2      0x219 build/stm32f1xx_hal.o
                                0x83f (size before relaxing)
 .debug_str     0x00004efb      0x18c build/stm32f1xx_hal_rcc.o
                                0x6ce (size before relaxing)
 .debug_str     0x00005087       0x9c build/stm32f1xx_hal_rcc_ex.o
                                0x4ad (size before relaxing)
 .debug_str     0x00005123      0x112 build/stm32f1xx_hal_gpio.o
                                0x4ec (size before relaxing)
 .debug_str     0x00005235      0x30c build/stm32f1xx_hal_cortex.o
                                0x961 (size before relaxing)
 .debug_str     0x00005541       0x4a build/system_stm32f1xx.o
                                0x35b (size before relaxing)
 .debug_str     0x0000558b      0x163 build/list.o
                                0x700 (size before relaxing)
 .debug_str     0x000056ee      0xba2 build/tasks.o
                               0x128d (size before relaxing)
 .debug_str     0x00006290      0x7d7 build/cmsis_os.o
                               0x11c7 (size before relaxing)
 .debug_str     0x00006a67      0x1de build/heap_4.o
                                0x7e9 (size before relaxing)
 .debug_str     0x00006c45      0x16d build/port.o
                                0x476 (size before relaxing)
 .debug_str     0x00006db2      0x13e build/usbd_core.o
                               0x124d (size before relaxing)
 .debug_str     0x00006ef0       0xe2 build/usbd_ctlreq.o
                               0x1167 (size before relaxing)
 .debug_str     0x00006fd2       0x60 build/usbd_ioreq.o
                               0x1094 (size before relaxing)
 .debug_str     0x00007032      0x2ae build/usbd_customhid.o
                               0x1366 (size before relaxing)
 .debug_str     0x000072e0      0x199 build/is31fl3236_driver.o
                                0x9f7 (size before relaxing)
 .debug_str     0x00007479        0xe build/fwtasks.o
                                0x835 (size before relaxing)
 .debug_str     0x00007487       0x24 build/startup_stm32f103x6.o
                                 0x6a (size before relaxing)

.comment        0x00000000       0x76
 .comment       0x00000000       0x76 build/main.o
                                 0x77 (size before relaxing)
 .comment       0x00000076       0x77 build/usb_device.o
 .comment       0x00000076       0x77 build/usbd_conf.o
 .comment       0x00000076       0x77 build/usbd_desc.o
 .comment       0x00000076       0x77 build/usbd_custom_hid_if.o
 .comment       0x00000076       0x77 build/stm32f1xx_it.o
 .comment       0x00000076       0x77 build/stm32f1xx_hal_msp.o
 .comment       0x00000076       0x77 build/stm32f1xx_hal_timebase_tim.o
 .comment       0x00000076       0x77 build/stm32f1xx_hal_pcd.o
 .comment       0x00000076       0x77 build/stm32f1xx_hal_pcd_ex.o
 .comment       0x00000076       0x77 build/stm32f1xx_ll_usb.o
 .comment       0x00000076       0x77 build/stm32f1xx_hal_i2c.o
 .comment       0x00000076       0x77 build/stm32f1xx_hal_tim.o
 .comment       0x00000076       0x77 build/stm32f1xx_hal_tim_ex.o
 .comment       0x00000076       0x77 build/stm32f1xx_hal_uart.o
 .comment       0x00000076       0x77 build/stm32f1xx_hal.o
 .comment       0x00000076       0x77 build/stm32f1xx_hal_rcc.o
 .comment       0x00000076       0x77 build/stm32f1xx_hal_rcc_ex.o
 .comment       0x00000076       0x77 build/stm32f1xx_hal_gpio.o
 .comment       0x00000076       0x77 build/stm32f1xx_hal_cortex.o
 .comment       0x00000076       0x77 build/system_stm32f1xx.o
 .comment       0x00000076       0x77 build/list.o
 .comment       0x00000076       0x77 build/tasks.o
 .comment       0x00000076       0x77 build/cmsis_os.o
 .comment       0x00000076       0x77 build/heap_4.o
 .comment       0x00000076       0x77 build/port.o
 .comment       0x00000076       0x77 build/usbd_core.o
 .comment       0x00000076       0x77 build/usbd_ctlreq.o
 .comment       0x00000076       0x77 build/usbd_ioreq.o
 .comment       0x00000076       0x77 build/usbd_customhid.o
 .comment       0x00000076       0x77 build/is31fl3236_driver.o
 .comment       0x00000076       0x77 build/fwtasks.o

.debug_frame    0x00000000     0x4858
 .debug_frame   0x00000000       0x90 build/main.o
 .debug_frame   0x00000090       0x30 build/usb_device.o
 .debug_frame   0x000000c0      0x2c4 build/usbd_conf.o
 .debug_frame   0x00000384       0xe8 build/usbd_desc.o
 .debug_frame   0x0000046c       0x40 build/usbd_custom_hid_if.o
 .debug_frame   0x000004ac       0x90 build/stm32f1xx_it.o
 .debug_frame   0x0000053c       0xa8 build/stm32f1xx_hal_msp.o
 .debug_frame   0x000005e4       0x58 build/stm32f1xx_hal_timebase_tim.o
 .debug_frame   0x0000063c      0x33c build/stm32f1xx_hal_pcd.o
 .debug_frame   0x00000978       0x50 build/stm32f1xx_hal_pcd_ex.o
 .debug_frame   0x000009c8      0x2f8 build/stm32f1xx_ll_usb.o
 .debug_frame   0x00000cc0      0xa40 build/stm32f1xx_hal_i2c.o
 .debug_frame   0x00001700      0xb50 build/stm32f1xx_hal_tim.o
 .debug_frame   0x00002250      0x3f4 build/stm32f1xx_hal_tim_ex.o
 .debug_frame   0x00002644      0x5e0 build/stm32f1xx_hal_uart.o
 .debug_frame   0x00002c24      0x1e8 build/stm32f1xx_hal.o
 .debug_frame   0x00002e0c      0x1dc build/stm32f1xx_hal_rcc.o
 .debug_frame   0x00002fe8       0x84 build/stm32f1xx_hal_rcc_ex.o
 .debug_frame   0x0000306c      0x110 build/stm32f1xx_hal_gpio.o
 .debug_frame   0x0000317c      0x14c build/stm32f1xx_hal_cortex.o
 .debug_frame   0x000032c8       0x40 build/system_stm32f1xx.o
 .debug_frame   0x00003308       0x8c build/list.o
 .debug_frame   0x00003394      0x664 build/tasks.o
 .debug_frame   0x000039f8      0x5bc build/cmsis_os.o
 .debug_frame   0x00003fb4       0xb8 build/heap_4.o
 .debug_frame   0x0000406c      0x110 build/port.o
 .debug_frame   0x0000417c      0x1f4 build/usbd_core.o
 .debug_frame   0x00004370       0xe4 build/usbd_ctlreq.o
 .debug_frame   0x00004454       0xd0 build/usbd_ioreq.o
 .debug_frame   0x00004524      0x13c build/usbd_customhid.o
 .debug_frame   0x00004660      0x1a0 build/is31fl3236_driver.o
 .debug_frame   0x00004800       0x2c build/fwtasks.o
 .debug_frame   0x0000482c       0x2c c:/toolchains/vsarm/armcc/bin/../lib/gcc/arm-none-eabi/8.3.1/../../../../arm-none-eabi/lib/thumb/v7-m/nofp\libc_nano.a(lib_a-init.o)

Cross Reference Table

Symbol                                            File
ADC1_2_IRQHandler                                 build/startup_stm32f103x6.o
AHBPrescTable                                     build/system_stm32f1xx.o
                                                  build/stm32f1xx_hal_rcc.o
APBPrescTable                                     build/system_stm32f1xx.o
                                                  build/stm32f1xx_hal_rcc.o
BusFault_Handler                                  build/stm32f1xx_it.o
CAN1_RX1_IRQHandler                               build/startup_stm32f103x6.o
CAN1_SCE_IRQHandler                               build/startup_stm32f103x6.o
DMA1_Channel1_IRQHandler                          build/startup_stm32f103x6.o
DMA1_Channel2_IRQHandler                          build/startup_stm32f103x6.o
DMA1_Channel3_IRQHandler                          build/startup_stm32f103x6.o
DMA1_Channel4_IRQHandler                          build/startup_stm32f103x6.o
DMA1_Channel5_IRQHandler                          build/startup_stm32f103x6.o
DMA1_Channel6_IRQHandler                          build/startup_stm32f103x6.o
DMA1_Channel7_IRQHandler                          build/startup_stm32f103x6.o
DebugMon_Handler                                  build/stm32f1xx_it.o
Default_Handler                                   build/startup_stm32f103x6.o
EXTI0_IRQHandler                                  build/startup_stm32f103x6.o
EXTI15_10_IRQHandler                              build/startup_stm32f103x6.o
EXTI1_IRQHandler                                  build/startup_stm32f103x6.o
EXTI2_IRQHandler                                  build/startup_stm32f103x6.o
EXTI3_IRQHandler                                  build/startup_stm32f103x6.o
EXTI4_IRQHandler                                  build/startup_stm32f103x6.o
EXTI9_5_IRQHandler                                build/startup_stm32f103x6.o
Error_Handler                                     build/main.o
                                                  build/usbd_conf.o
                                                  build/usb_device.o
FLASH_IRQHandler                                  build/startup_stm32f103x6.o
FLASH_PageErase                                   build/stm32f1xx_hal_flash_ex.o
                                                  build/stm32f1xx_hal_flash.o
FLASH_WaitForLastOperation                        build/stm32f1xx_hal_flash.o
                                                  build/stm32f1xx_hal_flash_ex.o
FS_Desc                                           build/usbd_desc.o
                                                  build/usb_device.o
HAL_DBGMCU_DisableDBGSleepMode                    build/stm32f1xx_hal.o
HAL_DBGMCU_DisableDBGStandbyMode                  build/stm32f1xx_hal.o
HAL_DBGMCU_DisableDBGStopMode                     build/stm32f1xx_hal.o
HAL_DBGMCU_EnableDBGSleepMode                     build/stm32f1xx_hal.o
HAL_DBGMCU_EnableDBGStandbyMode                   build/stm32f1xx_hal.o
HAL_DBGMCU_EnableDBGStopMode                      build/stm32f1xx_hal.o
HAL_DMA_Abort                                     build/stm32f1xx_hal_dma.o
                                                  build/stm32f1xx_hal_uart.o
HAL_DMA_Abort_IT                                  build/stm32f1xx_hal_dma.o
                                                  build/stm32f1xx_hal_uart.o
                                                  build/stm32f1xx_hal_tim_ex.o
                                                  build/stm32f1xx_hal_tim.o
                                                  build/stm32f1xx_hal_i2c.o
HAL_DMA_DeInit                                    build/stm32f1xx_hal_dma.o
HAL_DMA_GetError                                  build/stm32f1xx_hal_dma.o
                                                  build/stm32f1xx_hal_uart.o
HAL_DMA_GetState                                  build/stm32f1xx_hal_dma.o
                                                  build/stm32f1xx_hal_i2c.o
HAL_DMA_IRQHandler                                build/stm32f1xx_hal_dma.o
HAL_DMA_Init                                      build/stm32f1xx_hal_dma.o
HAL_DMA_PollForTransfer                           build/stm32f1xx_hal_dma.o
HAL_DMA_RegisterCallback                          build/stm32f1xx_hal_dma.o
HAL_DMA_Start                                     build/stm32f1xx_hal_dma.o
HAL_DMA_Start_IT                                  build/stm32f1xx_hal_dma.o
                                                  build/stm32f1xx_hal_uart.o
                                                  build/stm32f1xx_hal_tim_ex.o
                                                  build/stm32f1xx_hal_tim.o
                                                  build/stm32f1xx_hal_i2c.o
HAL_DMA_UnRegisterCallback                        build/stm32f1xx_hal_dma.o
HAL_DeInit                                        build/stm32f1xx_hal.o
HAL_Delay                                         build/stm32f1xx_hal.o
                                                  build/usbd_conf.o
HAL_EXTI_ClearConfigLine                          build/stm32f1xx_hal_exti.o
HAL_EXTI_ClearPending                             build/stm32f1xx_hal_exti.o
HAL_EXTI_GenerateSWI                              build/stm32f1xx_hal_exti.o
HAL_EXTI_GetConfigLine                            build/stm32f1xx_hal_exti.o
HAL_EXTI_GetHandle                                build/stm32f1xx_hal_exti.o
HAL_EXTI_GetPending                               build/stm32f1xx_hal_exti.o
HAL_EXTI_IRQHandler                               build/stm32f1xx_hal_exti.o
HAL_EXTI_RegisterCallback                         build/stm32f1xx_hal_exti.o
HAL_EXTI_SetConfigLine                            build/stm32f1xx_hal_exti.o
HAL_FLASHEx_Erase                                 build/stm32f1xx_hal_flash_ex.o
HAL_FLASHEx_Erase_IT                              build/stm32f1xx_hal_flash_ex.o
HAL_FLASHEx_OBErase                               build/stm32f1xx_hal_flash_ex.o
HAL_FLASHEx_OBGetConfig                           build/stm32f1xx_hal_flash_ex.o
HAL_FLASHEx_OBGetUserData                         build/stm32f1xx_hal_flash_ex.o
HAL_FLASHEx_OBProgram                             build/stm32f1xx_hal_flash_ex.o
HAL_FLASH_EndOfOperationCallback                  build/stm32f1xx_hal_flash.o
HAL_FLASH_GetError                                build/stm32f1xx_hal_flash.o
HAL_FLASH_IRQHandler                              build/stm32f1xx_hal_flash.o
HAL_FLASH_Lock                                    build/stm32f1xx_hal_flash.o
HAL_FLASH_OB_Launch                               build/stm32f1xx_hal_flash.o
HAL_FLASH_OB_Lock                                 build/stm32f1xx_hal_flash.o
HAL_FLASH_OB_Unlock                               build/stm32f1xx_hal_flash.o
HAL_FLASH_OperationErrorCallback                  build/stm32f1xx_hal_flash.o
HAL_FLASH_Program                                 build/stm32f1xx_hal_flash.o
HAL_FLASH_Program_IT                              build/stm32f1xx_hal_flash.o
HAL_FLASH_Unlock                                  build/stm32f1xx_hal_flash.o
HAL_GPIOEx_ConfigEventout                         build/stm32f1xx_hal_gpio_ex.o
HAL_GPIOEx_DisableEventout                        build/stm32f1xx_hal_gpio_ex.o
HAL_GPIOEx_EnableEventout                         build/stm32f1xx_hal_gpio_ex.o
HAL_GPIO_DeInit                                   build/stm32f1xx_hal_gpio.o
                                                  build/stm32f1xx_hal_msp.o
HAL_GPIO_EXTI_Callback                            build/stm32f1xx_hal_gpio.o
HAL_GPIO_EXTI_IRQHandler                          build/stm32f1xx_hal_gpio.o
HAL_GPIO_Init                                     build/stm32f1xx_hal_gpio.o
                                                  build/stm32f1xx_hal_rcc.o
                                                  build/stm32f1xx_hal_msp.o
                                                  build/main.o
HAL_GPIO_LockPin                                  build/stm32f1xx_hal_gpio.o
HAL_GPIO_ReadPin                                  build/stm32f1xx_hal_gpio.o
HAL_GPIO_TogglePin                                build/stm32f1xx_hal_gpio.o
HAL_GPIO_WritePin                                 build/stm32f1xx_hal_gpio.o
                                                  build/is31fl3236_driver.o
                                                  build/main.o
HAL_GetDEVID                                      build/stm32f1xx_hal.o
HAL_GetHalVersion                                 build/stm32f1xx_hal.o
HAL_GetREVID                                      build/stm32f1xx_hal.o
HAL_GetTick                                       build/stm32f1xx_hal.o
                                                  build/stm32f1xx_hal_flash.o
                                                  build/stm32f1xx_hal_dma.o
                                                  build/stm32f1xx_hal_rcc_ex.o
                                                  build/stm32f1xx_hal_rcc.o
                                                  build/stm32f1xx_hal_uart.o
                                                  build/stm32f1xx_hal_i2c.o
HAL_GetTickFreq                                   build/stm32f1xx_hal.o
HAL_GetTickPrio                                   build/stm32f1xx_hal.o
HAL_GetUIDw0                                      build/stm32f1xx_hal.o
HAL_GetUIDw1                                      build/stm32f1xx_hal.o
HAL_GetUIDw2                                      build/stm32f1xx_hal.o
HAL_HalfDuplex_EnableReceiver                     build/stm32f1xx_hal_uart.o
HAL_HalfDuplex_EnableTransmitter                  build/stm32f1xx_hal_uart.o
HAL_HalfDuplex_Init                               build/stm32f1xx_hal_uart.o
HAL_I2C_AbortCpltCallback                         build/stm32f1xx_hal_i2c.o
HAL_I2C_AddrCallback                              build/stm32f1xx_hal_i2c.o
HAL_I2C_DeInit                                    build/stm32f1xx_hal_i2c.o
HAL_I2C_DisableListen_IT                          build/stm32f1xx_hal_i2c.o
HAL_I2C_ER_IRQHandler                             build/stm32f1xx_hal_i2c.o
HAL_I2C_EV_IRQHandler                             build/stm32f1xx_hal_i2c.o
HAL_I2C_EnableListen_IT                           build/stm32f1xx_hal_i2c.o
HAL_I2C_ErrorCallback                             build/stm32f1xx_hal_i2c.o
HAL_I2C_GetError                                  build/stm32f1xx_hal_i2c.o
HAL_I2C_GetMode                                   build/stm32f1xx_hal_i2c.o
HAL_I2C_GetState                                  build/stm32f1xx_hal_i2c.o
HAL_I2C_Init                                      build/stm32f1xx_hal_i2c.o
                                                  build/main.o
HAL_I2C_IsDeviceReady                             build/stm32f1xx_hal_i2c.o
HAL_I2C_ListenCpltCallback                        build/stm32f1xx_hal_i2c.o
HAL_I2C_MasterRxCpltCallback                      build/stm32f1xx_hal_i2c.o
HAL_I2C_MasterTxCpltCallback                      build/stm32f1xx_hal_i2c.o
HAL_I2C_Master_Abort_IT                           build/stm32f1xx_hal_i2c.o
HAL_I2C_Master_Receive                            build/stm32f1xx_hal_i2c.o
HAL_I2C_Master_Receive_DMA                        build/stm32f1xx_hal_i2c.o
HAL_I2C_Master_Receive_IT                         build/stm32f1xx_hal_i2c.o
HAL_I2C_Master_Seq_Receive_DMA                    build/stm32f1xx_hal_i2c.o
HAL_I2C_Master_Seq_Receive_IT                     build/stm32f1xx_hal_i2c.o
HAL_I2C_Master_Seq_Transmit_DMA                   build/stm32f1xx_hal_i2c.o
HAL_I2C_Master_Seq_Transmit_IT                    build/stm32f1xx_hal_i2c.o
HAL_I2C_Master_Transmit                           build/stm32f1xx_hal_i2c.o
                                                  build/is31fl3236_driver.o
HAL_I2C_Master_Transmit_DMA                       build/stm32f1xx_hal_i2c.o
HAL_I2C_Master_Transmit_IT                        build/stm32f1xx_hal_i2c.o
HAL_I2C_MemRxCpltCallback                         build/stm32f1xx_hal_i2c.o
HAL_I2C_MemTxCpltCallback                         build/stm32f1xx_hal_i2c.o
HAL_I2C_Mem_Read                                  build/stm32f1xx_hal_i2c.o
HAL_I2C_Mem_Read_DMA                              build/stm32f1xx_hal_i2c.o
HAL_I2C_Mem_Read_IT                               build/stm32f1xx_hal_i2c.o
HAL_I2C_Mem_Write                                 build/stm32f1xx_hal_i2c.o
HAL_I2C_Mem_Write_DMA                             build/stm32f1xx_hal_i2c.o
HAL_I2C_Mem_Write_IT                              build/stm32f1xx_hal_i2c.o
HAL_I2C_MspDeInit                                 build/stm32f1xx_hal_msp.o
HAL_I2C_MspInit                                   build/stm32f1xx_hal_msp.o
HAL_I2C_SlaveRxCpltCallback                       build/stm32f1xx_hal_i2c.o
HAL_I2C_SlaveTxCpltCallback                       build/stm32f1xx_hal_i2c.o
HAL_I2C_Slave_Receive                             build/stm32f1xx_hal_i2c.o
HAL_I2C_Slave_Receive_DMA                         build/stm32f1xx_hal_i2c.o
HAL_I2C_Slave_Receive_IT                          build/stm32f1xx_hal_i2c.o
HAL_I2C_Slave_Seq_Receive_DMA                     build/stm32f1xx_hal_i2c.o
HAL_I2C_Slave_Seq_Receive_IT                      build/stm32f1xx_hal_i2c.o
HAL_I2C_Slave_Seq_Transmit_DMA                    build/stm32f1xx_hal_i2c.o
HAL_I2C_Slave_Seq_Transmit_IT                     build/stm32f1xx_hal_i2c.o
HAL_I2C_Slave_Transmit                            build/stm32f1xx_hal_i2c.o
HAL_I2C_Slave_Transmit_DMA                        build/stm32f1xx_hal_i2c.o
HAL_I2C_Slave_Transmit_IT                         build/stm32f1xx_hal_i2c.o
HAL_IncTick                                       build/stm32f1xx_hal.o
                                                  build/main.o
HAL_Init                                          build/stm32f1xx_hal.o
                                                  build/main.o
HAL_InitTick                                      build/stm32f1xx_hal_timebase_tim.o
                                                  build/stm32f1xx_hal_rcc.o
HAL_LIN_Init                                      build/stm32f1xx_hal_uart.o
HAL_LIN_SendBreak                                 build/stm32f1xx_hal_uart.o
HAL_MspDeInit                                     build/stm32f1xx_hal.o
HAL_MspInit                                       build/stm32f1xx_hal_msp.o
HAL_MultiProcessor_EnterMuteMode                  build/stm32f1xx_hal_uart.o
HAL_MultiProcessor_ExitMuteMode                   build/stm32f1xx_hal_uart.o
HAL_MultiProcessor_Init                           build/stm32f1xx_hal_uart.o
HAL_NVIC_ClearPendingIRQ                          build/stm32f1xx_hal_cortex.o
HAL_NVIC_DisableIRQ                               build/stm32f1xx_hal_cortex.o
                                                  build/usbd_conf.o
HAL_NVIC_EnableIRQ                                build/stm32f1xx_hal_cortex.o
                                                  build/stm32f1xx_hal_timebase_tim.o
                                                  build/usbd_conf.o
HAL_NVIC_GetActive                                build/stm32f1xx_hal_cortex.o
HAL_NVIC_GetPendingIRQ                            build/stm32f1xx_hal_cortex.o
HAL_NVIC_GetPriority                              build/stm32f1xx_hal_cortex.o
HAL_NVIC_GetPriorityGrouping                      build/stm32f1xx_hal_cortex.o
HAL_NVIC_SetPendingIRQ                            build/stm32f1xx_hal_cortex.o
HAL_NVIC_SetPriority                              build/stm32f1xx_hal_cortex.o
                                                  build/stm32f1xx_hal.o
                                                  build/stm32f1xx_hal_timebase_tim.o
                                                  build/stm32f1xx_hal_msp.o
                                                  build/usbd_conf.o
HAL_NVIC_SetPriorityGrouping                      build/stm32f1xx_hal_cortex.o
                                                  build/stm32f1xx_hal.o
HAL_NVIC_SystemReset                              build/stm32f1xx_hal_cortex.o
                                                  build/stm32f1xx_hal_flash.o
HAL_PCDEx_BCD_Callback                            build/stm32f1xx_hal_pcd_ex.o
HAL_PCDEx_LPM_Callback                            build/stm32f1xx_hal_pcd_ex.o
HAL_PCDEx_PMAConfig                               build/stm32f1xx_hal_pcd_ex.o
                                                  build/usbd_conf.o
HAL_PCDEx_SetConnectionState                      build/usbd_conf.o
                                                  build/stm32f1xx_hal_pcd.o
HAL_PCD_ActivateRemoteWakeup                      build/stm32f1xx_hal_pcd.o
HAL_PCD_ConnectCallback                           build/usbd_conf.o
HAL_PCD_DataInStageCallback                       build/usbd_conf.o
HAL_PCD_DataOutStageCallback                      build/usbd_conf.o
HAL_PCD_DeActivateRemoteWakeup                    build/stm32f1xx_hal_pcd.o
HAL_PCD_DeInit                                    build/stm32f1xx_hal_pcd.o
                                                  build/usbd_conf.o
HAL_PCD_DevConnect                                build/stm32f1xx_hal_pcd.o
HAL_PCD_DevDisconnect                             build/stm32f1xx_hal_pcd.o
HAL_PCD_DisconnectCallback                        build/usbd_conf.o
HAL_PCD_EP_Close                                  build/stm32f1xx_hal_pcd.o
                                                  build/usbd_conf.o
HAL_PCD_EP_ClrStall                               build/stm32f1xx_hal_pcd.o
                                                  build/usbd_conf.o
HAL_PCD_EP_Flush                                  build/stm32f1xx_hal_pcd.o
                                                  build/usbd_conf.o
HAL_PCD_EP_GetRxCount                             build/stm32f1xx_hal_pcd.o
                                                  build/usbd_conf.o
HAL_PCD_EP_Open                                   build/stm32f1xx_hal_pcd.o
                                                  build/usbd_conf.o
HAL_PCD_EP_Receive                                build/stm32f1xx_hal_pcd.o
                                                  build/usbd_conf.o
HAL_PCD_EP_SetStall                               build/stm32f1xx_hal_pcd.o
                                                  build/usbd_conf.o
HAL_PCD_EP_Transmit                               build/stm32f1xx_hal_pcd.o
                                                  build/usbd_conf.o
HAL_PCD_GetState                                  build/stm32f1xx_hal_pcd.o
HAL_PCD_IRQHandler                                build/stm32f1xx_hal_pcd.o
                                                  build/stm32f1xx_it.o
HAL_PCD_ISOINIncompleteCallback                   build/usbd_conf.o
HAL_PCD_ISOOUTIncompleteCallback                  build/usbd_conf.o
HAL_PCD_Init                                      build/stm32f1xx_hal_pcd.o
                                                  build/usbd_conf.o
HAL_PCD_MspDeInit                                 build/usbd_conf.o
HAL_PCD_MspInit                                   build/usbd_conf.o
HAL_PCD_ResetCallback                             build/usbd_conf.o
HAL_PCD_ResumeCallback                            build/usbd_conf.o
HAL_PCD_SOFCallback                               build/usbd_conf.o
HAL_PCD_SetAddress                                build/stm32f1xx_hal_pcd.o
                                                  build/usbd_conf.o
HAL_PCD_SetupStageCallback                        build/usbd_conf.o
HAL_PCD_Start                                     build/stm32f1xx_hal_pcd.o
                                                  build/usbd_conf.o
HAL_PCD_Stop                                      build/stm32f1xx_hal_pcd.o
                                                  build/usbd_conf.o
HAL_PCD_SuspendCallback                           build/usbd_conf.o
HAL_PWR_ConfigPVD                                 build/stm32f1xx_hal_pwr.o
HAL_PWR_DeInit                                    build/stm32f1xx_hal_pwr.o
HAL_PWR_DisableBkUpAccess                         build/stm32f1xx_hal_pwr.o
HAL_PWR_DisablePVD                                build/stm32f1xx_hal_pwr.o
HAL_PWR_DisableSEVOnPend                          build/stm32f1xx_hal_pwr.o
HAL_PWR_DisableSleepOnExit                        build/stm32f1xx_hal_pwr.o
HAL_PWR_DisableWakeUpPin                          build/stm32f1xx_hal_pwr.o
HAL_PWR_EnableBkUpAccess                          build/stm32f1xx_hal_pwr.o
HAL_PWR_EnablePVD                                 build/stm32f1xx_hal_pwr.o
HAL_PWR_EnableSEVOnPend                           build/stm32f1xx_hal_pwr.o
HAL_PWR_EnableSleepOnExit                         build/stm32f1xx_hal_pwr.o
HAL_PWR_EnableWakeUpPin                           build/stm32f1xx_hal_pwr.o
HAL_PWR_EnterSLEEPMode                            build/stm32f1xx_hal_pwr.o
HAL_PWR_EnterSTANDBYMode                          build/stm32f1xx_hal_pwr.o
HAL_PWR_EnterSTOPMode                             build/stm32f1xx_hal_pwr.o
HAL_PWR_PVDCallback                               build/stm32f1xx_hal_pwr.o
HAL_PWR_PVD_IRQHandler                            build/stm32f1xx_hal_pwr.o
HAL_RCCEx_GetPeriphCLKConfig                      build/stm32f1xx_hal_rcc_ex.o
HAL_RCCEx_GetPeriphCLKFreq                        build/stm32f1xx_hal_rcc_ex.o
HAL_RCCEx_PeriphCLKConfig                         build/stm32f1xx_hal_rcc_ex.o
                                                  build/main.o
HAL_RCC_CSSCallback                               build/stm32f1xx_hal_rcc.o
HAL_RCC_ClockConfig                               build/stm32f1xx_hal_rcc.o
                                                  build/main.o
HAL_RCC_DeInit                                    build/stm32f1xx_hal_rcc.o
HAL_RCC_DisableCSS                                build/stm32f1xx_hal_rcc.o
HAL_RCC_EnableCSS                                 build/stm32f1xx_hal_rcc.o
HAL_RCC_GetClockConfig                            build/stm32f1xx_hal_rcc.o
                                                  build/stm32f1xx_hal_timebase_tim.o
HAL_RCC_GetHCLKFreq                               build/stm32f1xx_hal_rcc.o
HAL_RCC_GetOscConfig                              build/stm32f1xx_hal_rcc.o
HAL_RCC_GetPCLK1Freq                              build/stm32f1xx_hal_rcc.o
                                                  build/stm32f1xx_hal_uart.o
                                                  build/stm32f1xx_hal_i2c.o
HAL_RCC_GetPCLK2Freq                              build/stm32f1xx_hal_rcc.o
                                                  build/stm32f1xx_hal_rcc_ex.o
                                                  build/stm32f1xx_hal_uart.o
                                                  build/stm32f1xx_hal_timebase_tim.o
HAL_RCC_GetSysClockFreq                           build/stm32f1xx_hal_rcc.o
HAL_RCC_MCOConfig                                 build/stm32f1xx_hal_rcc.o
HAL_RCC_NMI_IRQHandler                            build/stm32f1xx_hal_rcc.o
HAL_RCC_OscConfig                                 build/stm32f1xx_hal_rcc.o
                                                  build/main.o
HAL_ResumeTick                                    build/stm32f1xx_hal_timebase_tim.o
HAL_SYSTICK_CLKSourceConfig                       build/stm32f1xx_hal_cortex.o
HAL_SYSTICK_Callback                              build/stm32f1xx_hal_cortex.o
HAL_SYSTICK_Config                                build/stm32f1xx_hal_cortex.o
                                                  build/stm32f1xx_hal.o
HAL_SYSTICK_IRQHandler                            build/stm32f1xx_hal_cortex.o
HAL_SetTickFreq                                   build/stm32f1xx_hal.o
HAL_SuspendTick                                   build/stm32f1xx_hal_timebase_tim.o
HAL_TIMEx_BreakCallback                           build/stm32f1xx_hal_tim_ex.o
                                                  build/stm32f1xx_hal_tim.o
HAL_TIMEx_CommutCallback                          build/stm32f1xx_hal_tim_ex.o
                                                  build/stm32f1xx_hal_tim.o
HAL_TIMEx_CommutHalfCpltCallback                  build/stm32f1xx_hal_tim_ex.o
HAL_TIMEx_ConfigBreakDeadTime                     build/stm32f1xx_hal_tim_ex.o
HAL_TIMEx_ConfigCommutEvent                       build/stm32f1xx_hal_tim_ex.o
HAL_TIMEx_ConfigCommutEvent_DMA                   build/stm32f1xx_hal_tim_ex.o
HAL_TIMEx_ConfigCommutEvent_IT                    build/stm32f1xx_hal_tim_ex.o
HAL_TIMEx_HallSensor_DeInit                       build/stm32f1xx_hal_tim_ex.o
HAL_TIMEx_HallSensor_GetState                     build/stm32f1xx_hal_tim_ex.o
HAL_TIMEx_HallSensor_Init                         build/stm32f1xx_hal_tim_ex.o
HAL_TIMEx_HallSensor_MspDeInit                    build/stm32f1xx_hal_tim_ex.o
HAL_TIMEx_HallSensor_MspInit                      build/stm32f1xx_hal_tim_ex.o
HAL_TIMEx_HallSensor_Start                        build/stm32f1xx_hal_tim_ex.o
HAL_TIMEx_HallSensor_Start_DMA                    build/stm32f1xx_hal_tim_ex.o
HAL_TIMEx_HallSensor_Start_IT                     build/stm32f1xx_hal_tim_ex.o
HAL_TIMEx_HallSensor_Stop                         build/stm32f1xx_hal_tim_ex.o
HAL_TIMEx_HallSensor_Stop_DMA                     build/stm32f1xx_hal_tim_ex.o
HAL_TIMEx_HallSensor_Stop_IT                      build/stm32f1xx_hal_tim_ex.o
HAL_TIMEx_MasterConfigSynchronization             build/stm32f1xx_hal_tim_ex.o
HAL_TIMEx_OCN_Start                               build/stm32f1xx_hal_tim_ex.o
HAL_TIMEx_OCN_Start_DMA                           build/stm32f1xx_hal_tim_ex.o
HAL_TIMEx_OCN_Start_IT                            build/stm32f1xx_hal_tim_ex.o
HAL_TIMEx_OCN_Stop                                build/stm32f1xx_hal_tim_ex.o
HAL_TIMEx_OCN_Stop_DMA                            build/stm32f1xx_hal_tim_ex.o
HAL_TIMEx_OCN_Stop_IT                             build/stm32f1xx_hal_tim_ex.o
HAL_TIMEx_OnePulseN_Start                         build/stm32f1xx_hal_tim_ex.o
HAL_TIMEx_OnePulseN_Start_IT                      build/stm32f1xx_hal_tim_ex.o
HAL_TIMEx_OnePulseN_Stop                          build/stm32f1xx_hal_tim_ex.o
HAL_TIMEx_OnePulseN_Stop_IT                       build/stm32f1xx_hal_tim_ex.o
HAL_TIMEx_PWMN_Start                              build/stm32f1xx_hal_tim_ex.o
HAL_TIMEx_PWMN_Start_DMA                          build/stm32f1xx_hal_tim_ex.o
HAL_TIMEx_PWMN_Start_IT                           build/stm32f1xx_hal_tim_ex.o
HAL_TIMEx_PWMN_Stop                               build/stm32f1xx_hal_tim_ex.o
HAL_TIMEx_PWMN_Stop_DMA                           build/stm32f1xx_hal_tim_ex.o
HAL_TIMEx_PWMN_Stop_IT                            build/stm32f1xx_hal_tim_ex.o
HAL_TIMEx_RemapConfig                             build/stm32f1xx_hal_tim_ex.o
HAL_TIM_Base_DeInit                               build/stm32f1xx_hal_tim.o
HAL_TIM_Base_GetState                             build/stm32f1xx_hal_tim.o
HAL_TIM_Base_Init                                 build/stm32f1xx_hal_tim.o
                                                  build/stm32f1xx_hal_timebase_tim.o
HAL_TIM_Base_MspDeInit                            build/stm32f1xx_hal_tim.o
HAL_TIM_Base_MspInit                              build/stm32f1xx_hal_tim.o
HAL_TIM_Base_Start                                build/stm32f1xx_hal_tim.o
HAL_TIM_Base_Start_DMA                            build/stm32f1xx_hal_tim.o
HAL_TIM_Base_Start_IT                             build/stm32f1xx_hal_tim.o
                                                  build/stm32f1xx_hal_timebase_tim.o