Archive member included to satisfy reference by file (symbol)

c:/toolchains/vsarm/armcc/bin/../lib/gcc/arm-none-eabi/8.3.1/../../../../arm-none-eabi/lib/thumb/v7-m/nofp\libc_nano.a(lib_a-exit.o)
                              c:/toolchains/vsarm/armcc/bin/../lib/gcc/arm-none-eabi/8.3.1/../../../../arm-none-eabi/lib/thumb/v7-m/nofp/crt0.o (exit)
c:/toolchains/vsarm/armcc/bin/../lib/gcc/arm-none-eabi/8.3.1/../../../../arm-none-eabi/lib/thumb/v7-m/nofp\libc_nano.a(lib_a-impure.o)
                              c:/toolchains/vsarm/armcc/bin/../lib/gcc/arm-none-eabi/8.3.1/../../../../arm-none-eabi/lib/thumb/v7-m/nofp\libc_nano.a(lib_a-exit.o) (_global_impure_ptr)
c:/toolchains/vsarm/armcc/bin/../lib/gcc/arm-none-eabi/8.3.1/../../../../arm-none-eabi/lib/thumb/v7-m/nofp\libc_nano.a(lib_a-init.o)
                              c:/toolchains/vsarm/armcc/bin/../lib/gcc/arm-none-eabi/8.3.1/../../../../arm-none-eabi/lib/thumb/v7-m/nofp/crt0.o (__libc_init_array)
c:/toolchains/vsarm/armcc/bin/../lib/gcc/arm-none-eabi/8.3.1/../../../../arm-none-eabi/lib/thumb/v7-m/nofp\libc_nano.a(lib_a-malloc.o)
                              build/infinikeys_usbif.o (malloc)
c:/toolchains/vsarm/armcc/bin/../lib/gcc/arm-none-eabi/8.3.1/../../../../arm-none-eabi/lib/thumb/v7-m/nofp\libc_nano.a(lib_a-memcpy-stub.o)
                              build/queue.o (memcpy)
c:/toolchains/vsarm/armcc/bin/../lib/gcc/arm-none-eabi/8.3.1/../../../../arm-none-eabi/lib/thumb/v7-m/nofp\libc_nano.a(lib_a-memset.o)
                              c:/toolchains/vsarm/armcc/bin/../lib/gcc/arm-none-eabi/8.3.1/../../../../arm-none-eabi/lib/thumb/v7-m/nofp/crt0.o (memset)
c:/toolchains/vsarm/armcc/bin/../lib/gcc/arm-none-eabi/8.3.1/../../../../arm-none-eabi/lib/thumb/v7-m/nofp\libc_nano.a(lib_a-nano-freer.o)
                              c:/toolchains/vsarm/armcc/bin/../lib/gcc/arm-none-eabi/8.3.1/../../../../arm-none-eabi/lib/thumb/v7-m/nofp\libc_nano.a(lib_a-malloc.o) (_free_r)
c:/toolchains/vsarm/armcc/bin/../lib/gcc/arm-none-eabi/8.3.1/../../../../arm-none-eabi/lib/thumb/v7-m/nofp\libc_nano.a(lib_a-nano-mallocr.o)
                              c:/toolchains/vsarm/armcc/bin/../lib/gcc/arm-none-eabi/8.3.1/../../../../arm-none-eabi/lib/thumb/v7-m/nofp\libc_nano.a(lib_a-malloc.o) (_malloc_r)
c:/toolchains/vsarm/armcc/bin/../lib/gcc/arm-none-eabi/8.3.1/../../../../arm-none-eabi/lib/thumb/v7-m/nofp\libc_nano.a(lib_a-sbrkr.o)
                              c:/toolchains/vsarm/armcc/bin/../lib/gcc/arm-none-eabi/8.3.1/../../../../arm-none-eabi/lib/thumb/v7-m/nofp\libc_nano.a(lib_a-nano-mallocr.o) (_sbrk_r)
c:/toolchains/vsarm/armcc/bin/../lib/gcc/arm-none-eabi/8.3.1/../../../../arm-none-eabi/lib/thumb/v7-m/nofp\libc_nano.a(lib_a-mlock.o)
                              c:/toolchains/vsarm/armcc/bin/../lib/gcc/arm-none-eabi/8.3.1/../../../../arm-none-eabi/lib/thumb/v7-m/nofp\libc_nano.a(lib_a-nano-freer.o) (__malloc_lock)
c:/toolchains/vsarm/armcc/bin/../lib/gcc/arm-none-eabi/8.3.1/../../../../arm-none-eabi/lib/thumb/v7-m/nofp\libc_nano.a(lib_a-reent.o)
                              c:/toolchains/vsarm/armcc/bin/../lib/gcc/arm-none-eabi/8.3.1/../../../../arm-none-eabi/lib/thumb/v7-m/nofp\libc_nano.a(lib_a-sbrkr.o) (errno)
c:/toolchains/vsarm/armcc/bin/../lib/gcc/arm-none-eabi/8.3.1/../../../../arm-none-eabi/lib/thumb/v7-m/nofp\libc_nano.a(lib_a-lock.o)
                              c:/toolchains/vsarm/armcc/bin/../lib/gcc/arm-none-eabi/8.3.1/../../../../arm-none-eabi/lib/thumb/v7-m/nofp\libc_nano.a(lib_a-mlock.o) (__retarget_lock_acquire_recursive)
c:/toolchains/vsarm/armcc/bin/../lib/gcc/arm-none-eabi/8.3.1/../../../../arm-none-eabi/lib/thumb/v7-m/nofp\libnosys.a(sbrk.o)
                              c:/toolchains/vsarm/armcc/bin/../lib/gcc/arm-none-eabi/8.3.1/../../../../arm-none-eabi/lib/thumb/v7-m/nofp\libc_nano.a(lib_a-sbrkr.o) (_sbrk)
c:/toolchains/vsarm/armcc/bin/../lib/gcc/arm-none-eabi/8.3.1/../../../../arm-none-eabi/lib/thumb/v7-m/nofp\libnosys.a(_exit.o)
                              c:/toolchains/vsarm/armcc/bin/../lib/gcc/arm-none-eabi/8.3.1/../../../../arm-none-eabi/lib/thumb/v7-m/nofp\libc_nano.a(lib_a-exit.o) (_exit)

Allocating common symbols
Common symbol       size              file

hUsbDeviceFS        0x2c4             build/usb_device.o
__lock___atexit_recursive_mutex
                    0x1               c:/toolchains/vsarm/armcc/bin/../lib/gcc/arm-none-eabi/8.3.1/../../../../arm-none-eabi/lib/thumb/v7-m/nofp\libc_nano.a(lib_a-lock.o)
defaultTaskHandle   0x4               build/main.o
__lock___arc4random_mutex
                    0x1               c:/toolchains/vsarm/armcc/bin/../lib/gcc/arm-none-eabi/8.3.1/../../../../arm-none-eabi/lib/thumb/v7-m/nofp\libc_nano.a(lib_a-lock.o)
errno               0x4               c:/toolchains/vsarm/armcc/bin/../lib/gcc/arm-none-eabi/8.3.1/../../../../arm-none-eabi/lib/thumb/v7-m/nofp\libc_nano.a(lib_a-reent.o)
IK_HID_ModifierKeys
                    0x8               build/infinikeys_usbif.o
[...]
Memory Configuration

Name             Origin             Length             Attributes
RAM              0x20000000         0x00002800         xrw
FLASH            0x08000000         0x00008000         xr
*default*        0x00000000         0xffffffff

Linker script and memory map

LOAD c:/toolchains/vsarm/armcc/bin/../lib/gcc/arm-none-eabi/8.3.1/thumb/v7-m/nofp/crti.o
LOAD c:/toolchains/vsarm/armcc/bin/../lib/gcc/arm-none-eabi/8.3.1/thumb/v7-m/nofp/crtbegin.o
LOAD c:/toolchains/vsarm/armcc/bin/../lib/gcc/arm-none-eabi/8.3.1/../../../../arm-none-eabi/lib/thumb/v7-m/nofp/crt0.o
LOAD build/main.o
LOAD build/freertos.o
LOAD build/usb_device.o
LOAD build/usbd_conf.o
LOAD build/usbd_desc.o
LOAD build/usbd_custom_hid_if.o
LOAD build/stm32f1xx_it.o
LOAD build/stm32f1xx_hal_msp.o
LOAD build/stm32f1xx_hal_timebase_tim.o
LOAD build/stm32f1xx_hal_gpio_ex.o
LOAD build/stm32f1xx_hal_pcd.o
LOAD build/stm32f1xx_hal_pcd_ex.o
LOAD build/stm32f1xx_ll_usb.o
LOAD build/stm32f1xx_hal_i2c.o
LOAD build/stm32f1xx_hal_tim.o
LOAD build/stm32f1xx_hal_tim_ex.o
LOAD build/stm32f1xx_hal_uart.o
LOAD build/stm32f1xx_hal.o
LOAD build/stm32f1xx_hal_rcc.o
LOAD build/stm32f1xx_hal_rcc_ex.o
LOAD build/stm32f1xx_hal_gpio.o
LOAD build/stm32f1xx_hal_dma.o
LOAD build/stm32f1xx_hal_cortex.o
LOAD build/stm32f1xx_hal_pwr.o
LOAD build/stm32f1xx_hal_flash.o
LOAD build/stm32f1xx_hal_flash_ex.o
LOAD build/system_stm32f1xx.o
LOAD build/croutine.o
LOAD build/event_groups.o
LOAD build/list.o
LOAD build/queue.o
LOAD build/tasks.o
LOAD build/timers.o
LOAD build/cmsis_os.o
LOAD build/heap_4.o
LOAD build/port.o
LOAD build/usbd_core.o
LOAD build/usbd_ctlreq.o
LOAD build/usbd_ioreq.o
LOAD build/usbd_customhid.o
LOAD build/is31fl3236_driver.o
LOAD build/fwtasks.o
LOAD build/infinikeys.o
LOAD build/infinikeys_usbif.o
LOAD build/infinikeys_parser.o
LOAD build/infinikeys_lighting.o
LOAD build/infinikeys_kbcfg.o
LOAD build/infinikeys_actionhandler.o
LOAD build/infinikeys_acq.o
LOAD build/infinikeys_hal_stm32cube.o
LOAD build/infinikeys_stm32cube_usb_descriptors.o
LOAD build/infinikeys_stm32cube_usb_hid.o
LOAD build/infinikeys_stm32cube_usb_if.o
LOAD build/stream_buffer.o
LOAD build/stm32f1xx_hal_exti.o
LOAD build/startup_stm32f103x6.o
LOAD c:/toolchains/vsarm/armcc/bin/../lib/gcc/arm-none-eabi/8.3.1/../../../../arm-none-eabi/lib/thumb/v7-m/nofp\libc_nano.a
LOAD c:/toolchains/vsarm/armcc/bin/../lib/gcc/arm-none-eabi/8.3.1/../../../../arm-none-eabi/lib/thumb/v7-m/nofp\libm.a
LOAD c:/toolchains/vsarm/armcc/bin/../lib/gcc/arm-none-eabi/8.3.1/../../../../arm-none-eabi/lib/thumb/v7-m/nofp\libnosys.a
START GROUP
LOAD c:/toolchains/vsarm/armcc/bin/../lib/gcc/arm-none-eabi/8.3.1/thumb/v7-m/nofp\libgcc.a
LOAD c:/toolchains/vsarm/armcc/bin/../lib/gcc/arm-none-eabi/8.3.1/../../../../arm-none-eabi/lib/thumb/v7-m/nofp\libc_nano.a
END GROUP
START GROUP
LOAD c:/toolchains/vsarm/armcc/bin/../lib/gcc/arm-none-eabi/8.3.1/thumb/v7-m/nofp\libgcc.a
LOAD c:/toolchains/vsarm/armcc/bin/../lib/gcc/arm-none-eabi/8.3.1/../../../../arm-none-eabi/lib/thumb/v7-m/nofp\libc_nano.a
END GROUP
LOAD c:/toolchains/vsarm/armcc/bin/../lib/gcc/arm-none-eabi/8.3.1/thumb/v7-m/nofp/crtend.o
LOAD c:/toolchains/vsarm/armcc/bin/../lib/gcc/arm-none-eabi/8.3.1/thumb/v7-m/nofp/crtn.o
                0x20002800                _estack = 0x20002800
                0x00000200                _Min_Heap_Size = 0x200
                0x00000400                _Min_Stack_Size = 0x400

.isr_vector     0x08000000      0x10c
                0x08000000                . = ALIGN (0x4)
 *(.isr_vector)
 .isr_vector    0x08000000      0x10c build/startup_stm32f103x6.o
                0x08000000                g_pfnVectors
                0x0800010c                . = ALIGN (0x4)

.text           0x08000110     0x48e0
                0x08000110                . = ALIGN (0x4)
 *(.text)
 .text          0x08000110       0x40 c:/toolchains/vsarm/armcc/bin/../lib/gcc/arm-none-eabi/8.3.1/thumb/v7-m/nofp/crtbegin.o
 *(.text*)
 .text.StartDefaultTask
                0x08000150       0x14 build/main.o
                0x08000150                StartDefaultTask
 .text.SystemClock_Config
                0x08000164       0x6c build/main.o
                0x08000164                SystemClock_Config
 .text.startup.main
                0x080001d0      0x1a4 build/main.o
                0x080001d0                main
 .text.HAL_TIM_PeriodElapsedCallback
                0x08000374       0x14 build/main.o
                0x08000374                HAL_TIM_PeriodElapsedCallback
 .text.Error_Handler
                0x08000388        0x4 build/main.o
                0x08000388                Error_Handler
 .text.MX_USB_DEVICE_Init
                0x0800038c       0x74 build/usb_device.o
                0x0800038c                MX_USB_DEVICE_Init
 .text.HAL_PCD_MspInit
                0x08000400       0x40 build/usbd_conf.o
                0x08000400                HAL_PCD_MspInit
 .text.HAL_PCD_SetupStageCallback
                0x08000440        0xc build/usbd_conf.o
                0x08000440                HAL_PCD_SetupStageCallback
 .text.HAL_PCD_DataOutStageCallback
                0x0800044c       0x10 build/usbd_conf.o
                0x0800044c                HAL_PCD_DataOutStageCallback
 .text.HAL_PCD_DataInStageCallback
                0x0800045c       0x10 build/usbd_conf.o
                0x0800045c                HAL_PCD_DataInStageCallback
 .text.HAL_PCD_SOFCallback
                0x0800046c        0x8 build/usbd_conf.o
                0x0800046c                HAL_PCD_SOFCallback
 .text.HAL_PCD_ResetCallback
                0x08000474       0x24 build/usbd_conf.o
                0x08000474                HAL_PCD_ResetCallback
 .text.HAL_PCD_SuspendCallback
                0x08000498       0x20 build/usbd_conf.o
                0x08000498                HAL_PCD_SuspendCallback
 .text.HAL_PCD_ResumeCallback
                0x080004b8        0x8 build/usbd_conf.o
                0x080004b8                HAL_PCD_ResumeCallback
 .text.USBD_LL_Init
                0x080004c0       0x74 build/usbd_conf.o
                0x080004c0                USBD_LL_Init
 .text.USBD_LL_Start
                0x08000534       0x1c build/usbd_conf.o
                0x08000534                USBD_LL_Start
 .text.USBD_LL_OpenEP
                0x08000550       0x20 build/usbd_conf.o
                0x08000550                USBD_LL_OpenEP
 .text.USBD_LL_CloseEP
                0x08000570       0x1c build/usbd_conf.o
                0x08000570                USBD_LL_CloseEP
 .text.USBD_LL_StallEP
                0x0800058c       0x1c build/usbd_conf.o
                0x0800058c                USBD_LL_StallEP
 .text.USBD_LL_ClearStallEP
                0x080005a8       0x1c build/usbd_conf.o
                0x080005a8                USBD_LL_ClearStallEP
 .text.USBD_LL_IsStallEP
                0x080005c4       0x20 build/usbd_conf.o
                0x080005c4                USBD_LL_IsStallEP
 .text.USBD_LL_SetUSBAddress
                0x080005e4       0x1c build/usbd_conf.o
                0x080005e4                USBD_LL_SetUSBAddress
 .text.USBD_LL_Transmit
                0x08000600       0x1c build/usbd_conf.o
                0x08000600                USBD_LL_Transmit
 .text.USBD_LL_PrepareReceive
                0x0800061c       0x1c build/usbd_conf.o
                0x0800061c                USBD_LL_PrepareReceive
 .text.USBD_static_malloc
                0x08000638        0x8 build/usbd_conf.o
                0x08000638                USBD_static_malloc
 .text.USBD_static_free
                0x08000640        0x4 build/usbd_conf.o
                0x08000640                USBD_static_free
 .text.HAL_PCDEx_SetConnectionState
                0x08000644        0x4 build/usbd_conf.o
                0x08000644                HAL_PCDEx_SetConnectionState
 .text.USBD_FS_DeviceDescriptor
                0x08000648        0xc build/usbd_desc.o
                0x08000648                USBD_FS_DeviceDescriptor
 .text.USBD_FS_LangIDStrDescriptor
                0x08000654        0xc build/usbd_desc.o
                0x08000654                USBD_FS_LangIDStrDescriptor
 .text.IntToUnicode
                0x08000660       0x30 build/usbd_desc.o
 .text.USBD_FS_SerialStrDescriptor
                0x08000690       0x48 build/usbd_desc.o
                0x08000690                USBD_FS_SerialStrDescriptor
 .text.USBD_FS_ManufacturerStrDescriptor
                0x080006d8       0x1c build/usbd_desc.o
                0x080006d8                USBD_FS_ManufacturerStrDescriptor
 .text.USBD_FS_ProductStrDescriptor
                0x080006f4       0x1c build/usbd_desc.o
                0x080006f4                USBD_FS_ProductStrDescriptor
 .text.USBD_FS_ConfigStrDescriptor
                0x08000710       0x1c build/usbd_desc.o
                0x08000710                USBD_FS_ConfigStrDescriptor
 .text.USBD_FS_InterfaceStrDescriptor
                0x0800072c       0x1c build/usbd_desc.o
                0x0800072c                USBD_FS_InterfaceStrDescriptor
 .text.CUSTOM_HID_Init_FS
                0x08000748        0x4 build/usbd_custom_hid_if.o
 .text.CUSTOM_HID_OutEvent_FS
                0x0800074c        0x4 build/usbd_custom_hid_if.o
 .text.CUSTOM_HID_DeInit_FS
                0x08000750        0x4 build/usbd_custom_hid_if.o
 .text.NMI_Handler
                0x08000754        0x4 build/stm32f1xx_it.o
                0x08000754                NMI_Handler
 .text.HardFault_Handler
                0x08000758        0x4 build/stm32f1xx_it.o
                0x08000758                HardFault_Handler
 .text.MemManage_Handler
                0x0800075c        0x4 build/stm32f1xx_it.o
                0x0800075c                MemManage_Handler
 .text.BusFault_Handler
                0x08000760        0x4 build/stm32f1xx_it.o
                0x08000760                BusFault_Handler
 .text.UsageFault_Handler
                0x08000764        0x4 build/stm32f1xx_it.o
                0x08000764                UsageFault_Handler
 .text.DebugMon_Handler
                0x08000768        0x4 build/stm32f1xx_it.o
                0x08000768                DebugMon_Handler
 .text.USB_LP_CAN1_RX0_IRQHandler
                0x0800076c        0xc build/stm32f1xx_it.o
                0x0800076c                USB_LP_CAN1_RX0_IRQHandler
 .text.TIM1_UP_IRQHandler
                0x08000778        0xc build/stm32f1xx_it.o
                0x08000778                TIM1_UP_IRQHandler
 .text.HAL_MspInit
                0x08000784       0x50 build/stm32f1xx_hal_msp.o
                0x08000784                HAL_MspInit
 .text.HAL_I2C_MspInit
                0x080007d4       0x68 build/stm32f1xx_hal_msp.o
                0x080007d4                HAL_I2C_MspInit
 .text.HAL_UART_MspInit
                0x0800083c       0x78 build/stm32f1xx_hal_msp.o
                0x0800083c                HAL_UART_MspInit
 .text.HAL_InitTick
                0x080008b4       0x7c build/stm32f1xx_hal_timebase_tim.o
                0x080008b4                HAL_InitTick
 .text.HAL_PCD_Init
                0x08000930      0x100 build/stm32f1xx_hal_pcd.o
                0x08000930                HAL_PCD_Init
 .text.HAL_PCD_Start
                0x08000a30       0x30 build/stm32f1xx_hal_pcd.o
                0x08000a30                HAL_PCD_Start
 .text.HAL_PCD_SetAddress
                0x08000a60       0x28 build/stm32f1xx_hal_pcd.o
                0x08000a60                HAL_PCD_SetAddress
 .text.HAL_PCD_EP_Open
                0x08000a88       0x64 build/stm32f1xx_hal_pcd.o
                0x08000a88                HAL_PCD_EP_Open
 .text.HAL_PCD_EP_Close
                0x08000aec       0x58 build/stm32f1xx_hal_pcd.o
                0x08000aec                HAL_PCD_EP_Close
 .text.HAL_PCD_EP_Receive
                0x08000b44       0x2c build/stm32f1xx_hal_pcd.o
                0x08000b44                HAL_PCD_EP_Receive
 .text.HAL_PCD_EP_Transmit
                0x08000b70       0x2c build/stm32f1xx_hal_pcd.o
                0x08000b70                HAL_PCD_EP_Transmit
 .text.HAL_PCD_IRQHandler
                0x08000b9c      0x498 build/stm32f1xx_hal_pcd.o
                0x08000b9c                HAL_PCD_IRQHandler
 .text.HAL_PCD_EP_SetStall
                0x08001034       0x78 build/stm32f1xx_hal_pcd.o
                0x08001034                HAL_PCD_EP_SetStall
 .text.HAL_PCD_EP_ClrStall
                0x080010ac       0x70 build/stm32f1xx_hal_pcd.o
                0x080010ac                HAL_PCD_EP_ClrStall
 .text.HAL_PCDEx_PMAConfig
                0x0800111c       0x30 build/stm32f1xx_hal_pcd_ex.o
                0x0800111c                HAL_PCDEx_PMAConfig
 .text.USB_CoreInit
                0x0800114c       0x10 build/stm32f1xx_ll_usb.o
                0x0800114c                USB_CoreInit
 .text.USB_EnableGlobalInt
                0x0800115c       0x14 build/stm32f1xx_ll_usb.o
                0x0800115c                USB_EnableGlobalInt
 .text.USB_DisableGlobalInt
                0x08001170       0x14 build/stm32f1xx_ll_usb.o
                0x08001170                USB_DisableGlobalInt
 .text.USB_SetCurrentMode
                0x08001184        0x4 build/stm32f1xx_ll_usb.o
                0x08001184                USB_SetCurrentMode
 .text.USB_DevInit
                0x08001188       0x34 build/stm32f1xx_ll_usb.o
                0x08001188                USB_DevInit
 .text.USB_ActivateEndpoint
                0x080011bc      0x2c0 build/stm32f1xx_ll_usb.o
                0x080011bc                USB_ActivateEndpoint
 .text.USB_DeactivateEndpoint
                0x0800147c      0x184 build/stm32f1xx_ll_usb.o
                0x0800147c                USB_DeactivateEndpoint
 .text.USB_EPStartXfer
                0x08001600      0x280 build/stm32f1xx_ll_usb.o
                0x08001600                USB_EPStartXfer
 .text.USB_EPSetStall
                0x08001880       0x44 build/stm32f1xx_ll_usb.o
                0x08001880                USB_EPSetStall
 .text.USB_EPClearStall
                0x080018c4       0xa4 build/stm32f1xx_ll_usb.o
                0x080018c4                USB_EPClearStall
 .text.USB_SetDevAddress
                0x08001968        0xc build/stm32f1xx_ll_usb.o
                0x08001968                USB_SetDevAddress
 .text.USB_DevConnect
                0x08001974        0x4 build/stm32f1xx_ll_usb.o
                0x08001974                USB_DevConnect
 .text.USB_DevDisconnect
                0x08001978        0x4 build/stm32f1xx_ll_usb.o
                0x08001978                USB_DevDisconnect
 .text.USB_ReadInterrupts
                0x0800197c        0x8 build/stm32f1xx_ll_usb.o
                0x0800197c                USB_ReadInterrupts
 .text.USB_EP0_OutStart
                0x08001984        0x4 build/stm32f1xx_ll_usb.o
                0x08001984                USB_EP0_OutStart
 .text.USB_ReadPMA
                0x08001988       0x4c build/stm32f1xx_ll_usb.o
                0x08001988                USB_ReadPMA
 .text.I2C_WaitOnMasterAddressFlagUntilTimeout
                0x080019d4       0x88 build/stm32f1xx_hal_i2c.o
 .text.I2C_WaitOnTXEFlagUntilTimeout
                0x08001a5c       0x78 build/stm32f1xx_hal_i2c.o
 .text.I2C_WaitOnFlagUntilTimeout
                0x08001ad4       0x68 build/stm32f1xx_hal_i2c.o
 .text.I2C_WaitOnBTFFlagUntilTimeout
                0x08001b3c       0x78 build/stm32f1xx_hal_i2c.o
 .text.HAL_I2C_Init
                0x08001bb4      0x174 build/stm32f1xx_hal_i2c.o
                0x08001bb4                HAL_I2C_Init
 .text.HAL_I2C_Master_Transmit
                0x08001d28      0x1c0 build/stm32f1xx_hal_i2c.o
                0x08001d28                HAL_I2C_Master_Transmit
 .text.HAL_TIM_Base_MspInit
                0x08001ee8        0x4 build/stm32f1xx_hal_tim.o
                0x08001ee8                HAL_TIM_Base_MspInit
 .text.HAL_TIM_Base_Start_IT
                0x08001eec       0x20 build/stm32f1xx_hal_tim.o
                0x08001eec                HAL_TIM_Base_Start_IT
 .text.HAL_TIM_OC_DelayElapsedCallback
                0x08001f0c        0x4 build/stm32f1xx_hal_tim.o
                0x08001f0c                HAL_TIM_OC_DelayElapsedCallback
 .text.HAL_TIM_IC_CaptureCallback
                0x08001f10        0x4 build/stm32f1xx_hal_tim.o
                0x08001f10                HAL_TIM_IC_CaptureCallback
 .text.HAL_TIM_PWM_PulseFinishedCallback
                0x08001f14        0x4 build/stm32f1xx_hal_tim.o
                0x08001f14                HAL_TIM_PWM_PulseFinishedCallback
 .text.HAL_TIM_TriggerCallback
                0x08001f18        0x4 build/stm32f1xx_hal_tim.o
                0x08001f18                HAL_TIM_TriggerCallback
 .text.HAL_TIM_IRQHandler
                0x08001f1c      0x154 build/stm32f1xx_hal_tim.o
                0x08001f1c                HAL_TIM_IRQHandler
 .text.TIM_Base_SetConfig
                0x08002070       0x70 build/stm32f1xx_hal_tim.o
                0x08002070                TIM_Base_SetConfig
 .text.HAL_TIM_Base_Init
                0x080020e0       0x38 build/stm32f1xx_hal_tim.o
                0x080020e0                HAL_TIM_Base_Init
 .text.HAL_TIMEx_CommutCallback
                0x08002118        0x4 build/stm32f1xx_hal_tim_ex.o
                0x08002118                HAL_TIMEx_CommutCallback
 .text.HAL_TIMEx_BreakCallback
                0x0800211c        0x4 build/stm32f1xx_hal_tim_ex.o
                0x0800211c                HAL_TIMEx_BreakCallback
 .text.UART_SetConfig
                0x08002120       0x80 build/stm32f1xx_hal_uart.o
 .text.HAL_UART_Init
                0x080021a0       0x60 build/stm32f1xx_hal_uart.o
                0x080021a0                HAL_UART_Init
 .text.HAL_Init
                0x08002200       0x24 build/stm32f1xx_hal.o
                0x08002200                HAL_Init
 .text.HAL_IncTick
                0x08002224       0x18 build/stm32f1xx_hal.o
                0x08002224                HAL_IncTick
 .text.HAL_GetTick
                0x0800223c        0xc build/stm32f1xx_hal.o
                0x0800223c                HAL_GetTick
 .text.HAL_RCC_OscConfig
                0x08002248      0x404 build/stm32f1xx_hal_rcc.o
                0x08002248                HAL_RCC_OscConfig
 .text.HAL_RCC_GetSysClockFreq
                0x0800264c       0x84 build/stm32f1xx_hal_rcc.o
                0x0800264c                HAL_RCC_GetSysClockFreq
 .text.HAL_RCC_ClockConfig
                0x080026d0      0x144 build/stm32f1xx_hal_rcc.o
                0x080026d0                HAL_RCC_ClockConfig
 .text.HAL_RCC_GetPCLK1Freq
                0x08002814       0x20 build/stm32f1xx_hal_rcc.o
                0x08002814                HAL_RCC_GetPCLK1Freq
 .text.HAL_RCC_GetPCLK2Freq
                0x08002834       0x20 build/stm32f1xx_hal_rcc.o
                0x08002834                HAL_RCC_GetPCLK2Freq
 .text.HAL_RCC_GetClockConfig
                0x08002854       0x40 build/stm32f1xx_hal_rcc.o
                0x08002854                HAL_RCC_GetClockConfig
 .text.HAL_RCCEx_PeriphCLKConfig
                0x08002894      0x10c build/stm32f1xx_hal_rcc_ex.o
                0x08002894                HAL_RCCEx_PeriphCLKConfig
 .text.HAL_GPIO_Init
                0x080029a0      0x1e0 build/stm32f1xx_hal_gpio.o
                0x080029a0                HAL_GPIO_Init
 .text.HAL_GPIO_ReadPin
                0x08002b80        0xc build/stm32f1xx_hal_gpio.o
                0x08002b80                HAL_GPIO_ReadPin
 .text.HAL_GPIO_WritePin
                0x08002b8c        0x8 build/stm32f1xx_hal_gpio.o
                0x08002b8c                HAL_GPIO_WritePin
 .text.HAL_NVIC_SetPriorityGrouping
                0x08002b94       0x24 build/stm32f1xx_hal_cortex.o
                0x08002b94                HAL_NVIC_SetPriorityGrouping
 .text.HAL_NVIC_SetPriority
                0x08002bb8       0x6c build/stm32f1xx_hal_cortex.o
                0x08002bb8                HAL_NVIC_SetPriority
 .text.HAL_NVIC_EnableIRQ
                0x08002c24       0x1c build/stm32f1xx_hal_cortex.o
                0x08002c24                HAL_NVIC_EnableIRQ
 .text.SystemInit
                0x08002c40       0x50 build/system_stm32f1xx.o
                0x08002c40                SystemInit
 .text.vListInitialise
                0x08002c90       0x18 build/list.o
                0x08002c90                vListInitialise
 .text.vListInitialiseItem
                0x08002ca8        0x8 build/list.o
                0x08002ca8                vListInitialiseItem
 .text.vListInsertEnd
                0x08002cb0       0x1c build/list.o
                0x08002cb0                vListInsertEnd
 .text.vListInsert
                0x08002ccc       0x34 build/list.o
                0x08002ccc                vListInsert
 .text.uxListRemove
                0x08002d00       0x24 build/list.o
                0x08002d00                uxListRemove
 .text.prvIdleTask
                0x08002d24       0x70 build/tasks.o
 .text.prvResetNextTaskUnblockTime.part.1
                0x08002d94       0x18 build/tasks.o
 .text.prvAddCurrentTaskToDelayedList
                0x08002dac       0x8c build/tasks.o
 .text.xTaskCreate
                0x08002e38      0x1e4 build/tasks.o
                0x08002e38                xTaskCreate
 .text.vTaskStartScheduler
                0x0800301c       0x78 build/tasks.o
                0x0800301c                vTaskStartScheduler
 .text.vTaskSuspendAll
                0x08003094       0x10 build/tasks.o
                0x08003094                vTaskSuspendAll
 .text.xTaskIncrementTick
                0x080030a4      0x14c build/tasks.o
                0x080030a4                xTaskIncrementTick
 .text.xTaskResumeAll
                0x080031f0      0x114 build/tasks.o
                0x080031f0                xTaskResumeAll
 .text.vTaskDelay
                0x08003304       0x48 build/tasks.o
                0x08003304                vTaskDelay
 .text.vTaskSwitchContext
                0x0800334c       0x70 build/tasks.o
                0x0800334c                vTaskSwitchContext
 .text.osKernelStart
                0x080033bc        0xc build/cmsis_os.o
                0x080033bc                osKernelStart
 .text.osThreadCreate
                0x080033c8       0x34 build/cmsis_os.o
                0x080033c8                osThreadCreate
 .text.osDelay  0x080033fc       0x10 build/cmsis_os.o
                0x080033fc                osDelay
 .text.prvInsertBlockIntoFreeList
                0x0800340c       0x58 build/heap_4.o
 .text.pvPortMalloc
                0x08003464      0x128 build/heap_4.o
                0x08003464                pvPortMalloc
 .text.vPortFree
                0x0800358c       0x70 build/heap_4.o
                0x0800358c                vPortFree
 .text.prvPortStartFirstTask
                0x080035fc       0x20 build/port.o
 .text.prvTaskExitError
                0x0800361c       0x40 build/port.o
 .text.pxPortInitialiseStack
                0x0800365c       0x24 build/port.o
                0x0800365c                pxPortInitialiseStack
 .text.SVC_Handler
                0x08003680       0x24 build/port.o
                0x08003680                SVC_Handler
 .text.vPortEnterCritical
                0x080036a4       0x44 build/port.o
                0x080036a4                vPortEnterCritical
 .text.vPortExitCritical
                0x080036e8       0x28 build/port.o
                0x080036e8                vPortExitCritical
 .text.PendSV_Handler
                0x08003710       0x44 build/port.o
                0x08003710                PendSV_Handler
 .text.SysTick_Handler
                0x08003754       0x2c build/port.o
                0x08003754                SysTick_Handler
 .text.vPortSetupTimerInterrupt
                0x08003780       0x3c build/port.o
                0x08003780                vPortSetupTimerInterrupt
 .text.xPortStartScheduler
                0x080037bc       0xb8 build/port.o
                0x080037bc                xPortStartScheduler
 .text.USBD_Init
                0x08003874       0x2c build/usbd_core.o
                0x08003874                USBD_Init
 .text.USBD_RegisterClass
                0x080038a0       0x10 build/usbd_core.o
                0x080038a0                USBD_RegisterClass
 .text.USBD_Start
                0x080038b0        0xc build/usbd_core.o
                0x080038b0                USBD_Start
 .text.USBD_SetClassConfig
                0x080038bc       0x14 build/usbd_core.o
                0x080038bc                USBD_SetClassConfig
 .text.USBD_ClrClassConfig
                0x080038d0       0x10 build/usbd_core.o
                0x080038d0                USBD_ClrClassConfig
 .text.USBD_LL_SetupStage
                0x080038e0       0x5c build/usbd_core.o
                0x080038e0                USBD_LL_SetupStage
 .text.USBD_LL_DataOutStage
                0x0800393c       0x7c build/usbd_core.o
                0x0800393c                USBD_LL_DataOutStage
 .text.USBD_LL_DataInStage
                0x080039b8       0xc0 build/usbd_core.o
                0x080039b8                USBD_LL_DataInStage
 .text.USBD_LL_Reset
                0x08003a78       0x50 build/usbd_core.o
                0x08003a78                USBD_LL_Reset
 .text.USBD_LL_SetSpeed
                0x08003ac8        0x8 build/usbd_core.o
                0x08003ac8                USBD_LL_SetSpeed
 .text.USBD_LL_Suspend
                0x08003ad0       0x14 build/usbd_core.o
                0x08003ad0                USBD_LL_Suspend
 .text.USBD_LL_Resume
                0x08003ae4       0x14 build/usbd_core.o
                0x08003ae4                USBD_LL_Resume
 .text.USBD_LL_SOF
                0x08003af8       0x1c build/usbd_core.o
                0x08003af8                USBD_LL_SOF
 .text.USBD_StdDevReq
                0x08003b14      0x2f4 build/usbd_ctlreq.o
                0x08003b14                USBD_StdDevReq
 .text.USBD_StdItfReq
                0x08003e08       0x6c build/usbd_ctlreq.o
                0x08003e08                USBD_StdItfReq
 .text.USBD_StdEPReq
                0x08003e74      0x12c build/usbd_ctlreq.o
                0x08003e74                USBD_StdEPReq
 .text.USBD_ParseSetupRequest
                0x08003fa0       0x28 build/usbd_ctlreq.o
                0x08003fa0                USBD_ParseSetupRequest
 .text.USBD_CtlError
                0x08003fc8       0x18 build/usbd_ctlreq.o
                0x08003fc8                USBD_CtlError
 .text.USBD_GetString
                0x08003fe0       0x4c build/usbd_ctlreq.o
                0x08003fe0                USBD_GetString
 .text.USBD_CtlSendData
                0x0800402c       0x1c build/usbd_ioreq.o
                0x0800402c                USBD_CtlSendData
 .text.USBD_CtlContinueSendData
                0x08004048       0x10 build/usbd_ioreq.o
                0x08004048                USBD_CtlContinueSendData
 .text.USBD_CtlPrepareRx
                0x08004058       0x1c build/usbd_ioreq.o
                0x08004058                USBD_CtlPrepareRx
 .text.USBD_CtlContinueRx
                0x08004074       0x10 build/usbd_ioreq.o
                0x08004074                USBD_CtlContinueRx
 .text.USBD_CtlSendStatus
                0x08004084       0x18 build/usbd_ioreq.o
                0x08004084                USBD_CtlSendStatus
 .text.USBD_CtlReceiveStatus
                0x0800409c       0x18 build/usbd_ioreq.o
                0x0800409c                USBD_CtlReceiveStatus
 .text.USBD_CUSTOM_HID_GetFSCfgDesc
                0x080040b4        0xc build/usbd_customhid.o
 .text.USBD_CUSTOM_HID_GetHSCfgDesc
                0x080040c0        0xc build/usbd_customhid.o
 .text.USBD_CUSTOM_HID_GetOtherSpeedCfgDesc
                0x080040cc        0xc build/usbd_customhid.o
 .text.USBD_CUSTOM_HID_DataIn
                0x080040d8        0xc build/usbd_customhid.o
 .text.USBD_CUSTOM_HID_EP0_RxReady
                0x080040e4       0x20 build/usbd_customhid.o
 .text.USBD_CUSTOM_HID_GetDeviceQualifierDesc
                0x08004104        0xc build/usbd_customhid.o
 .text.USBD_CUSTOM_HID_DataOut
                0x08004110       0x20 build/usbd_customhid.o
 .text.USBD_CUSTOM_HID_Setup
                0x08004130      0x120 build/usbd_customhid.o
 .text.USBD_CUSTOM_HID_DeInit
                0x08004250       0x38 build/usbd_customhid.o
 .text.USBD_CUSTOM_HID_Init
                0x08004288       0x50 build/usbd_customhid.o
 .text.USBD_CUSTOM_HID_RegisterInterface
                0x080042d8       0x10 build/usbd_customhid.o
                0x080042d8                USBD_CUSTOM_HID_RegisterInterface
 .text.IS31FL3236_WritePWM.part.1
                0x080042e8       0x24 build/is31fl3236_driver.o
 .text.IS31FL3236_Reset
                0x0800430c       0x20 build/is31fl3236_driver.o
                0x0800430c                IS31FL3236_Reset
 .text.IS31FL3236_Init
                0x0800432c       0x30 build/is31fl3236_driver.o
                0x0800432c                IS31FL3236_Init
 .text.IS31FL3236_Update
                0x0800435c       0x20 build/is31fl3236_driver.o
                0x0800435c                IS31FL3236_Update
 .text.IS31FL3236_WriteGlobalLEDControl
                0x0800437c       0x30 build/is31fl3236_driver.o
                0x0800437c                IS31FL3236_WriteGlobalLEDControl
 .text.IS31FL3236_WriteRGBPWM
                0x080043ac       0x98 build/is31fl3236_driver.o
                0x080043ac                IS31FL3236_WriteRGBPWM
 .text.TASK_ExecMain
                0x08004444       0x28 build/fwtasks.o
                0x08004444                TASK_ExecMain
 .text.IK_Init  0x0800446c       0x34 build/infinikeys.o
                0x0800446c                IK_Init
 .text.IK_KeyboardPollCyleTick
                0x080044a0       0x1c build/infinikeys.o
                0x080044a0                IK_KeyboardPollCyleTick
 .text.IK_USBIF_SendHIDReport
                0x080044bc       0x84 build/infinikeys_usbif.o
                0x080044bc                IK_USBIF_SendHIDReport
 .text._IK_Parser_ParseKeyStates
                0x08004540       0xd0 build/infinikeys_parser.o
                0x08004540                _IK_Parser_ParseKeyStates
 .text._IK_CFG_AllocKeyMapTable.constprop.2
                0x08004610       0x44 build/infinikeys_kbcfg.o
 .text.IK_CFG_Init
                0x08004654       0x38 build/infinikeys_kbcfg.o
                0x08004654                IK_CFG_Init
 .text.IK_CFG_GetFallbackKeyLayer
                0x0800468c        0xc build/infinikeys_kbcfg.o
                0x0800468c                IK_CFG_GetFallbackKeyLayer
 .text.IK_CFG_GetKeyMap
                0x08004698       0x38 build/infinikeys_kbcfg.o
                0x08004698                IK_CFG_GetKeyMap
 .text.IK_CFG_LoadKeyMapToTable
                0x080046d0       0x38 build/infinikeys_kbcfg.o
                0x080046d0                IK_CFG_LoadKeyMapToTable
 .text._IK_ACQ_Poll
                0x08004708       0x88 build/infinikeys_acq.o
                0x08004708                _IK_ACQ_Poll
 .text.IK_HAL_SetMatrixProbeLine
                0x08004790       0x38 build/infinikeys_hal_stm32cube.o
                0x08004790                IK_HAL_SetMatrixProbeLine
 .text.IK_HAL_ReadMatrixSenseLine
                0x080047c8       0x2c build/infinikeys_hal_stm32cube.o
                0x080047c8                IK_HAL_ReadMatrixSenseLine
 .text.IK_STM32CUBE_USBD_HID_SendReport
                0x080047f4       0x34 build/infinikeys_stm32cube_usb_hid.o
                0x080047f4                IK_STM32CUBE_USBD_HID_SendReport
 .text.Reset_Handler
                0x08004828       0x48 build/startup_stm32f103x6.o
                0x08004828                Reset_Handler
 .text.Default_Handler
                0x08004870        0x2 build/startup_stm32f103x6.o
                0x08004870                RTC_Alarm_IRQHandler
                0x08004870                EXTI2_IRQHandler
                0x08004870                TIM1_CC_IRQHandler
                0x08004870                PVD_IRQHandler
                0x08004870                EXTI3_IRQHandler
                0x08004870                EXTI0_IRQHandler
                0x08004870                ADC1_2_IRQHandler
                0x08004870                SPI1_IRQHandler
                0x08004870                TAMPER_IRQHandler
                0x08004870                DMA1_Channel4_IRQHandler
                0x08004870                RTC_IRQHandler
                0x08004870                DMA1_Channel7_IRQHandler
                0x08004870                CAN1_RX1_IRQHandler
                0x08004870                I2C1_EV_IRQHandler
                0x08004870                DMA1_Channel6_IRQHandler
                0x08004870                TIM3_IRQHandler
                0x08004870                RCC_IRQHandler
                0x08004870                TIM1_TRG_COM_IRQHandler
                0x08004870                DMA1_Channel1_IRQHandler
                0x08004870                Default_Handler
                0x08004870                EXTI15_10_IRQHandler
                0x08004870                EXTI9_5_IRQHandler
                0x08004870                DMA1_Channel5_IRQHandler
                0x08004870                EXTI4_IRQHandler
                0x08004870                USB_HP_CAN1_TX_IRQHandler
                0x08004870                DMA1_Channel3_IRQHandler
                0x08004870                WWDG_IRQHandler
                0x08004870                TIM2_IRQHandler
                0x08004870                TIM1_BRK_IRQHandler
                0x08004870                EXTI1_IRQHandler
                0x08004870                USART2_IRQHandler
                0x08004870                DMA1_Channel2_IRQHandler
                0x08004870                CAN1_SCE_IRQHandler
                0x08004870                FLASH_IRQHandler
                0x08004870                USART1_IRQHandler
                0x08004870                I2C1_ER_IRQHandler
                0x08004870                USBWakeUp_IRQHandler
 *fill*         0x08004872        0x2 
 .text.__libc_init_array
                0x08004874       0x48 c:/toolchains/vsarm/armcc/bin/../lib/gcc/arm-none-eabi/8.3.1/../../../../arm-none-eabi/lib/thumb/v7-m/nofp\libc_nano.a(lib_a-init.o)
                0x08004874                __libc_init_array
 .text.malloc   0x080048bc       0x10 c:/toolchains/vsarm/armcc/bin/../lib/gcc/arm-none-eabi/8.3.1/../../../../arm-none-eabi/lib/thumb/v7-m/nofp\libc_nano.a(lib_a-malloc.o)
                0x080048bc                malloc
 .text._malloc_r
                0x080048cc       0xb4 c:/toolchains/vsarm/armcc/bin/../lib/gcc/arm-none-eabi/8.3.1/../../../../arm-none-eabi/lib/thumb/v7-m/nofp\libc_nano.a(lib_a-nano-mallocr.o)
                0x080048cc                _malloc_r
 .text._sbrk_r  0x08004980       0x20 c:/toolchains/vsarm/armcc/bin/../lib/gcc/arm-none-eabi/8.3.1/../../../../arm-none-eabi/lib/thumb/v7-m/nofp\libc_nano.a(lib_a-sbrkr.o)
                0x08004980                _sbrk_r
 .text.__malloc_lock
                0x080049a0        0xc c:/toolchains/vsarm/armcc/bin/../lib/gcc/arm-none-eabi/8.3.1/../../../../arm-none-eabi/lib/thumb/v7-m/nofp\libc_nano.a(lib_a-mlock.o)
                0x080049a0                __malloc_lock
 .text.__malloc_unlock
                0x080049ac        0xc c:/toolchains/vsarm/armcc/bin/../lib/gcc/arm-none-eabi/8.3.1/../../../../arm-none-eabi/lib/thumb/v7-m/nofp\libc_nano.a(lib_a-mlock.o)
                0x080049ac                __malloc_unlock
 .text.__retarget_lock_acquire_recursive
                0x080049b8        0x2 c:/toolchains/vsarm/armcc/bin/../lib/gcc/arm-none-eabi/8.3.1/../../../../arm-none-eabi/lib/thumb/v7-m/nofp\libc_nano.a(lib_a-lock.o)
                0x080049b8                __retarget_lock_acquire_recursive
 .text.__retarget_lock_release_recursive
                0x080049ba        0x2 c:/toolchains/vsarm/armcc/bin/../lib/gcc/arm-none-eabi/8.3.1/../../../../arm-none-eabi/lib/thumb/v7-m/nofp\libc_nano.a(lib_a-lock.o)
                0x080049ba                __retarget_lock_release_recursive
 .text._sbrk    0x080049bc       0x1c c:/toolchains/vsarm/armcc/bin/../lib/gcc/arm-none-eabi/8.3.1/../../../../arm-none-eabi/lib/thumb/v7-m/nofp\libnosys.a(sbrk.o)
                0x080049bc                _sbrk
 *(.glue_7)
 .glue_7        0x080049d8        0x0 linker stubs
 *(.glue_7t)
 .glue_7t       0x080049d8        0x0 linker stubs
 *(.eh_frame)
 .eh_frame      0x080049d8        0x0 c:/toolchains/vsarm/armcc/bin/../lib/gcc/arm-none-eabi/8.3.1/thumb/v7-m/nofp/crtbegin.o
 *(.init)
 .init          0x080049d8        0x4 c:/toolchains/vsarm/armcc/bin/../lib/gcc/arm-none-eabi/8.3.1/thumb/v7-m/nofp/crti.o
                0x080049d8                _init
 .init          0x080049dc        0x8 c:/toolchains/vsarm/armcc/bin/../lib/gcc/arm-none-eabi/8.3.1/thumb/v7-m/nofp/crtn.o
 *(.fini)
 .fini          0x080049e4        0x4 c:/toolchains/vsarm/armcc/bin/../lib/gcc/arm-none-eabi/8.3.1/thumb/v7-m/nofp/crti.o
                0x080049e4                _fini
 .fini          0x080049e8        0x8 c:/toolchains/vsarm/armcc/bin/../lib/gcc/arm-none-eabi/8.3.1/thumb/v7-m/nofp/crtn.o
                0x080049f0                . = ALIGN (0x4)
                0x080049f0                _etext = .

.vfp11_veneer   0x080049f0        0x0
 .vfp11_veneer  0x080049f0        0x0 linker stubs

.v4_bx          0x080049f0        0x0
 .v4_bx         0x080049f0        0x0 linker stubs

.iplt           0x080049f0        0x0
 .iplt          0x080049f0        0x0 c:/toolchains/vsarm/armcc/bin/../lib/gcc/arm-none-eabi/8.3.1/thumb/v7-m/nofp/crtbegin.o

.rodata         0x080049f0      0x15c
                0x080049f0                . = ALIGN (0x4)
 *(.rodata)
 .rodata        0x080049f0       0x14 build/main.o
 .rodata        0x08004a04       0x10 build/stm32f1xx_hal_rcc.o
 *(.rodata*)
 .rodata.str1.4
                0x08004a14        0xc build/main.o
 .rodata.CSWTCH.2
                0x08004a20        0x4 build/usbd_conf.o
 .rodata.USBD_FS_ConfigStrDescriptor.str1.4
                0x08004a24       0x12 build/usbd_desc.o
 *fill*         0x08004a36        0x2 
 .rodata.USBD_FS_InterfaceStrDescriptor.str1.4
                0x08004a38       0x15 build/usbd_desc.o
 *fill*         0x08004a4d        0x3 
 .rodata.USBD_FS_ManufacturerStrDescriptor.str1.4
                0x08004a50       0x14 build/usbd_desc.o
 .rodata.USBD_FS_ProductStrDescriptor.str1.4
                0x08004a64       0x18 build/usbd_desc.o
 .rodata.AHBPrescTable
                0x08004a7c       0x10 build/system_stm32f1xx.o
                0x08004a7c                AHBPrescTable
 .rodata.APBPrescTable
                0x08004a8c        0x8 build/system_stm32f1xx.o
                0x08004a8c                APBPrescTable
 .rodata.vTaskStartScheduler.str1.4
                0x08004a94        0x8 build/tasks.o
                                  0x5 (size before relaxing)
 .rodata._probe_pins
                0x08004a9c       0x2c build/infinikeys_hal_stm32cube.o
 .rodata._probe_ports
                0x08004ac8       0x58 build/infinikeys_hal_stm32cube.o
 .rodata._sense_pins
                0x08004b20        0xe build/infinikeys_hal_stm32cube.o
 *fill*         0x08004b2e        0x2 
 .rodata._sense_ports
                0x08004b30       0x1c build/infinikeys_hal_stm32cube.o
                0x08004b4c                . = ALIGN (0x4)

.rel.dyn        0x08004b4c        0x0
 .rel.iplt      0x08004b4c        0x0 c:/toolchains/vsarm/armcc/bin/../lib/gcc/arm-none-eabi/8.3.1/thumb/v7-m/nofp/crtbegin.o

.ARM.extab
 *(.ARM.extab* .gnu.linkonce.armextab.*)

.ARM            0x08004b4c        0x0
                0x08004b4c                __exidx_start = .
 *(.ARM.exidx*)
                0x08004b4c                __exidx_end = .

.preinit_array  0x08004b4c        0x0
                0x08004b4c                PROVIDE (__preinit_array_start = .)
 *(.preinit_array*)
                0x08004b4c                PROVIDE (__preinit_array_end = .)

.init_array     0x08004b4c        0x4
                0x08004b4c                PROVIDE (__init_array_start = .)
 *(SORT_BY_NAME(.init_array.*))
 *(.init_array*)
 .init_array    0x08004b4c        0x4 c:/toolchains/vsarm/armcc/bin/../lib/gcc/arm-none-eabi/8.3.1/thumb/v7-m/nofp/crtbegin.o
                0x08004b50                PROVIDE (__init_array_end = .)

.fini_array     0x08004b50        0x4
                [!provide]                PROVIDE (__fini_array_start = .)
 *(SORT_BY_NAME(.fini_array.*))
 *(.fini_array*)
 .fini_array    0x08004b50        0x4 c:/toolchains/vsarm/armcc/bin/../lib/gcc/arm-none-eabi/8.3.1/thumb/v7-m/nofp/crtbegin.o
                [!provide]                PROVIDE (__fini_array_end = .)
                0x08004b54                _sidata = LOADADDR (.data)

.data           0x20000000      0x210 load address 0x08004b54
                0x20000000                . = ALIGN (0x4)
                0x20000000                _sdata = .
 *(.data)
 *(.data*)
 .data.FS_Desc  0x20000000       0x1c build/usbd_desc.o
                0x20000000                FS_Desc
 .data.USBD_FS_DeviceDesc
                0x2000001c       0x12 build/usbd_desc.o
                0x2000001c                USBD_FS_DeviceDesc
 *fill*         0x2000002e        0x2 
 .data.USBD_LangIDDesc
                0x20000030        0x4 build/usbd_desc.o
                0x20000030                USBD_LangIDDesc
 .data.USBD_StringSerial
                0x20000034       0x1a build/usbd_desc.o
                0x20000034                USBD_StringSerial
 *fill*         0x2000004e        0x2 
 .data.CUSTOM_HID_ReportDesc_FS
                0x20000050       0x5b build/usbd_custom_hid_if.o
 *fill*         0x200000ab        0x1 
 .data.USBD_CustomHID_fops_FS
                0x200000ac       0x10 build/usbd_custom_hid_if.o
                0x200000ac                USBD_CustomHID_fops_FS
 .data.uwTickFreq
                0x200000bc        0x1 build/stm32f1xx_hal.o
                0x200000bc                uwTickFreq
 *fill*         0x200000bd        0x3 
 .data.uwTickPrio
                0x200000c0        0x4 build/stm32f1xx_hal.o
                0x200000c0                uwTickPrio
 .data.SystemCoreClock
                0x200000c4        0x4 build/system_stm32f1xx.o
                0x200000c4                SystemCoreClock
 .data.uxCriticalNesting
                0x200000c8        0x4 build/port.o
 .data.USBD_CUSTOM_HID
                0x200000cc       0x38 build/usbd_customhid.o
                0x200000cc                USBD_CUSTOM_HID
 .data.USBD_CUSTOM_HID_CfgFSDesc
                0x20000104       0x29 build/usbd_customhid.o
 *fill*         0x2000012d        0x3 
 .data.USBD_CUSTOM_HID_CfgHSDesc
                0x20000130       0x29 build/usbd_customhid.o
 *fill*         0x20000159        0x3 
 .data.USBD_CUSTOM_HID_Desc
                0x2000015c        0x9 build/usbd_customhid.o
 *fill*         0x20000165        0x3 
 .data.USBD_CUSTOM_HID_DeviceQualifierDesc
                0x20000168        0xa build/usbd_customhid.o
 *fill*         0x20000172        0x2 
 .data.USBD_CUSTOM_HID_OtherSpeedCfgDesc
                0x20000174       0x29 build/usbd_customhid.o
 *fill*         0x2000019d        0x3 
 .data.test_meta.4324
                0x200001a0        0x1 build/infinikeys.o
 *fill*         0x200001a1        0x3 
 .data._IK_KeyMap_None
                0x200001a4        0x8 build/infinikeys_kbcfg.o
 .data._impure_ptr
                0x200001ac        0x4 c:/toolchains/vsarm/armcc/bin/../lib/gcc/arm-none-eabi/8.3.1/../../../../arm-none-eabi/lib/thumb/v7-m/nofp\libc_nano.a(lib_a-impure.o)
                0x200001ac                _impure_ptr
 .data.impure_data
                0x200001b0       0x60 c:/toolchains/vsarm/armcc/bin/../lib/gcc/arm-none-eabi/8.3.1/../../../../arm-none-eabi/lib/thumb/v7-m/nofp\libc_nano.a(lib_a-impure.o)
                0x20000210                . = ALIGN (0x4)
                0x20000210                _edata = .

.igot.plt       0x20000210        0x0 load address 0x08004d64
 .igot.plt      0x20000210        0x0 c:/toolchains/vsarm/armcc/bin/../lib/gcc/arm-none-eabi/8.3.1/thumb/v7-m/nofp/crtbegin.o
                0x20000210                . = ALIGN (0x4)

.bss            0x20000210     0x167c load address 0x08004d64
                0x20000210                _sbss = .
                0x20000210                __bss_start__ = _sbss
 *(.bss)
 .bss           0x20000210       0x1c c:/toolchains/vsarm/armcc/bin/../lib/gcc/arm-none-eabi/8.3.1/thumb/v7-m/nofp/crtbegin.o
 *(.bss*)
 .bss.mem.8692  0x2000022c       0x1c build/usbd_conf.o
 .bss.pxCurrentTCB
                0x20000248        0x4 build/tasks.o
                0x20000248                pxCurrentTCB
 .bss.pxDelayedTaskList
                0x2000024c        0x4 build/tasks.o
 .bss.pxOverflowDelayedTaskList
                0x20000250        0x4 build/tasks.o
 .bss.pxReadyTasksLists
                0x20000254       0x8c build/tasks.o
 .bss.uxCurrentNumberOfTasks
                0x200002e0        0x4 build/tasks.o
 .bss.uxDeletedTasksWaitingCleanUp
                0x200002e4        0x4 build/tasks.o
 .bss.uxPendedTicks
                0x200002e8        0x4 build/tasks.o
 .bss.uxSchedulerSuspended
                0x200002ec        0x4 build/tasks.o
 .bss.uxTaskNumber
                0x200002f0        0x4 build/tasks.o
 .bss.uxTopReadyPriority
                0x200002f4        0x4 build/tasks.o
 .bss.xDelayedTaskList1
                0x200002f8       0x14 build/tasks.o
 .bss.xDelayedTaskList2
                0x2000030c       0x14 build/tasks.o
 .bss.xIdleTaskHandle
                0x20000320        0x4 build/tasks.o
 .bss.xNextTaskUnblockTime
                0x20000324        0x4 build/tasks.o
 .bss.xNumOfOverflows
                0x20000328        0x4 build/tasks.o
 .bss.xPendingReadyList
                0x2000032c       0x14 build/tasks.o
 .bss.xSchedulerRunning
                0x20000340        0x4 build/tasks.o
 .bss.xSuspendedTaskList
                0x20000344       0x14 build/tasks.o
 .bss.xTasksWaitingTermination
                0x20000358       0x14 build/tasks.o
 .bss.xTickCount
                0x2000036c        0x4 build/tasks.o
 .bss.xYieldPending
                0x20000370        0x4 build/tasks.o
 .bss.pxEnd     0x20000374        0x4 build/heap_4.o
 .bss.ucHeap    0x20000378      0xc00 build/heap_4.o
 .bss.xBlockAllocatedBit
                0x20000f78        0x4 build/heap_4.o
 .bss.xFreeBytesRemaining
                0x20000f7c        0x4 build/heap_4.o
 .bss.xMinimumEverFreeBytesRemaining
                0x20000f80        0x4 build/heap_4.o
 .bss.xStart    0x20000f84        0x8 build/heap_4.o
 .bss.ucMaxSysCallPriority
                0x20000f8c        0x1 build/port.o
 *fill*         0x20000f8d        0x3 
 .bss.ulMaxPRIGROUPValue
                0x20000f90        0x4 build/port.o
 .bss.cfgidx.8642
                0x20000f94        0x1 build/usbd_ctlreq.o
 *fill*         0x20000f95        0x3 
 .bss.pressed_keys_buffer
                0x20000f98       0x9a build/infinikeys.o
 .bss.IK_HID_OEMReservedReportByte
                0x20001032        0x1 build/infinikeys_usbif.o
                0x20001032                IK_HID_OEMReservedReportByte
 .bss.IK_CFG_CurrentKeyLayer
                0x20001033        0x1 build/infinikeys_kbcfg.o
                0x20001033                IK_CFG_CurrentKeyLayer
 .bss.IK_CFG_FallbackKeyLayer
                0x20001034        0x1 build/infinikeys_kbcfg.o
 .bss.IK_CFG_KeyLayerCount
                0x20001035        0x1 build/infinikeys_kbcfg.o
 *fill*         0x20001036        0x2 
 .bss.__malloc_free_list
                0x20001038        0x4 c:/toolchains/vsarm/armcc/bin/../lib/gcc/arm-none-eabi/8.3.1/../../../../arm-none-eabi/lib/thumb/v7-m/nofp\libc_nano.a(lib_a-nano-mallocr.o)
                0x20001038                __malloc_free_list
 .bss.__malloc_sbrk_start
                0x2000103c        0x4 c:/toolchains/vsarm/armcc/bin/../lib/gcc/arm-none-eabi/8.3.1/../../../../arm-none-eabi/lib/thumb/v7-m/nofp\libc_nano.a(lib_a-nano-mallocr.o)
                0x2000103c                __malloc_sbrk_start
 .bss.heap_end.4194
                0x20001040        0x4 c:/toolchains/vsarm/armcc/bin/../lib/gcc/arm-none-eabi/8.3.1/../../../../arm-none-eabi/lib/thumb/v7-m/nofp\libnosys.a(sbrk.o)
 *(COMMON)
 COMMON         0x20001044       0xb0 build/main.o
                0x20001044                defaultTaskHandle
                0x20001048                hi2c1
                0x2000109c                huart1
                0x200010dc                h_rgb_controller
 COMMON         0x200010f4      0x2c4 build/usb_device.o
                0x200010f4                hUsbDeviceFS
 COMMON         0x200013b8      0x26c build/usbd_conf.o
                0x200013b8                hpcd_USB_FS
 COMMON         0x20001624      0x200 build/usbd_desc.o
                0x20001624                USBD_StrDesc
 COMMON         0x20001824       0x40 build/stm32f1xx_hal_timebase_tim.o
                0x20001824                htim1
 COMMON         0x20001864        0x4 build/stm32f1xx_hal.o
                0x20001864                uwTick
 COMMON         0x20001868        0xd build/infinikeys_usbif.o
                0x20001868                IK_HID_ModifierKeys
                0x20001870                IK_HID_PressedKeys_Buffer
 *fill*         0x20001875        0x3 
 COMMON         0x20001878        0x4 build/infinikeys_kbcfg.o
                0x20001878                IK_CFG_KeyMapTable
 COMMON         0x2000187c        0x4 c:/toolchains/vsarm/armcc/bin/../lib/gcc/arm-none-eabi/8.3.1/../../../../arm-none-eabi/lib/thumb/v7-m/nofp\libc_nano.a(lib_a-reent.o)
                0x2000187c                errno
 COMMON         0x20001880        0x9 c:/toolchains/vsarm/armcc/bin/../lib/gcc/arm-none-eabi/8.3.1/../../../../arm-none-eabi/lib/thumb/v7-m/nofp\libc_nano.a(lib_a-lock.o)
                0x20001880                __lock___atexit_recursive_mutex
                0x20001881                __lock___arc4random_mutex
                0x20001882                __lock___env_recursive_mutex
                0x20001883                __lock___sinit_recursive_mutex
                0x20001884                __lock___malloc_recursive_mutex
                0x20001885                __lock___at_quick_exit_mutex
                0x20001886                __lock___dd_hash_mutex
                0x20001887                __lock___tz_mutex
                0x20001888                __lock___sfp_recursive_mutex
                0x2000188c                . = ALIGN (0x4)
 *fill*         0x20001889        0x3 
                0x2000188c                _ebss = .
                0x2000188c                __bss_end__ = _ebss

._user_heap_stack
                0x2000188c      0x604 load address 0x08004d64
                0x20001890                . = ALIGN (0x8)
 *fill*         0x2000188c        0x4 
                0x20001890                PROVIDE (end = .)
                [!provide]                PROVIDE (_end = .)
                0x20001a90                . = (. + _Min_Heap_Size)
 *fill*         0x20001890      0x200 
                0x20001e90                . = (. + _Min_Stack_Size)
 *fill*         0x20001a90      0x400 
                0x20001e90                . = ALIGN (0x8)

/DISCARD/
 libc.a(*)
 libm.a(*)
 libgcc.a(*)

.ARM.attributes
                0x00000000       0x29
 *(.ARM.attributes)
 .ARM.attributes
                0x00000000       0x1d c:/toolchains/vsarm/armcc/bin/../lib/gcc/arm-none-eabi/8.3.1/thumb/v7-m/nofp/crti.o
 .ARM.attributes
                0x0000001d       0x2d c:/toolchains/vsarm/armcc/bin/../lib/gcc/arm-none-eabi/8.3.1/thumb/v7-m/nofp/crtbegin.o
 .ARM.attributes
                0x0000004a       0x2d build/main.o
 .ARM.attributes
                0x00000077       0x2d build/usb_device.o
 .ARM.attributes
                0x000000a4       0x2d build/usbd_conf.o
 .ARM.attributes
                0x000000d1       0x2d build/usbd_desc.o
 .ARM.attributes
                0x000000fe       0x2d build/usbd_custom_hid_if.o
 .ARM.attributes
                0x0000012b       0x2d build/stm32f1xx_it.o
 .ARM.attributes
                0x00000158       0x2d build/stm32f1xx_hal_msp.o
 .ARM.attributes
                0x00000185       0x2d build/stm32f1xx_hal_timebase_tim.o
 .ARM.attributes
                0x000001b2       0x2d build/stm32f1xx_hal_pcd.o
 .ARM.attributes
                0x000001df       0x2d build/stm32f1xx_hal_pcd_ex.o
 .ARM.attributes
                0x0000020c       0x2d build/stm32f1xx_ll_usb.o
 .ARM.attributes
                0x00000239       0x2d build/stm32f1xx_hal_i2c.o
 .ARM.attributes
                0x00000266       0x2d build/stm32f1xx_hal_tim.o
 .ARM.attributes
                0x00000293       0x2d build/stm32f1xx_hal_tim_ex.o
 .ARM.attributes
                0x000002c0       0x2d build/stm32f1xx_hal_uart.o
 .ARM.attributes
                0x000002ed       0x2d build/stm32f1xx_hal.o
 .ARM.attributes
                0x0000031a       0x2d build/stm32f1xx_hal_rcc.o
 .ARM.attributes
                0x00000347       0x2d build/stm32f1xx_hal_rcc_ex.o
 .ARM.attributes
                0x00000374       0x2d build/stm32f1xx_hal_gpio.o
 .ARM.attributes
                0x000003a1       0x2d build/stm32f1xx_hal_cortex.o
 .ARM.attributes
                0x000003ce       0x2d build/system_stm32f1xx.o
 .ARM.attributes
                0x000003fb       0x2d build/list.o
 .ARM.attributes
                0x00000428       0x2d build/tasks.o
 .ARM.attributes
                0x00000455       0x2d build/cmsis_os.o
 .ARM.attributes
                0x00000482       0x2d build/heap_4.o
 .ARM.attributes
                0x000004af       0x2d build/port.o
 .ARM.attributes
                0x000004dc       0x2d build/usbd_core.o
 .ARM.attributes
                0x00000509       0x2d build/usbd_ctlreq.o
 .ARM.attributes
                0x00000536       0x2d build/usbd_ioreq.o
 .ARM.attributes
                0x00000563       0x2d build/usbd_customhid.o
 .ARM.attributes
                0x00000590       0x2d build/is31fl3236_driver.o
 .ARM.attributes
                0x000005bd       0x2d build/fwtasks.o
 .ARM.attributes
                0x000005ea       0x2d build/infinikeys.o
 .ARM.attributes
                0x00000617       0x2d build/infinikeys_usbif.o
 .ARM.attributes
                0x00000644       0x2d build/infinikeys_parser.o
 .ARM.attributes
                0x00000671       0x2d build/infinikeys_kbcfg.o
 .ARM.attributes
                0x0000069e       0x2d build/infinikeys_acq.o
 .ARM.attributes
                0x000006cb       0x2d build/infinikeys_hal_stm32cube.o
 .ARM.attributes
                0x000006f8       0x2d build/infinikeys_stm32cube_usb_hid.o
 .ARM.attributes
                0x00000725       0x21 build/startup_stm32f103x6.o
 .ARM.attributes
                0x00000746       0x2d c:/toolchains/vsarm/armcc/bin/../lib/gcc/arm-none-eabi/8.3.1/../../../../arm-none-eabi/lib/thumb/v7-m/nofp\libc_nano.a(lib_a-impure.o)
 .ARM.attributes
                0x00000773       0x2d c:/toolchains/vsarm/armcc/bin/../lib/gcc/arm-none-eabi/8.3.1/../../../../arm-none-eabi/lib/thumb/v7-m/nofp\libc_nano.a(lib_a-init.o)
 .ARM.attributes
                0x000007a0       0x2d c:/toolchains/vsarm/armcc/bin/../lib/gcc/arm-none-eabi/8.3.1/../../../../arm-none-eabi/lib/thumb/v7-m/nofp\libc_nano.a(lib_a-malloc.o)
 .ARM.attributes
                0x000007cd       0x2d c:/toolchains/vsarm/armcc/bin/../lib/gcc/arm-none-eabi/8.3.1/../../../../arm-none-eabi/lib/thumb/v7-m/nofp\libc_nano.a(lib_a-nano-mallocr.o)
 .ARM.attributes
                0x000007fa       0x2d c:/toolchains/vsarm/armcc/bin/../lib/gcc/arm-none-eabi/8.3.1/../../../../arm-none-eabi/lib/thumb/v7-m/nofp\libc_nano.a(lib_a-sbrkr.o)
 .ARM.attributes
                0x00000827       0x2d c:/toolchains/vsarm/armcc/bin/../lib/gcc/arm-none-eabi/8.3.1/../../../../arm-none-eabi/lib/thumb/v7-m/nofp\libc_nano.a(lib_a-mlock.o)
 .ARM.attributes
                0x00000854       0x2d c:/toolchains/vsarm/armcc/bin/../lib/gcc/arm-none-eabi/8.3.1/../../../../arm-none-eabi/lib/thumb/v7-m/nofp\libc_nano.a(lib_a-reent.o)
 .ARM.attributes
                0x00000881       0x2d c:/toolchains/vsarm/armcc/bin/../lib/gcc/arm-none-eabi/8.3.1/../../../../arm-none-eabi/lib/thumb/v7-m/nofp\libc_nano.a(lib_a-lock.o)
 .ARM.attributes
                0x000008ae       0x2d c:/toolchains/vsarm/armcc/bin/../lib/gcc/arm-none-eabi/8.3.1/../../../../arm-none-eabi/lib/thumb/v7-m/nofp\libnosys.a(sbrk.o)
 .ARM.attributes
                0x000008db       0x1d c:/toolchains/vsarm/armcc/bin/../lib/gcc/arm-none-eabi/8.3.1/thumb/v7-m/nofp/crtn.o
OUTPUT(build/vsarm_firmware.elf elf32-littlearm)

.debug_info     0x00000000    0x36ae3
 .debug_info    0x00000000     0x24ac build/main.o
 .debug_info    0x000024ac     0x18f7 build/usb_device.o
 .debug_info    0x00003da3     0x2fd6 build/usbd_conf.o
 .debug_info    0x00006d79     0x1796 build/usbd_desc.o
 .debug_info    0x0000850f     0x17c7 build/usbd_custom_hid_if.o
 .debug_info    0x00009cd6     0x1112 build/stm32f1xx_it.o
 .debug_info    0x0000ade8      0xfc2 build/stm32f1xx_hal_msp.o
 .debug_info    0x0000bdaa      0xadb build/stm32f1xx_hal_timebase_tim.o
 .debug_info    0x0000c885     0x1623 build/stm32f1xx_hal_pcd.o
 .debug_info    0x0000dea8      0x864 build/stm32f1xx_hal_pcd_ex.o
 .debug_info    0x0000e70c     0x1af6 build/stm32f1xx_ll_usb.o
 .debug_info    0x00010202     0x3e33 build/stm32f1xx_hal_i2c.o
 .debug_info    0x00014035     0x45a7 build/stm32f1xx_hal_tim.o
 .debug_info    0x000185dc     0x1835 build/stm32f1xx_hal_tim_ex.o
 .debug_info    0x00019e11     0x1ae9 build/stm32f1xx_hal_uart.o
 .debug_info    0x0001b8fa      0x8da build/stm32f1xx_hal.o
 .debug_info    0x0001c1d4      0xb81 build/stm32f1xx_hal_rcc.o
 .debug_info    0x0001cd55      0x52f build/stm32f1xx_hal_rcc_ex.o
 .debug_info    0x0001d284      0x7a4 build/stm32f1xx_hal_gpio.o
 .debug_info    0x0001da28      0xec2 build/stm32f1xx_hal_cortex.o
 .debug_info    0x0001e8ea      0x4d0 build/system_stm32f1xx.o
 .debug_info    0x0001edba      0xca0 build/list.o
 .debug_info    0x0001fa5a     0x33fe build/tasks.o
 .debug_info    0x00022e58     0x2c16 build/cmsis_os.o
 .debug_info    0x00025a6e      0xeca build/heap_4.o
 .debug_info    0x00026938      0x5f8 build/port.o
 .debug_info    0x00026f30     0x1f3f build/usbd_core.o
 .debug_info    0x00028e6f     0x2134 build/usbd_ctlreq.o
 .debug_info    0x0002afa3     0x198c build/usbd_ioreq.o
 .debug_info    0x0002c92f     0x1e30 build/usbd_customhid.o
 .debug_info    0x0002e75f     0x129d build/is31fl3236_driver.o
 .debug_info    0x0002f9fc      0x906 build/fwtasks.o
 .debug_info    0x00030302      0x261 build/infinikeys.o
 .debug_info    0x00030563     0x1be2 build/infinikeys_usbif.o
 .debug_info    0x00032145     0x1599 build/infinikeys_parser.o
 .debug_info    0x000336de      0xf68 build/infinikeys_kbcfg.o
 .debug_info    0x00034646      0x2f3 build/infinikeys_acq.o
 .debug_info    0x00034939      0x40c build/infinikeys_hal_stm32cube.o
 .debug_info    0x00034d45     0x1d7c build/infinikeys_stm32cube_usb_hid.o
 .debug_info    0x00036ac1       0x22 build/startup_stm32f103x6.o

.debug_abbrev   0x00000000     0x74a4
 .debug_abbrev  0x00000000      0x3d2 build/main.o
 .debug_abbrev  0x000003d2      0x243 build/usb_device.o
 .debug_abbrev  0x00000615      0x3f9 build/usbd_conf.o
 .debug_abbrev  0x00000a0e      0x3c4 build/usbd_desc.o
 .debug_abbrev  0x00000dd2      0x26a build/usbd_custom_hid_if.o
 .debug_abbrev  0x0000103c      0x1ed build/stm32f1xx_it.o
 .debug_abbrev  0x00001229      0x227 build/stm32f1xx_hal_msp.o
 .debug_abbrev  0x00001450      0x21a build/stm32f1xx_hal_timebase_tim.o
 .debug_abbrev  0x0000166a      0x3ab build/stm32f1xx_hal_pcd.o
 .debug_abbrev  0x00001a15      0x1e3 build/stm32f1xx_hal_pcd_ex.o
 .debug_abbrev  0x00001bf8      0x348 build/stm32f1xx_ll_usb.o
 .debug_abbrev  0x00001f40      0x49c build/stm32f1xx_hal_i2c.o
 .debug_abbrev  0x000023dc      0x3e3 build/stm32f1xx_hal_tim.o
 .debug_abbrev  0x000027bf      0x363 build/stm32f1xx_hal_tim_ex.o
 .debug_abbrev  0x00002b22      0x37d build/stm32f1xx_hal_uart.o
 .debug_abbrev  0x00002e9f      0x291 build/stm32f1xx_hal.o
 .debug_abbrev  0x00003130      0x31d build/stm32f1xx_hal_rcc.o
 .debug_abbrev  0x0000344d      0x1f9 build/stm32f1xx_hal_rcc_ex.o
 .debug_abbrev  0x00003646      0x24d build/stm32f1xx_hal_gpio.o
 .debug_abbrev  0x00003893      0x38d build/stm32f1xx_hal_cortex.o
 .debug_abbrev  0x00003c20      0x153 build/system_stm32f1xx.o
 .debug_abbrev  0x00003d73      0x245 build/list.o
 .debug_abbrev  0x00003fb8      0x553 build/tasks.o
 .debug_abbrev  0x0000450b      0x543 build/cmsis_os.o
 .debug_abbrev  0x00004a4e      0x398 build/heap_4.o
 .debug_abbrev  0x00004de6      0x2dc build/port.o
 .debug_abbrev  0x000050c2      0x3cd build/usbd_core.o
 .debug_abbrev  0x0000548f      0x458 build/usbd_ctlreq.o
 .debug_abbrev  0x000058e7      0x266 build/usbd_ioreq.o
 .debug_abbrev  0x00005b4d      0x34e build/usbd_customhid.o
 .debug_abbrev  0x00005e9b      0x2f0 build/is31fl3236_driver.o
 .debug_abbrev  0x0000618b      0x1ba build/fwtasks.o
 .debug_abbrev  0x00006345      0x164 build/infinikeys.o
 .debug_abbrev  0x000064a9      0x2ca build/infinikeys_usbif.o
 .debug_abbrev  0x00006773      0x26c build/infinikeys_parser.o
 .debug_abbrev  0x000069df      0x42f build/infinikeys_kbcfg.o
 .debug_abbrev  0x00006e0e      0x153 build/infinikeys_acq.o
 .debug_abbrev  0x00006f61      0x1b4 build/infinikeys_hal_stm32cube.o
 .debug_abbrev  0x00007115      0x37d build/infinikeys_stm32cube_usb_hid.o
 .debug_abbrev  0x00007492       0x12 build/startup_stm32f103x6.o

.debug_loc      0x00000000    0x1c32c
 .debug_loc     0x00000000       0xf5 build/main.o
 .debug_loc     0x000000f5       0x2c build/usb_device.o
 .debug_loc     0x00000121      0xf37 build/usbd_conf.o
 .debug_loc     0x00001058      0x43a build/usbd_desc.o
 .debug_loc     0x00001492       0x25 build/usbd_custom_hid_if.o
 .debug_loc     0x000014b7      0x181 build/stm32f1xx_hal_msp.o
 .debug_loc     0x00001638       0xd8 build/stm32f1xx_hal_timebase_tim.o
 .debug_loc     0x00001710      0xf49 build/stm32f1xx_hal_pcd.o
 .debug_loc     0x00002659       0xd5 build/stm32f1xx_hal_pcd_ex.o
 .debug_loc     0x0000272e     0x1e3c build/stm32f1xx_ll_usb.o
 .debug_loc     0x0000456a     0x4a2f build/stm32f1xx_hal_i2c.o
 .debug_loc     0x00008f99     0x5782 build/stm32f1xx_hal_tim.o
 .debug_loc     0x0000e71b     0x1611 build/stm32f1xx_hal_tim_ex.o
 .debug_loc     0x0000fd2c     0x1da0 build/stm32f1xx_hal_uart.o
 .debug_loc     0x00011acc      0x1d1 build/stm32f1xx_hal.o
 .debug_loc     0x00011c9d      0x7a4 build/stm32f1xx_hal_rcc.o
 .debug_loc     0x00012441      0x3f1 build/stm32f1xx_hal_rcc_ex.o
 .debug_loc     0x00012832      0x501 build/stm32f1xx_hal_gpio.o
 .debug_loc     0x00012d33      0x80d build/stm32f1xx_hal_cortex.o
 .debug_loc     0x00013540      0x10f build/system_stm32f1xx.o
 .debug_loc     0x0001364f      0x131 build/list.o
 .debug_loc     0x00013780     0x20af build/tasks.o
 .debug_loc     0x0001582f     0x1d6e build/cmsis_os.o
 .debug_loc     0x0001759d      0x4ac build/heap_4.o
 .debug_loc     0x00017a49      0x1c4 build/port.o
 .debug_loc     0x00017c0d      0xab1 build/usbd_core.o
 .debug_loc     0x000186be      0xf47 build/usbd_ctlreq.o
 .debug_loc     0x00019605      0x344 build/usbd_ioreq.o
 .debug_loc     0x00019949      0x793 build/usbd_customhid.o
 .debug_loc     0x0001a0dc     0x1024 build/is31fl3236_driver.o
 .debug_loc     0x0001b100       0x51 build/fwtasks.o
 .debug_loc     0x0001b151       0x7c build/infinikeys.o
 .debug_loc     0x0001b1cd      0x321 build/infinikeys_usbif.o
 .debug_loc     0x0001b4ee      0x2c6 build/infinikeys_parser.o
 .debug_loc     0x0001b7b4      0x259 build/infinikeys_kbcfg.o
 .debug_loc     0x0001ba0d      0x119 build/infinikeys_acq.o
 .debug_loc     0x0001bb26      0x17a build/infinikeys_hal_stm32cube.o
 .debug_loc     0x0001bca0      0x68c build/infinikeys_stm32cube_usb_hid.o

.debug_aranges  0x00000000     0x15a0
 .debug_aranges
                0x00000000       0x40 build/main.o
 .debug_aranges
                0x00000040       0x20 build/usb_device.o
 .debug_aranges
                0x00000060      0x110 build/usbd_conf.o
 .debug_aranges
                0x00000170       0x58 build/usbd_desc.o
 .debug_aranges
                0x000001c8       0x28 build/usbd_custom_hid_if.o
 .debug_aranges
                0x000001f0       0x50 build/stm32f1xx_it.o
 .debug_aranges
                0x00000240       0x40 build/stm32f1xx_hal_msp.o
 .debug_aranges
                0x00000280       0x30 build/stm32f1xx_hal_timebase_tim.o
 .debug_aranges
                0x000002b0       0xc0 build/stm32f1xx_hal_pcd.o
 .debug_aranges
                0x00000370       0x28 build/stm32f1xx_hal_pcd_ex.o
 .debug_aranges
                0x00000398       0xe0 build/stm32f1xx_ll_usb.o
 .debug_aranges
                0x00000478      0x1a8 build/stm32f1xx_hal_i2c.o
 .debug_aranges
                0x00000620      0x278 build/stm32f1xx_hal_tim.o
 .debug_aranges
                0x00000898       0xf0 build/stm32f1xx_hal_tim_ex.o
 .debug_aranges
                0x00000988      0x168 build/stm32f1xx_hal_uart.o
 .debug_aranges
                0x00000af0       0xd8 build/stm32f1xx_hal.o
 .debug_aranges
                0x00000bc8       0x88 build/stm32f1xx_hal_rcc.o
 .debug_aranges
                0x00000c50       0x30 build/stm32f1xx_hal_rcc_ex.o
 .debug_aranges
                0x00000c80       0x58 build/stm32f1xx_hal_gpio.o
 .debug_aranges
                0x00000cd8       0x90 build/stm32f1xx_hal_cortex.o
 .debug_aranges
                0x00000d68       0x28 build/system_stm32f1xx.o
 .debug_aranges
                0x00000d90       0x40 build/list.o
 .debug_aranges
                0x00000dd0      0x178 build/tasks.o
 .debug_aranges
                0x00000f48      0x190 build/cmsis_os.o
 .debug_aranges
                0x000010d8       0x48 build/heap_4.o
 .debug_aranges
                0x00001120       0x78 build/port.o
 .debug_aranges
                0x00001198       0xa8 build/usbd_core.o
 .debug_aranges
                0x00001240       0x48 build/usbd_ctlreq.o
 .debug_aranges
                0x00001288       0x50 build/usbd_ioreq.o
 .debug_aranges
                0x000012d8       0x78 build/usbd_customhid.o
 .debug_aranges
                0x00001350       0x70 build/is31fl3236_driver.o
 .debug_aranges
                0x000013c0       0x20 build/fwtasks.o
 .debug_aranges
                0x000013e0       0x30 build/infinikeys.o
 .debug_aranges
                0x00001410       0x28 build/infinikeys_usbif.o
 .debug_aranges
                0x00001438       0x20 build/infinikeys_parser.o
 .debug_aranges
                0x00001458       0x68 build/infinikeys_kbcfg.o
 .debug_aranges
                0x000014c0       0x20 build/infinikeys_acq.o
 .debug_aranges
                0x000014e0       0x30 build/infinikeys_hal_stm32cube.o
 .debug_aranges
                0x00001510       0x68 build/infinikeys_stm32cube_usb_hid.o
 .debug_aranges
                0x00001578       0x28 build/startup_stm32f103x6.o

.debug_ranges   0x00000000     0x2f80
 .debug_ranges  0x00000000      0x118 build/main.o
 .debug_ranges  0x00000118       0x10 build/usb_device.o
 .debug_ranges  0x00000128      0x230 build/usbd_conf.o
 .debug_ranges  0x00000358       0xb0 build/usbd_desc.o
 .debug_ranges  0x00000408       0x18 build/usbd_custom_hid_if.o
 .debug_ranges  0x00000420       0x40 build/stm32f1xx_it.o
 .debug_ranges  0x00000460       0xe8 build/stm32f1xx_hal_msp.o
 .debug_ranges  0x00000548       0x48 build/stm32f1xx_hal_timebase_tim.o
 .debug_ranges  0x00000590      0x178 build/stm32f1xx_hal_pcd.o
 .debug_ranges  0x00000708       0x18 build/stm32f1xx_hal_pcd_ex.o
 .debug_ranges  0x00000720      0x488 build/stm32f1xx_ll_usb.o
 .debug_ranges  0x00000ba8      0x640 build/stm32f1xx_hal_i2c.o
 .debug_ranges  0x000011e8      0x550 build/stm32f1xx_hal_tim.o
 .debug_ranges  0x00001738      0x1d0 build/stm32f1xx_hal_tim_ex.o
 .debug_ranges  0x00001908      0x208 build/stm32f1xx_hal_uart.o
 .debug_ranges  0x00001b10       0xc8 build/stm32f1xx_hal.o
 .debug_ranges  0x00001bd8      0x128 build/stm32f1xx_hal_rcc.o
 .debug_ranges  0x00001d00       0x60 build/stm32f1xx_hal_rcc_ex.o
 .debug_ranges  0x00001d60       0x68 build/stm32f1xx_hal_gpio.o
 .debug_ranges  0x00001dc8      0x180 build/stm32f1xx_hal_cortex.o
 .debug_ranges  0x00001f48       0x18 build/system_stm32f1xx.o
 .debug_ranges  0x00001f60       0x30 build/list.o
 .debug_ranges  0x00001f90      0x310 build/tasks.o
 .debug_ranges  0x000022a0      0x3d8 build/cmsis_os.o
 .debug_ranges  0x00002678       0x38 build/heap_4.o
 .debug_ranges  0x000026b0       0xb0 build/port.o
 .debug_ranges  0x00002760       0x98 build/usbd_core.o
 .debug_ranges  0x000027f8       0xd8 build/usbd_ctlreq.o
 .debug_ranges  0x000028d0       0x40 build/usbd_ioreq.o
 .debug_ranges  0x00002910       0x68 build/usbd_customhid.o
 .debug_ranges  0x00002978      0x278 build/is31fl3236_driver.o
 .debug_ranges  0x00002bf0       0x10 build/fwtasks.o
 .debug_ranges  0x00002c00       0x20 build/infinikeys.o
 .debug_ranges  0x00002c20       0xf0 build/infinikeys_usbif.o
 .debug_ranges  0x00002d10       0xc0 build/infinikeys_parser.o
 .debug_ranges  0x00002dd0       0xd8 build/infinikeys_kbcfg.o
 .debug_ranges  0x00002ea8       0x28 build/infinikeys_acq.o
 .debug_ranges  0x00002ed0       0x38 build/infinikeys_hal_stm32cube.o
 .debug_ranges  0x00002f08       0x58 build/infinikeys_stm32cube_usb_hid.o
 .debug_ranges  0x00002f60       0x20 build/startup_stm32f103x6.o

.debug_line     0x00000000    0x1b2e6
 .debug_line    0x00000000      0x783 build/main.o
 .debug_line    0x00000783      0x470 build/usb_device.o
 .debug_line    0x00000bf3      0x991 build/usbd_conf.o
 .debug_line    0x00001584      0x4ca build/usbd_desc.o
 .debug_line    0x00001a4e      0x388 build/usbd_custom_hid_if.o
 .debug_line    0x00001dd6      0x2fa build/stm32f1xx_it.o
 .debug_line    0x000020d0      0x403 build/stm32f1xx_hal_msp.o
 .debug_line    0x000024d3      0x2c4 build/stm32f1xx_hal_timebase_tim.o
 .debug_line    0x00002797      0xe62 build/stm32f1xx_hal_pcd.o
 .debug_line    0x000035f9      0x25e build/stm32f1xx_hal_pcd_ex.o
 .debug_line    0x00003857      0xec9 build/stm32f1xx_ll_usb.o
 .debug_line    0x00004720     0x509d build/stm32f1xx_hal_i2c.o
 .debug_line    0x000097bd     0x3912 build/stm32f1xx_hal_tim.o
 .debug_line    0x0000d0cf      0xf3d build/stm32f1xx_hal_tim_ex.o
 .debug_line    0x0000e00c     0x1edf build/stm32f1xx_hal_uart.o
 .debug_line    0x0000feeb      0x504 build/stm32f1xx_hal.o
 .debug_line    0x000103ef      0xd24 build/stm32f1xx_hal_rcc.o
 .debug_line    0x00011113      0x4ca build/stm32f1xx_hal_rcc_ex.o
 .debug_line    0x000115dd      0x671 build/stm32f1xx_hal_gpio.o
 .debug_line    0x00011c4e      0x6b2 build/stm32f1xx_hal_cortex.o
 .debug_line    0x00012300      0x286 build/system_stm32f1xx.o
 .debug_line    0x00012586      0x3f5 build/list.o
 .debug_line    0x0001297b     0x251c build/tasks.o
 .debug_line    0x00014e97     0x12f7 build/cmsis_os.o
 .debug_line    0x0001618e      0x690 build/heap_4.o
 .debug_line    0x0001681e      0x674 build/port.o
 .debug_line    0x00016e92      0x8b7 build/usbd_core.o
 .debug_line    0x00017749      0x9b9 build/usbd_ctlreq.o
 .debug_line    0x00018102      0x441 build/usbd_ioreq.o
 .debug_line    0x00018543      0x775 build/usbd_customhid.o
 .debug_line    0x00018cb8      0x5e1 build/is31fl3236_driver.o
 .debug_line    0x00019299      0x2ab build/fwtasks.o
 .debug_line    0x00019544      0x1a9 build/infinikeys.o
 .debug_line    0x000196ed      0x5fe build/infinikeys_usbif.o
 .debug_line    0x00019ceb      0x44a build/infinikeys_parser.o
 .debug_line    0x0001a135      0x49b build/infinikeys_kbcfg.o
 .debug_line    0x0001a5d0      0x2b7 build/infinikeys_acq.o
 .debug_line    0x0001a887      0x287 build/infinikeys_hal_stm32cube.o
 .debug_line    0x0001ab0e      0x766 build/infinikeys_stm32cube_usb_hid.o
 .debug_line    0x0001b274       0x72 build/startup_stm32f103x6.o

.debug_str      0x00000000     0x7f45
 .debug_str     0x00000000     0x1656 build/main.o
                               0x1802 (size before relaxing)
 .debug_str     0x00001656      0x126 build/usb_device.o
                               0x10b1 (size before relaxing)
 .debug_str     0x0000177c      0xb10 build/usbd_conf.o
                               0x1b21 (size before relaxing)
 .debug_str     0x0000228c      0x171 build/usbd_desc.o
                                0xe67 (size before relaxing)
 .debug_str     0x000023fd       0x7b build/usbd_custom_hid_if.o
                               0x1071 (size before relaxing)
 .debug_str     0x00002478       0xd2 build/stm32f1xx_it.o
                                0xd88 (size before relaxing)
 .debug_str     0x0000254a       0xa9 build/stm32f1xx_hal_msp.o
                                0xd68 (size before relaxing)
 .debug_str     0x000025f3       0xde build/stm32f1xx_hal_timebase_tim.o
                                0xa9b (size before relaxing)
 .debug_str     0x000026d1      0x27c build/stm32f1xx_hal_pcd.o
                                0xaf3 (size before relaxing)
 .debug_str     0x0000294d      0x159 build/stm32f1xx_hal_pcd_ex.o
                                0x789 (size before relaxing)
 .debug_str     0x00002aa6      0x19f build/stm32f1xx_ll_usb.o
                                0x7f3 (size before relaxing)
 .debug_str     0x00002c45      0x8a7 build/stm32f1xx_hal_i2c.o
                               0x104f (size before relaxing)
 .debug_str     0x000034ec      0xdbd build/stm32f1xx_hal_tim.o
                               0x151d (size before relaxing)
 .debug_str     0x000042a9      0x545 build/stm32f1xx_hal_tim_ex.o
                                0xd35 (size before relaxing)
 .debug_str     0x000047ee      0x50f build/stm32f1xx_hal_uart.o
                                0xc65 (size before relaxing)
 .debug_str     0x00004cfd      0x214 build/stm32f1xx_hal.o
                                0x83f (size before relaxing)
 .debug_str     0x00004f11      0x18c build/stm32f1xx_hal_rcc.o
                                0x6ce (size before relaxing)
 .debug_str     0x0000509d       0x9c build/stm32f1xx_hal_rcc_ex.o
                                0x4ad (size before relaxing)
 .debug_str     0x00005139      0x112 build/stm32f1xx_hal_gpio.o
                                0x4ec (size before relaxing)
 .debug_str     0x0000524b      0x30c build/stm32f1xx_hal_cortex.o
                                0x961 (size before relaxing)
 .debug_str     0x00005557       0x4a build/system_stm32f1xx.o
                                0x35b (size before relaxing)
 .debug_str     0x000055a1      0x163 build/list.o
                                0x700 (size before relaxing)
 .debug_str     0x00005704      0xba2 build/tasks.o
                               0x128d (size before relaxing)
 .debug_str     0x000062a6      0x7d7 build/cmsis_os.o
                               0x11c7 (size before relaxing)
 .debug_str     0x00006a7d      0x1de build/heap_4.o
                                0x7e9 (size before relaxing)
 .debug_str     0x00006c5b      0x16d build/port.o
                                0x476 (size before relaxing)
 .debug_str     0x00006dc8      0x13e build/usbd_core.o
                               0x124d (size before relaxing)
 .debug_str     0x00006f06       0xe2 build/usbd_ctlreq.o
                               0x1167 (size before relaxing)
 .debug_str     0x00006fe8       0x60 build/usbd_ioreq.o
                               0x1094 (size before relaxing)
 .debug_str     0x00007048      0x2ae build/usbd_customhid.o
                               0x1366 (size before relaxing)
 .debug_str     0x000072f6      0x199 build/is31fl3236_driver.o
                                0x9f7 (size before relaxing)
 .debug_str     0x0000748f       0x26 build/fwtasks.o
                                0x84d (size before relaxing)
 .debug_str     0x000074b5      0x141 build/infinikeys.o
                                0x2f8 (size before relaxing)
 .debug_str     0x000075f6      0x31c build/infinikeys_usbif.o
                               0x13b6 (size before relaxing)
 .debug_str     0x00007912       0xd5 build/infinikeys_parser.o
                                0xfa5 (size before relaxing)
 .debug_str     0x000079e7      0x128 build/infinikeys_kbcfg.o
                                0x858 (size before relaxing)
 .debug_str     0x00007b0f       0xe7 build/infinikeys_acq.o
                                0x376 (size before relaxing)
 .debug_str     0x00007bf6       0xb0 build/infinikeys_hal_stm32cube.o
                                0x3ea (size before relaxing)
 .debug_str     0x00007ca6      0x27b build/infinikeys_stm32cube_usb_hid.o
                               0x1348 (size before relaxing)
 .debug_str     0x00007f21       0x24 build/startup_stm32f103x6.o
                                 0x6a (size before relaxing)

.comment        0x00000000       0x76
 .comment       0x00000000       0x76 build/main.o
                                 0x77 (size before relaxing)
 .comment       0x00000076       0x77 build/usb_device.o
 .comment       0x00000076       0x77 build/usbd_conf.o
 .comment       0x00000076       0x77 build/usbd_desc.o
 .comment       0x00000076       0x77 build/usbd_custom_hid_if.o
 .comment       0x00000076       0x77 build/stm32f1xx_it.o
 .comment       0x00000076       0x77 build/stm32f1xx_hal_msp.o
 .comment       0x00000076       0x77 build/stm32f1xx_hal_timebase_tim.o
 .comment       0x00000076       0x77 build/stm32f1xx_hal_pcd.o
 .comment       0x00000076       0x77 build/stm32f1xx_hal_pcd_ex.o
 .comment       0x00000076       0x77 build/stm32f1xx_ll_usb.o
 .comment       0x00000076       0x77 build/stm32f1xx_hal_i2c.o
 .comment       0x00000076       0x77 build/stm32f1xx_hal_tim.o
 .comment       0x00000076       0x77 build/stm32f1xx_hal_tim_ex.o
 .comment       0x00000076       0x77 build/stm32f1xx_hal_uart.o
 .comment       0x00000076       0x77 build/stm32f1xx_hal.o
 .comment       0x00000076       0x77 build/stm32f1xx_hal_rcc.o
 .comment       0x00000076       0x77 build/stm32f1xx_hal_rcc_ex.o
 .comment       0x00000076       0x77 build/stm32f1xx_hal_gpio.o
 .comment       0x00000076       0x77 build/stm32f1xx_hal_cortex.o
 .comment       0x00000076       0x77 build/system_stm32f1xx.o
 .comment       0x00000076       0x77 build/list.o
 .comment       0x00000076       0x77 build/tasks.o
 .comment       0x00000076       0x77 build/cmsis_os.o
 .comment       0x00000076       0x77 build/heap_4.o
 .comment       0x00000076       0x77 build/port.o
 .comment       0x00000076       0x77 build/usbd_core.o
 .comment       0x00000076       0x77 build/usbd_ctlreq.o
 .comment       0x00000076       0x77 build/usbd_ioreq.o
 .comment       0x00000076       0x77 build/usbd_customhid.o
 .comment       0x00000076       0x77 build/is31fl3236_driver.o
 .comment       0x00000076       0x77 build/fwtasks.o
 .comment       0x00000076       0x77 build/infinikeys.o
 .comment       0x00000076       0x77 build/infinikeys_usbif.o
 .comment       0x00000076       0x77 build/infinikeys_parser.o
 .comment       0x00000076       0x77 build/infinikeys_kbcfg.o
 .comment       0x00000076       0x77 build/infinikeys_acq.o
 .comment       0x00000076       0x77 build/infinikeys_hal_stm32cube.o
 .comment       0x00000076       0x77 build/infinikeys_stm32cube_usb_hid.o

.debug_frame    0x00000000     0x4e64
 .debug_frame   0x00000000       0x90 build/main.o
 .debug_frame   0x00000090       0x30 build/usb_device.o
 .debug_frame   0x000000c0      0x2c4 build/usbd_conf.o
 .debug_frame   0x00000384       0xe8 build/usbd_desc.o
 .debug_frame   0x0000046c       0x40 build/usbd_custom_hid_if.o
 .debug_frame   0x000004ac       0x90 build/stm32f1xx_it.o
 .debug_frame   0x0000053c       0xa8 build/stm32f1xx_hal_msp.o
 .debug_frame   0x000005e4       0x58 build/stm32f1xx_hal_timebase_tim.o
 .debug_frame   0x0000063c      0x33c build/stm32f1xx_hal_pcd.o
 .debug_frame   0x00000978       0x50 build/stm32f1xx_hal_pcd_ex.o
 .debug_frame   0x000009c8      0x2f8 build/stm32f1xx_ll_usb.o
 .debug_frame   0x00000cc0      0xa40 build/stm32f1xx_hal_i2c.o
 .debug_frame   0x00001700      0xb50 build/stm32f1xx_hal_tim.o
 .debug_frame   0x00002250      0x3f4 build/stm32f1xx_hal_tim_ex.o
 .debug_frame   0x00002644      0x5e0 build/stm32f1xx_hal_uart.o
 .debug_frame   0x00002c24      0x1e8 build/stm32f1xx_hal.o
 .debug_frame   0x00002e0c      0x1dc build/stm32f1xx_hal_rcc.o
 .debug_frame   0x00002fe8       0x84 build/stm32f1xx_hal_rcc_ex.o
 .debug_frame   0x0000306c      0x110 build/stm32f1xx_hal_gpio.o
 .debug_frame   0x0000317c      0x14c build/stm32f1xx_hal_cortex.o
 .debug_frame   0x000032c8       0x40 build/system_stm32f1xx.o
 .debug_frame   0x00003308       0x8c build/list.o
 .debug_frame   0x00003394      0x664 build/tasks.o
 .debug_frame   0x000039f8      0x5bc build/cmsis_os.o
 .debug_frame   0x00003fb4       0xb8 build/heap_4.o
 .debug_frame   0x0000406c      0x110 build/port.o
 .debug_frame   0x0000417c      0x1f4 build/usbd_core.o
 .debug_frame   0x00004370       0xe4 build/usbd_ctlreq.o
 .debug_frame   0x00004454       0xd0 build/usbd_ioreq.o
 .debug_frame   0x00004524      0x13c build/usbd_customhid.o
 .debug_frame   0x00004660      0x1a0 build/is31fl3236_driver.o
 .debug_frame   0x00004800       0x2c build/fwtasks.o
 .debug_frame   0x0000482c       0x68 build/infinikeys.o
 .debug_frame   0x00004894       0x80 build/infinikeys_usbif.o
 .debug_frame   0x00004914       0x44 build/infinikeys_parser.o
 .debug_frame   0x00004958      0x120 build/infinikeys_kbcfg.o
 .debug_frame   0x00004a78       0x44 build/infinikeys_acq.o
 .debug_frame   0x00004abc       0x70 build/infinikeys_hal_stm32cube.o
 .debug_frame   0x00004b2c      0x124 build/infinikeys_stm32cube_usb_hid.o
 .debug_frame   0x00004c50       0x2c c:/toolchains/vsarm/armcc/bin/../lib/gcc/arm-none-eabi/8.3.1/../../../../arm-none-eabi/lib/thumb/v7-m/nofp\libc_nano.a(lib_a-init.o)
 .debug_frame   0x00004c7c       0x30 c:/toolchains/vsarm/armcc/bin/../lib/gcc/arm-none-eabi/8.3.1/../../../../arm-none-eabi/lib/thumb/v7-m/nofp\libc_nano.a(lib_a-malloc.o)
 .debug_frame   0x00004cac       0x30 c:/toolchains/vsarm/armcc/bin/../lib/gcc/arm-none-eabi/8.3.1/../../../../arm-none-eabi/lib/thumb/v7-m/nofp\libc_nano.a(lib_a-nano-mallocr.o)
 .debug_frame   0x00004cdc       0x2c c:/toolchains/vsarm/armcc/bin/../lib/gcc/arm-none-eabi/8.3.1/../../../../arm-none-eabi/lib/thumb/v7-m/nofp\libc_nano.a(lib_a-sbrkr.o)
 .debug_frame   0x00004d08       0x30 c:/toolchains/vsarm/armcc/bin/../lib/gcc/arm-none-eabi/8.3.1/../../../../arm-none-eabi/lib/thumb/v7-m/nofp\libc_nano.a(lib_a-mlock.o)
 .debug_frame   0x00004d38       0x5c c:/toolchains/vsarm/armcc/bin/../lib/gcc/arm-none-eabi/8.3.1/../../../../arm-none-eabi/lib/thumb/v7-m/nofp\libc_nano.a(lib_a-reent.o)
 .debug_frame   0x00004d94       0xb0 c:/toolchains/vsarm/armcc/bin/../lib/gcc/arm-none-eabi/8.3.1/../../../../arm-none-eabi/lib/thumb/v7-m/nofp\libc_nano.a(lib_a-lock.o)
 .debug_frame   0x00004e44       0x20 c:/toolchains/vsarm/armcc/bin/../lib/gcc/arm-none-eabi/8.3.1/../../../../arm-none-eabi/lib/thumb/v7-m/nofp\libnosys.a(sbrk.o)

Cross Reference Table

Symbol                                            File
ADC1_2_IRQHandler                                 build/startup_stm32f103x6.o
AHBPrescTable                                     build/system_stm32f1xx.o
                                                  build/stm32f1xx_hal_rcc.o
APBPrescTable                                     build/system_stm32f1xx.o
                                                  build/stm32f1xx_hal_rcc.o
BusFault_Handler                                  build/stm32f1xx_it.o
CAN1_RX1_IRQHandler                               build/startup_stm32f103x6.o
CAN1_SCE_IRQHandler                               build/startup_stm32f103x6.o
DMA1_Channel1_IRQHandler                          build/startup_stm32f103x6.o
DMA1_Channel2_IRQHandler                          build/startup_stm32f103x6.o
DMA1_Channel3_IRQHandler                          build/startup_stm32f103x6.o
DMA1_Channel4_IRQHandler                          build/startup_stm32f103x6.o
DMA1_Channel5_IRQHandler                          build/startup_stm32f103x6.o
DMA1_Channel6_IRQHandler                          build/startup_stm32f103x6.o
DMA1_Channel7_IRQHandler                          build/startup_stm32f103x6.o
DebugMon_Handler                                  build/stm32f1xx_it.o
Default_Handler                                   build/startup_stm32f103x6.o
EXTI0_IRQHandler                                  build/startup_stm32f103x6.o
EXTI15_10_IRQHandler                              build/startup_stm32f103x6.o
EXTI1_IRQHandler                                  build/startup_stm32f103x6.o
EXTI2_IRQHandler                                  build/startup_stm32f103x6.o
EXTI3_IRQHandler                                  build/startup_stm32f103x6.o
EXTI4_IRQHandler                                  build/startup_stm32f103x6.o
EXTI9_5_IRQHandler                                build/startup_stm32f103x6.o
Error_Handler                                     build/main.o
                                                  build/usbd_conf.o
                                                  build/usb_device.o
FLASH_IRQHandler                                  build/startup_stm32f103x6.o
FLASH_PageErase                                   build/stm32f1xx_hal_flash_ex.o
                                                  build/stm32f1xx_hal_flash.o
FLASH_WaitForLastOperation                        build/stm32f1xx_hal_flash.o
                                                  build/stm32f1xx_hal_flash_ex.o
FS_Desc                                           build/usbd_desc.o
                                                  build/usb_device.o
HAL_DBGMCU_DisableDBGSleepMode                    build/stm32f1xx_hal.o
HAL_DBGMCU_DisableDBGStandbyMode                  build/stm32f1xx_hal.o
HAL_DBGMCU_DisableDBGStopMode                     build/stm32f1xx_hal.o
HAL_DBGMCU_EnableDBGSleepMode                     build/stm32f1xx_hal.o
HAL_DBGMCU_EnableDBGStandbyMode                   build/stm32f1xx_hal.o
HAL_DBGMCU_EnableDBGStopMode                      build/stm32f1xx_hal.o
HAL_DMA_Abort                                     build/stm32f1xx_hal_dma.o
                                                  build/stm32f1xx_hal_uart.o
HAL_DMA_Abort_IT                                  build/stm32f1xx_hal_dma.o
                                                  build/stm32f1xx_hal_uart.o
                                                  build/stm32f1xx_hal_tim_ex.o
                                                  build/stm32f1xx_hal_tim.o
                                                  build/stm32f1xx_hal_i2c.o
HAL_DMA_DeInit                                    build/stm32f1xx_hal_dma.o
HAL_DMA_GetError                                  build/stm32f1xx_hal_dma.o
                                                  build/stm32f1xx_hal_uart.o
HAL_DMA_GetState                                  build/stm32f1xx_hal_dma.o
                                                  build/stm32f1xx_hal_i2c.o
HAL_DMA_IRQHandler                                build/stm32f1xx_hal_dma.o
HAL_DMA_Init                                      build/stm32f1xx_hal_dma.o
HAL_DMA_PollForTransfer                           build/stm32f1xx_hal_dma.o
HAL_DMA_RegisterCallback                          build/stm32f1xx_hal_dma.o
HAL_DMA_Start                                     build/stm32f1xx_hal_dma.o
HAL_DMA_Start_IT                                  build/stm32f1xx_hal_dma.o
                                                  build/stm32f1xx_hal_uart.o
                                                  build/stm32f1xx_hal_tim_ex.o
                                                  build/stm32f1xx_hal_tim.o
                                                  build/stm32f1xx_hal_i2c.o
HAL_DMA_UnRegisterCallback                        build/stm32f1xx_hal_dma.o
HAL_DeInit                                        build/stm32f1xx_hal.o
HAL_Delay                                         build/stm32f1xx_hal.o
                                                  build/usbd_conf.o
HAL_EXTI_ClearConfigLine                          build/stm32f1xx_hal_exti.o
HAL_EXTI_ClearPending                             build/stm32f1xx_hal_exti.o
HAL_EXTI_GenerateSWI                              build/stm32f1xx_hal_exti.o
HAL_EXTI_GetConfigLine                            build/stm32f1xx_hal_exti.o
HAL_EXTI_GetHandle                                build/stm32f1xx_hal_exti.o
HAL_EXTI_GetPending                               build/stm32f1xx_hal_exti.o
HAL_EXTI_IRQHandler                               build/stm32f1xx_hal_exti.o
HAL_EXTI_RegisterCallback                         build/stm32f1xx_hal_exti.o
HAL_EXTI_SetConfigLine                            build/stm32f1xx_hal_exti.o
HAL_FLASHEx_Erase                                 build/stm32f1xx_hal_flash_ex.o
HAL_FLASHEx_Erase_IT                              build/stm32f1xx_hal_flash_ex.o
HAL_FLASHEx_OBErase                               build/stm32f1xx_hal_flash_ex.o
HAL_FLASHEx_OBGetConfig                           build/stm32f1xx_hal_flash_ex.o
HAL_FLASHEx_OBGetUserData                         build/stm32f1xx_hal_flash_ex.o
HAL_FLASHEx_OBProgram                             build/stm32f1xx_hal_flash_ex.o
HAL_FLASH_EndOfOperationCallback                  build/stm32f1xx_hal_flash.o
HAL_FLASH_GetError                                build/stm32f1xx_hal_flash.o
HAL_FLASH_IRQHandler                              build/stm32f1xx_hal_flash.o
HAL_FLASH_Lock                                    build/stm32f1xx_hal_flash.o
HAL_FLASH_OB_Launch                               build/stm32f1xx_hal_flash.o
HAL_FLASH_OB_Lock                                 build/stm32f1xx_hal_flash.o
HAL_FLASH_OB_Unlock                               build/stm32f1xx_hal_flash.o
HAL_FLASH_OperationErrorCallback                  build/stm32f1xx_hal_flash.o
HAL_FLASH_Program                                 build/stm32f1xx_hal_flash.o
HAL_FLASH_Program_IT                              build/stm32f1xx_hal_flash.o
HAL_FLASH_Unlock                                  build/stm32f1xx_hal_flash.o
HAL_GPIOEx_ConfigEventout                         build/stm32f1xx_hal_gpio_ex.o
HAL_GPIOEx_DisableEventout                        build/stm32f1xx_hal_gpio_ex.o
HAL_GPIOEx_EnableEventout                         build/stm32f1xx_hal_gpio_ex.o
HAL_GPIO_DeInit                                   build/stm32f1xx_hal_gpio.o
                                                  build/stm32f1xx_hal_msp.o
HAL_GPIO_EXTI_Callback                            build/stm32f1xx_hal_gpio.o
HAL_GPIO_EXTI_IRQHandler                          build/stm32f1xx_hal_gpio.o
HAL_GPIO_Init                                     build/stm32f1xx_hal_gpio.o
                                                  build/stm32f1xx_hal_rcc.o
                                                  build/stm32f1xx_hal_msp.o
                                                  build/main.o
HAL_GPIO_LockPin                                  build/stm32f1xx_hal_gpio.o
HAL_GPIO_ReadPin                                  build/stm32f1xx_hal_gpio.o
                                                  build/infinikeys_hal_stm32cube.o
HAL_GPIO_TogglePin                                build/stm32f1xx_hal_gpio.o
HAL_GPIO_WritePin                                 build/stm32f1xx_hal_gpio.o
                                                  build/infinikeys_hal_stm32cube.o
                                                  build/is31fl3236_driver.o
                                                  build/main.o
HAL_GetDEVID                                      build/stm32f1xx_hal.o
HAL_GetHalVersion                                 build/stm32f1xx_hal.o
HAL_GetREVID                                      build/stm32f1xx_hal.o
HAL_GetTick                                       build/stm32f1xx_hal.o
                                                  build/stm32f1xx_hal_flash.o
                                                  build/stm32f1xx_hal_dma.o
                                                  build/stm32f1xx_hal_rcc_ex.o
                                                  build/stm32f1xx_hal_rcc.o
                                                  build/stm32f1xx_hal_uart.o
                                                  build/stm32f1xx_hal_i2c.o
HAL_GetTickFreq                                   build/stm32f1xx_hal.o
HAL_GetTickPrio                                   build/stm32f1xx_hal.o
HAL_GetUIDw0                                      build/stm32f1xx_hal.o
HAL_GetUIDw1                                      build/stm32f1xx_hal.o
HAL_GetUIDw2                                      build/stm32f1xx_hal.o
HAL_HalfDuplex_EnableReceiver                     build/stm32f1xx_hal_uart.o
HAL_HalfDuplex_EnableTransmitter                  build/stm32f1xx_hal_uart.o
HAL_HalfDuplex_Init                               build/stm32f1xx_hal_uart.o
HAL_I2C_AbortCpltCallback                         build/stm32f1xx_hal_i2c.o
HAL_I2C_AddrCallback                              build/stm32f1xx_hal_i2c.o
HAL_I2C_DeInit                                    build/stm32f1xx_hal_i2c.o
HAL_I2C_DisableListen_IT                          build/stm32f1xx_hal_i2c.o
HAL_I2C_ER_IRQHandler                             build/stm32f1xx_hal_i2c.o
HAL_I2C_EV_IRQHandler                             build/stm32f1xx_hal_i2c.o
HAL_I2C_EnableListen_IT                           build/stm32f1xx_hal_i2c.o
HAL_I2C_ErrorCallback                             build/stm32f1xx_hal_i2c.o
HAL_I2C_GetError                                  build/stm32f1xx_hal_i2c.o
HAL_I2C_GetMode                                   build/stm32f1xx_hal_i2c.o
HAL_I2C_GetState                                  build/stm32f1xx_hal_i2c.o
HAL_I2C_Init                                      build/stm32f1xx_hal_i2c.o
                                                  build/main.o
HAL_I2C_IsDeviceReady                             build/stm32f1xx_hal_i2c.o
HAL_I2C_ListenCpltCallback                        build/stm32f1xx_hal_i2c.o
HAL_I2C_MasterRxCpltCallback                      build/stm32f1xx_hal_i2c.o
HAL_I2C_MasterTxCpltCallback                      build/stm32f1xx_hal_i2c.o
HAL_I2C_Master_Abort_IT                           build/stm32f1xx_hal_i2c.o
HAL_I2C_Master_Receive                            build/stm32f1xx_hal_i2c.o